[ 12%] Built target esp_control
[ 25%] Built target squwad_esp
[ 37%] Built target pub_test
[ 50%] Built target pub_control
[ 62%] Built target zero_pub
[ 68%] [32mBuilding CXX object CMakeFiles/omuni_dir_walk.dir/src/motion/omuni_dir_walk.cpp.o[0m
[ 93%] Built target walk_test
In file included from [01m[K/home/hibiki/Robomech_HR/Eglantyne/simulation/src/simple_sim/src/motion/omuni_dir_walk.cpp:1[m[K:
[01m[K/home/hibiki/Robomech_HR/Eglantyne/simulation/src/simple_sim/src/motion/omuni_dir_walk.hpp:[m[K In constructor ‘[01m[KOmuniDirWalk::OmuniDirWalk()[m[K’:
[01m[K/home/hibiki/Robomech_HR/Eglantyne/simulation/src/simple_sim/src/motion/omuni_dir_walk.hpp:60:9:[m[K [01;31m[Kerror: [m[K‘[01m[Ksub_joy_[m[K’ was not declared in this scope
   60 |         [01;31m[Ksub_joy_[m[K = this->create_subscription<std::msgs::msg::Int32>(
      |         [01;31m[K^~~~~~~~[m[K
[01m[K/home/hibiki/Robomech_HR/Eglantyne/simulation/src/simple_sim/src/motion/omuni_dir_walk.hpp:60:51:[m[K [01;31m[Kerror: [m[K‘[01m[Kmsgs[m[K’ is not a member of ‘[01m[Kstd[m[K’
   60 |         sub_joy_ = this->create_subscription<std::[01;31m[Kmsgs[m[K::msg::Int32>(
      |                                                   [01;31m[K^~~~[m[K
[01m[K/home/hibiki/Robomech_HR/Eglantyne/simulation/src/simple_sim/src/motion/omuni_dir_walk.hpp:60:26:[m[K [01;31m[Kerror: [m[Kparse error in template argument list
   60 |         sub_joy_ = this->[01;31m[Kcreate_subscription<std::msgs::msg::Int32>[m[K(
      |                          [01;31m[K^~~~~~~~~~~~~~~~~~~~~~~~~~~~~~~~~~~~~~~~~~[m[K
In file included from [01m[K/home/hibiki/Robomech_HR/Eglantyne/simulation/src/simple_sim/src/motion/omuni_dir_walk.hpp:2[m[K,
                 from [01m[K/home/hibiki/Robomech_HR/Eglantyne/simulation/src/simple_sim/src/motion/omuni_dir_walk.cpp:1[m[K:
/usr/include/c++/11/functional: In instantiation of ‘[01m[Kstruct std::_Bind_check_arity<void (OmuniDirWalk::*)(), OmuniDirWalk*, const std::_Placeholder<1>&>[m[K’:
[01m[K/usr/include/c++/11/functional:768:12:[m[K   required from ‘[01m[Kstruct std::_Bind_helper<false, void (OmuniDirWalk::*)(), OmuniDirWalk*, const std::_Placeholder<1>&>[m[K’
[01m[K/usr/include/c++/11/functional:789:5:[m[K   required by substitution of ‘[01m[Ktemplate<class _Func, class ... _BoundArgs> typename std::_Bind_helper<std::__is_socketlike<_Func>::value, _Func, _BoundArgs ...>::type std::bind(_Func&&, _BoundArgs&& ...) [with _Func = void (OmuniDirWalk::*)(); _BoundArgs = {OmuniDirWalk*, const std::_Placeholder<1>&}][m[K’
[01m[K/home/hibiki/Robomech_HR/Eglantyne/simulation/src/simple_sim/src/motion/omuni_dir_walk.hpp:61:34:[m[K   required from here
[01m[K/usr/include/c++/11/functional:756:21:[m[K [01;31m[Kerror: [m[Kstatic assertion failed: Wrong number of arguments for pointer-to-member
  755 |       static_assert(_Varargs::[01;31m[Kvalue[m[K
      |                               [01;31m[K~~~~~[m[K
  756 | [01;31m[K                    ? sizeof...(_BoundArgs) >= _Arity::value + 1[m[K
      |                     [01;31m[K^~~~~~~~~~~~~~~~~~~~~~~~~~~~~~~~~~~~~~~~~~~~[m[K
  757 | [01;31m[K                    : sizeof...(_BoundArgs) == _Arity::value + 1[m[K,
      |                     [01;31m[K~~~~~~~~~~~~~~~~~~~~~~~~~~~~~~~~~~~~~~~~~~~~[m[K
[01m[K/usr/include/c++/11/functional:756:21:[m[K [01;36m[Knote: [m[K‘[01m[K(false ? (2 >= (((long unsigned int)std::integral_constant<long unsigned int, 0>::value) + 1)) : (2 == (((long unsigned int)std::integral_constant<long unsigned int, 0>::value) + 1)))[m[K’ evaluates to false
In file included from [01m[K/home/hibiki/Robomech_HR/Eglantyne/simulation/src/simple_sim/src/motion/omuni_dir_walk.cpp:1[m[K:
[01m[K/home/hibiki/Robomech_HR/Eglantyne/simulation/src/simple_sim/src/motion/omuni_dir_walk.hpp:60:68:[m[K [01;31m[Kerror: [m[Kno matching function for call to ‘[01m[KOmuniDirWalk::create_subscription<<expression error> >(const char [5], int, std::_Bind_helper<false, void (OmuniDirWalk::*)(), OmuniDirWalk*, const std::_Placeholder<1>&>::type)[m[K’
   60 |         sub_joy_ = [01;31m[Kthis->create_subscription<std::msgs::msg::Int32>([m[K
      |                    [01;31m[K~~~~~~~~~~~~~~~~~~~~~~~~~~~~~~~~~~~~~~~~~~~~~~~~^[m[K
   61 | [01;31m[K            "/joy", 10, std::bind(&OmuniDirWalk::update_joy_order, this, _1))[m[K;
      |             [01;31m[K~~~~~~~~~~~~~~~~~~~~~~~~~~~~~~~~~~~~~~~~~~~~~~~~~~~~~~~~~~~~~~~~~[m[K
In file included from [01m[K/opt/ros/humble/include/rclcpp/rclcpp/node.hpp:1321[m[K,
                 from [01m[K/opt/ros/humble/include/rclcpp/rclcpp/executors/single_threaded_executor.hpp:28[m[K,
                 from [01m[K/opt/ros/humble/include/rclcpp/rclcpp/executors.hpp:22[m[K,
                 from [01m[K/opt/ros/humble/include/rclcpp/rclcpp/rclcpp.hpp:155[m[K,
                 from [01m[K/home/hibiki/Robomech_HR/Eglantyne/simulation/src/simple_sim/src/motion/omuni_dir_walk.hpp:9[m[K,
                 from [01m[K/home/hibiki/Robomech_HR/Eglantyne/simulation/src/simple_sim/src/motion/omuni_dir_walk.cpp:1[m[K:
[01m[K/opt/ros/humble/include/rclcpp/rclcpp/node_impl.hpp:92:1:[m[K [01;36m[Knote: [m[Kcandidate: ‘[01m[Ktemplate<class MessageT, class CallbackT, class AllocatorT, class SubscriptionT, class MessageMemoryStrategyT> std::shared_ptr<ROSMessageT> rclcpp::Node::create_subscription(const string&, const rclcpp::QoS&, CallbackT&&, const rclcpp::SubscriptionOptionsWithAllocator<AllocatorT>&, typename MessageMemoryStrategyT::SharedPtr)[m[K’
   92 | [01;36m[KNode[m[K::create_subscription(
      | [01;36m[K^~~~[m[K
[01m[K/opt/ros/humble/include/rclcpp/rclcpp/node_impl.hpp:92:1:[m[K [01;36m[Knote: [m[K  template argument deduction/substitution failed:
In file included from [01m[K/home/hibiki/Robomech_HR/Eglantyne/simulation/src/simple_sim/src/motion/omuni_dir_walk.cpp:1[m[K:
[01m[K/home/hibiki/Robomech_HR/Eglantyne/simulation/src/simple_sim/src/motion/omuni_dir_walk.hpp:60:68:[m[K [01;31m[Kerror: [m[Ktemplate argument 1 is invalid
   60 |         sub_joy_ = [01;31m[Kthis->create_subscription<std::msgs::msg::Int32>([m[K
      |                    [01;31m[K~~~~~~~~~~~~~~~~~~~~~~~~~~~~~~~~~~~~~~~~~~~~~~~~^[m[K
   61 | [01;31m[K            "/joy", 10, std::bind(&OmuniDirWalk::update_joy_order, this, _1))[m[K;
      |             [01;31m[K~~~~~~~~~~~~~~~~~~~~~~~~~~~~~~~~~~~~~~~~~~~~~~~~~~~~~~~~~~~~~~~~~[m[K
[01m[K/home/hibiki/Robomech_HR/Eglantyne/simulation/src/simple_sim/src/motion/omuni_dir_walk.cpp:[m[K At global scope:
[01m[K/home/hibiki/Robomech_HR/Eglantyne/simulation/src/simple_sim/src/motion/omuni_dir_walk.cpp:6:6:[m[K [01;31m[Kerror: [m[Kno declaration matches ‘[01m[Kvoid OmuniDirWalk::update_joy_order(sensor_msgs::msg::Joy)[m[K’
    6 | void [01;31m[KOmuniDirWalk[m[K::update_joy_order(const sensor_msgs::msg::Joy msg){
      |      [01;31m[K^~~~~~~~~~~~[m[K
In file included from [01m[K/home/hibiki/Robomech_HR/Eglantyne/simulation/src/simple_sim/src/motion/omuni_dir_walk.cpp:1[m[K:
[01m[K/home/hibiki/Robomech_HR/Eglantyne/simulation/src/simple_sim/src/motion/omuni_dir_walk.hpp:66:10:[m[K [01;36m[Knote: [m[Kcandidate is: ‘[01m[Kvoid OmuniDirWalk::update_joy_order()[m[K’
   66 |     void [01;36m[Kupdate_joy_order[m[K();
      |          [01;36m[K^~~~~~~~~~~~~~~~[m[K
[01m[K/home/hibiki/Robomech_HR/Eglantyne/simulation/src/simple_sim/src/motion/omuni_dir_walk.hpp:49:7:[m[K [01;36m[Knote: [m[K‘[01m[Kclass OmuniDirWalk[m[K’ defined here
   49 | class [01;36m[KOmuniDirWalk[m[K : public rclcpp::Node
      |       [01;36m[K^~~~~~~~~~~~[m[K
gmake[2]: *** [CMakeFiles/omuni_dir_walk.dir/build.make:76: CMakeFiles/omuni_dir_walk.dir/src/motion/omuni_dir_walk.cpp.o] Error 1
gmake[1]: *** [CMakeFiles/Makefile2:201: CMakeFiles/omuni_dir_walk.dir/all] Error 2
gmake: *** [Makefile:146: all] Error 2
