In file included from [01m[K/home/hibiki/Robomech_HR/Eglantyne/simulation/src/simple_sim/src/test/walk_test.cpp:1[m[K:
[01m[K/home/hibiki/Robomech_HR/Eglantyne/simulation/src/simple_sim/src/test/walk_test.hpp:60:11:[m[K [01;31m[Kerror: [m[Kexpected nested-name-specifier before ‘[01m[Knamespace[m[K’
   60 |     using [01;31m[Knamespace[m[K Eigen;
      |           [01;31m[K^~~~~~~~~[m[K
[01m[K/home/hibiki/Robomech_HR/Eglantyne/simulation/src/simple_sim/src/test/walk_test.hpp:63:14:[m[K [01;31m[Kerror: [m[Kexpected ‘[01m[K;[m[K’ at end of member declaration
   63 |     Vector2d [01;31m[Km2_step[m[K << 0, 60; // foot pos at n-2 step (origin: n-1 step)
      |              [01;31m[K^~~~~~~[m[K
      |                     [32m[K;[m[K
[01m[K/home/hibiki/Robomech_HR/Eglantyne/simulation/src/simple_sim/src/test/walk_test.hpp:63:22:[m[K [01;31m[Kerror: [m[Kexpected unqualified-id before ‘[01m[K<<[m[K’ token
   63 |     Vector2d m2_step [01;31m[K<<[m[K 0, 60; // foot pos at n-2 step (origin: n-1 step)
      |                      [01;31m[K^~[m[K
[01m[K/home/hibiki/Robomech_HR/Eglantyne/simulation/src/simple_sim/src/test/walk_test.hpp:64:14:[m[K [01;31m[Kerror: [m[Kexpected ‘[01m[K;[m[K’ at end of member declaration
   64 |     Vector2d [01;31m[Kaim_step[m[K << 0, -60; // foot pos aim of on going walk (n step. origin: n-1 step)
      |              [01;31m[K^~~~~~~~[m[K
      |                      [32m[K;[m[K
[01m[K/home/hibiki/Robomech_HR/Eglantyne/simulation/src/simple_sim/src/test/walk_test.hpp:64:23:[m[K [01;31m[Kerror: [m[Kexpected unqualified-id before ‘[01m[K<<[m[K’ token
   64 |     Vector2d aim_step [01;31m[K<<[m[K 0, -60; // foot pos aim of on going walk (n step. origin: n-1 step)
      |                       [01;31m[K^~[m[K
[01m[K/home/hibiki/Robomech_HR/Eglantyne/simulation/src/simple_sim/src/test/walk_test.cpp:[m[K In member function ‘[01m[Kstd::vector<double, std::allocator<double> > WalkTest::calc_foot_pos()[m[K’:
[01m[K/home/hibiki/Robomech_HR/Eglantyne/simulation/src/simple_sim/src/test/walk_test.cpp:6:21:[m[K [01;31m[Kerror: [m[Kcannot convert ‘[01m[Kconst Eigen::CwiseBinaryOp<Eigen::internal::scalar_product_op<double, double>, const Eigen::CwiseNullaryOp<Eigen::internal::scalar_constant_op<double>, const Eigen::Matrix<double, 2, 1> >, const Eigen::Matrix<double, 2, 1> >[m[K’ to ‘[01m[KEigen::DenseCoeffsBase<Eigen::Matrix<double, 2, 1>, 1>::Scalar[m[K’ {aka ‘[01m[Kdouble[m[K’} in assignment
    6 |     m2_step[0] = [01;31m[K-1 * aim_step[m[K;
      |                  [01;31m[K~~~^~~~~~~~~~[m[K
      |                     [01;31m[K|[m[K
      |                     [01;31m[Kconst Eigen::CwiseBinaryOp<Eigen::internal::scalar_product_op<double, double>, const Eigen::CwiseNullaryOp<Eigen::internal::scalar_constant_op<double>, const Eigen::Matrix<double, 2, 1> >, const Eigen::Matrix<double, 2, 1> >[m[K
[01m[K/home/hibiki/Robomech_HR/Eglantyne/simulation/src/simple_sim/src/test/walk_test.cpp:8:18:[m[K [01;31m[Kerror: [m[Kexpected initializer before ‘[01m[K<<[m[K’ token
    8 |     Vector2d ofs [01;31m[K<<[m[K SX,
      |                  [01;31m[K^~[m[K
[01m[K/home/hibiki/Robomech_HR/Eglantyne/simulation/src/simple_sim/src/test/walk_test.cpp:10:16:[m[K [01;31m[Kerror: [m[K‘[01m[Kofs[m[K’ was not declared in this scope; did you mean ‘[01m[Kffs[m[K’?
   10 |     p1_step += [01;31m[Kofs[m[K;
      |                [01;31m[K^~~[m[K
      |                [32m[Kffs[m[K
[01m[K/home/hibiki/Robomech_HR/Eglantyne/simulation/src/simple_sim/src/test/walk_test.cpp:11:5:[m[K [01;31m[Kerror: [m[K‘[01m[Kdir[m[K’ was not declared in this scope; did you mean ‘[01m[Kdiv[m[K’?
   11 |     [01;31m[Kdir[m[K *= -1;
      |     [01;31m[K^~~[m[K
      |     [32m[Kdiv[m[K
[01m[K/home/hibiki/Robomech_HR/Eglantyne/simulation/src/simple_sim/src/test/walk_test.cpp:13:1:[m[K [01;35m[Kwarning: [m[Kno return statement in function returning non-void [[01;35m[K]8;;https://gcc.gnu.org/onlinedocs/gcc/Warning-Options.html#index-Wreturn-type-Wreturn-type]8;;[m[K]
   13 | [01;35m[K}[m[K
      | [01;35m[K^[m[K
[01m[K/home/hibiki/Robomech_HR/Eglantyne/simulation/src/simple_sim/src/test/walk_test.cpp:[m[K In function ‘[01m[Kstd::vector<std::vector<double, std::allocator<double> > > WalkTest()[m[K’:
[01m[K/home/hibiki/Robomech_HR/Eglantyne/simulation/src/simple_sim/src/test/walk_test.cpp:17:2:[m[K [01;35m[Kwarning: [m[Kno return statement in function returning non-void [[01;35m[K]8;;https://gcc.gnu.org/onlinedocs/gcc/Warning-Options.html#index-Wreturn-type-Wreturn-type]8;;[m[K]
   17 | {[01;35m[K}[m[K
      |  [01;35m[K^[m[K
[01m[K/home/hibiki/Robomech_HR/Eglantyne/simulation/src/simple_sim/src/test/walk_test.cpp:[m[K In function ‘[01m[Kint main(int, char**)[m[K’:
[01m[K/home/hibiki/Robomech_HR/Eglantyne/simulation/src/simple_sim/src/test/walk_test.cpp:24:44:[m[K [01;31m[Kerror: [m[Kno matching function for call to ‘[01m[Kmake_shared<WalkTest>()[m[K’
   24 |     rclcpp::spin([01;31m[Kstd::make_shared<WalkTest>()[m[K);
      |                  [01;31m[K~~~~~~~~~~~~~~~~~~~~~~~~~~^~[m[K
In file included from [01m[K/usr/include/c++/11/memory:77[m[K,
                 from [01m[K/home/hibiki/Robomech_HR/Eglantyne/simulation/src/simple_sim/src/test/walk_test.hpp:3[m[K,
                 from [01m[K/home/hibiki/Robomech_HR/Eglantyne/simulation/src/simple_sim/src/test/walk_test.cpp:1[m[K:
[01m[K/usr/include/c++/11/bits/shared_ptr.h:875:5:[m[K [01;36m[Knote: [m[Kcandidate: ‘[01m[Ktemplate<class _Tp, class ... _Args> std::shared_ptr<_Tp> std::make_shared(_Args&& ...)[m[K’
  875 |     [01;36m[Kmake_shared[m[K(_Args&&... __args)
      |     [01;36m[K^~~~~~~~~~~[m[K
[01m[K/usr/include/c++/11/bits/shared_ptr.h:875:5:[m[K [01;36m[Knote: [m[K  template argument deduction/substitution failed:
[01m[K/home/hibiki/Robomech_HR/Eglantyne/simulation/src/simple_sim/src/test/walk_test.cpp:24:44:[m[K [01;31m[Kerror: [m[Ktype/value mismatch at argument 1 in template parameter list for ‘[01m[Ktemplate<class _Tp, class ... _Args> std::shared_ptr<_Tp> std::make_shared(_Args&& ...)[m[K’
   24 |     rclcpp::spin([01;31m[Kstd::make_shared<WalkTest>()[m[K);
      |                  [01;31m[K~~~~~~~~~~~~~~~~~~~~~~~~~~^~[m[K
[01m[K/home/hibiki/Robomech_HR/Eglantyne/simulation/src/simple_sim/src/test/walk_test.cpp:24:44:[m[K [01;36m[Knote: [m[K  expected a type, got ‘[01m[KWalkTest[m[K’
gmake[2]: *** [CMakeFiles/walk_test.dir/build.make:76: CMakeFiles/walk_test.dir/src/test/walk_test.cpp.o] Error 1
gmake[1]: *** [CMakeFiles/Makefile2:221: CMakeFiles/walk_test.dir/all] Error 2
gmake: *** [Makefile:146: all] Error 2
