[0.009s] Invoking command in '/home/hibiki/Robomech_HR/Eglantyne/simulation/build/simple_sim': CMAKE_PREFIX_PATH=/home/hibiki/Robomech_HR/Eglantyne/simulation/install/simple_sim:/home/hibiki/Robomech_HR/Eglantyne/simulation/install/ros2_control_demos:/home/hibiki/Robomech_HR/Eglantyne/simulation/install/ros2_control_demo_example_9:/home/hibiki/Robomech_HR/Eglantyne/simulation/install/ros2_control_demo_example_8:/home/hibiki/Robomech_HR/Eglantyne/simulation/install/ros2_control_demo_example_7:/home/hibiki/Robomech_HR/Eglantyne/simulation/install/ros2_control_demo_example_6:/home/hibiki/Robomech_HR/Eglantyne/simulation/install/ros2_control_demo_example_15:/home/hibiki/Robomech_HR/Eglantyne/simulation/install/ros2_control_demo_example_5:/home/hibiki/Robomech_HR/Eglantyne/simulation/install/ros2_control_demo_example_4:/home/hibiki/Robomech_HR/Eglantyne/simulation/install/ros2_control_demo_example_3:/home/hibiki/Robomech_HR/Eglantyne/simulation/install/ros2_control_demo_example_2:/home/hibiki/Robomech_HR/Eglantyne/simulation/install/ros2_control_demo_example_14:/home/hibiki/Robomech_HR/Eglantyne/simulation/install/ros2_control_demo_example_12:/home/hibiki/Robomech_HR/Eglantyne/simulation/install/ros2_control_demo_example_11:/home/hibiki/Robomech_HR/Eglantyne/simulation/install/ros2_control_demo_example_10:/home/hibiki/Robomech_HR/Eglantyne/simulation/install/ros2_control_demo_example_1:/home/hibiki/Robomech_HR/Eglantyne/simulation/install/ros2_control_demo_description:/home/hibiki/Robomech_HR/Eglantyne/simulation/install/gazebo_ros2_control_demos:/home/hibiki/Robomech_HR/Eglantyne/simulation/install/champ_teleop:/home/hibiki/Robomech_HR/Eglantyne/simulation/install/champ_navigation:/home/hibiki/Robomech_HR/Eglantyne/simulation/install/champ_gazebo:/home/hibiki/Robomech_HR/Eglantyne/simulation/install/champ_bringup:/home/hibiki/Robomech_HR/Eglantyne/simulation/install/champ_base:/home/hibiki/Robomech_HR/Eglantyne/simulation/install/champ_msgs:/home/hibiki/Robomech_HR/Eglantyne/simulation/install/champ_description:/home/hibiki/Robomech_HR/Eglantyne/simulation/install/champ_config:/home/hibiki/Robomech_HR/Eglantyne/simulation/install/ros2_control_demo_testing:/opt/ros/humble:/home/hibiki/Robomech_HR/Eglantyne/simulation/install/champ /usr/bin/cmake --build /home/hibiki/Robomech_HR/Eglantyne/simulation/build/simple_sim -- -j16 -l16
[0.037s] [ 25%] Built target pub_control
[0.038s] [ 50%] Built target pub_test
[0.038s] [ 75%] Built target zero_pub
[0.044s] [ 87%] [32mBuilding CXX object CMakeFiles/walk_test.dir/src/test/walk_test.cpp.o[0m
[1.589s] [01m[K/home/hibiki/Robomech_HR/Eglantyne/simulation/src/simple_sim/src/test/walk_test.cpp:5:12:[m[K [01;31m[Kerror: [m[K‘[01m[Kstd::numbers[m[K’ has not been declared
[1.589s]     5 | using std::[01;31m[Knumbers[m[K::pi;
[1.589s]       |            [01;31m[K^~~~~~~[m[K
[1.621s] [01m[K/home/hibiki/Robomech_HR/Eglantyne/simulation/src/simple_sim/src/test/walk_test.cpp:[m[K In member function ‘[01m[Kvoid WalkTest::calc_swing_foot_traj()[m[K’:
[1.621s] [01m[K/home/hibiki/Robomech_HR/Eglantyne/simulation/src/simple_sim/src/test/walk_test.cpp:67:24:[m[K [01;31m[Kerror: [m[K‘[01m[Kpi[m[K’ was not declared in this scope
[1.621s]    67 |         double theta = [01;31m[Kpi[m[K * t/Tsup;
[1.622s]       |                        [01;31m[K^~[m[K
[1.625s] [01m[K/home/hibiki/Robomech_HR/Eglantyne/simulation/src/simple_sim/src/test/walk_test.cpp:68:48:[m[K [01;31m[Kerror: [m[K‘[01m[Kp2_step[m[K’ was not declared in this scope; did you mean ‘[01m[Km2_step[m[K’?
[1.625s]    68 |         trajx = lx/2 * (1-cos(theta)) + lx/2 + [01;31m[Kp2_step[m[K(0);
[1.625s]       |                                                [01;31m[K^~~~~~~[m[K
[1.625s]       |                                                [32m[Km2_step[m[K
[1.628s] [01m[K/home/hibiki/Robomech_HR/Eglantyne/simulation/src/simple_sim/src/test/walk_test.cpp:[m[K In member function ‘[01m[Kvoid WalkTest::integrate_traj()[m[K’:
[1.629s] [01m[K/home/hibiki/Robomech_HR/Eglantyne/simulation/src/simple_sim/src/test/walk_test.cpp:77:5:[m[K [01;31m[Kerror: [m[K‘[01m[KVector3e[m[K’ was not declared in this scope; did you mean ‘[01m[KVector3d[m[K’?
[1.629s]    77 |     [01;31m[KVector3e[m[K body_to_fixed_foot_point;
[1.629s]       |     [01;31m[K^~~~~~~~[m[K
[1.629s]       |     [32m[KVector3d[m[K
[1.634s] [01m[K/home/hibiki/Robomech_HR/Eglantyne/simulation/src/simple_sim/src/test/walk_test.cpp:80:9:[m[K [01;31m[Kerror: [m[K‘[01m[Kbody_to_fixed_foot_point[m[K’ was not declared in this scope; did you mean ‘[01m[Kbody_to_fixed_foot_traj[m[K’?
[1.634s]    80 |         [01;31m[Kbody_to_fixed_foot_point[m[K = -COM_traj.begin();
[1.634s]       |         [01;31m[K^~~~~~~~~~~~~~~~~~~~~~~~[m[K
[1.635s]       |         [32m[Kbody_to_fixed_foot_traj[m[K
[1.635s] [01m[K/home/hibiki/Robomech_HR/Eglantyne/simulation/src/simple_sim/src/test/walk_test.cpp:80:36:[m[K [01;31m[Kerror: [m[Kno match for ‘[01m[Koperator-[m[K’ (operand type is ‘[01m[Kstd::vector<Eigen::Matrix<double, 3, 1> >::iterator[m[K’)
[1.635s]    80 |         body_to_fixed_foot_point = [01;31m[K-COM_traj.begin()[m[K;
[1.635s]       |                                    [01;31m[K^~~~~~~~~~~~~~~~~[m[K
[1.635s] In file included from [01m[K/usr/include/c++/11/bits/stl_algobase.h:67[m[K,
[1.635s]                  from [01m[K/usr/include/c++/11/array:40[m[K,
[1.635s]                  from [01m[K/usr/include/c++/11/tuple:39[m[K,
[1.635s]                  from [01m[K/usr/include/c++/11/functional:54[m[K,
[1.635s]                  from [01m[K/home/hibiki/Robomech_HR/Eglantyne/simulation/src/simple_sim/src/test/walk_test.hpp:2[m[K,
[1.635s]                  from [01m[K/home/hibiki/Robomech_HR/Eglantyne/simulation/src/simple_sim/src/test/walk_test.cpp:1[m[K:
[1.635s] [01m[K/usr/include/c++/11/bits/stl_iterator.h:1100:7:[m[K [01;36m[Knote: [m[Kcandidate: ‘[01m[K__gnu_cxx::__normal_iterator<_Iterator, _Container> __gnu_cxx::__normal_iterator<_Iterator, _Container>::operator-(__gnu_cxx::__normal_iterator<_Iterator, _Container>::difference_type) const [with _Iterator = Eigen::Matrix<double, 3, 1>*; _Container = std::vector<Eigen::Matrix<double, 3, 1> >; __gnu_cxx::__normal_iterator<_Iterator, _Container>::difference_type = long int][m[K’
[1.635s]  1100 |       [01;36m[Koperator[m[K-(difference_type __n) const _GLIBCXX_NOEXCEPT
[1.635s]       |       [01;36m[K^~~~~~~~[m[K
[1.635s] [01m[K/usr/include/c++/11/bits/stl_iterator.h:1100:7:[m[K [01;36m[Knote: [m[K  candidate expects 1 argument, 0 provided
[1.635s] [01m[K/usr/include/c++/11/bits/stl_iterator.h:577:5:[m[K [01;36m[Knote: [m[Kcandidate: ‘[01m[Ktemplate<class _IteratorL, class _IteratorR> constexpr decltype ((__y.base() - __x.base())) std::operator-(const std::reverse_iterator<_Iterator>&, const std::reverse_iterator<_IteratorR>&)[m[K’
[1.635s]   577 |     [01;36m[Koperator[m[K-(const reverse_iterator<_IteratorL>& __x,
[1.635s]       |     [01;36m[K^~~~~~~~[m[K
[1.635s] [01m[K/usr/include/c++/11/bits/stl_iterator.h:577:5:[m[K [01;36m[Knote: [m[K  template argument deduction/substitution failed:
[1.635s] [01m[K/home/hibiki/Robomech_HR/Eglantyne/simulation/src/simple_sim/src/test/walk_test.cpp:80:52:[m[K [01;36m[Knote: [m[K  ‘[01m[Kstd::vector<Eigen::Matrix<double, 3, 1> >::iterator[m[K’ is not derived from ‘[01m[Kconst std::reverse_iterator<_Iterator>[m[K’
[1.635s]    80 |         body_to_fixed_foot_point = -COM_traj.begin([01;36m[K)[m[K;
[1.635s]       |                                                    [01;36m[K^[m[K
[1.635s] In file included from [01m[K/usr/include/c++/11/bits/stl_algobase.h:67[m[K,
[1.636s]                  from [01m[K/usr/include/c++/11/array:40[m[K,
[1.636s]                  from [01m[K/usr/include/c++/11/tuple:39[m[K,
[1.636s]                  from [01m[K/usr/include/c++/11/functional:54[m[K,
[1.636s]                  from [01m[K/home/hibiki/Robomech_HR/Eglantyne/simulation/src/simple_sim/src/test/walk_test.hpp:2[m[K,
[1.636s]                  from [01m[K/home/hibiki/Robomech_HR/Eglantyne/simulation/src/simple_sim/src/test/walk_test.cpp:1[m[K:
[1.636s] [01m[K/usr/include/c++/11/bits/stl_iterator.h:1693:5:[m[K [01;36m[Knote: [m[Kcandidate: ‘[01m[Ktemplate<class _IteratorL, class _IteratorR> constexpr decltype ((__x.base() - __y.base())) std::operator-(const std::move_iterator<_IteratorL>&, const std::move_iterator<_IteratorR>&)[m[K’
[1.636s]  1693 |     [01;36m[Koperator[m[K-(const move_iterator<_IteratorL>& __x,
[1.636s]       |     [01;36m[K^~~~~~~~[m[K
[1.636s] [01m[K/usr/include/c++/11/bits/stl_iterator.h:1693:5:[m[K [01;36m[Knote: [m[K  template argument deduction/substitution failed:
[1.636s] [01m[K/home/hibiki/Robomech_HR/Eglantyne/simulation/src/simple_sim/src/test/walk_test.cpp:80:52:[m[K [01;36m[Knote: [m[K  ‘[01m[Kstd::vector<Eigen::Matrix<double, 3, 1> >::iterator[m[K’ is not derived from ‘[01m[Kconst std::move_iterator<_IteratorL>[m[K’
[1.636s]    80 |         body_to_fixed_foot_point = -COM_traj.begin([01;36m[K)[m[K;
[1.636s]       |                                                    [01;36m[K^[m[K
[1.636s] In file included from [01m[K/usr/include/eigen3/Eigen/Core:50[m[K,
[1.636s]                  from [01m[K/usr/include/eigen3/Eigen/Dense:1[m[K,
[1.636s]                  from [01m[K/home/hibiki/Robomech_HR/Eglantyne/simulation/src/simple_sim/src/test/../module/Link.h:5[m[K,
[1.636s]                  from [01m[K/home/hibiki/Robomech_HR/Eglantyne/simulation/src/simple_sim/src/test/walk_test.hpp:11[m[K,
[1.636s]                  from [01m[K/home/hibiki/Robomech_HR/Eglantyne/simulation/src/simple_sim/src/test/walk_test.cpp:1[m[K:
[1.636s] [01m[K/usr/include/c++/11/complex:362:5:[m[K [01;36m[Knote: [m[Kcandidate: ‘[01m[Ktemplate<class _Tp> std::complex<_Tp> std::operator-(const std::complex<_Tp>&, const std::complex<_Tp>&)[m[K’
[1.636s]   362 |     [01;36m[Koperator[m[K-(const complex<_Tp>& __x, const complex<_Tp>& __y)
[1.636s]       |     [01;36m[K^~~~~~~~[m[K
[1.636s] [01m[K/usr/include/c++/11/complex:362:5:[m[K [01;36m[Knote: [m[K  template argument deduction/substitution failed:
[1.636s] [01m[K/home/hibiki/Robomech_HR/Eglantyne/simulation/src/simple_sim/src/test/walk_test.cpp:80:52:[m[K [01;36m[Knote: [m[K  ‘[01m[Kstd::vector<Eigen::Matrix<double, 3, 1> >::iterator[m[K’ is not derived from ‘[01m[Kconst std::complex<_Tp>[m[K’
[1.636s]    80 |         body_to_fixed_foot_point = -COM_traj.begin([01;36m[K)[m[K;
[1.636s]       |                                                    [01;36m[K^[m[K
[1.636s] In file included from [01m[K/usr/include/eigen3/Eigen/Core:50[m[K,
[1.636s]                  from [01m[K/usr/include/eigen3/Eigen/Dense:1[m[K,
[1.636s]                  from [01m[K/home/hibiki/Robomech_HR/Eglantyne/simulation/src/simple_sim/src/test/../module/Link.h:5[m[K,
[1.636s]                  from [01m[K/home/hibiki/Robomech_HR/Eglantyne/simulation/src/simple_sim/src/test/walk_test.hpp:11[m[K,
[1.636s]                  from [01m[K/home/hibiki/Robomech_HR/Eglantyne/simulation/src/simple_sim/src/test/walk_test.cpp:1[m[K:
[1.636s] [01m[K/usr/include/c++/11/complex:371:5:[m[K [01;36m[Knote: [m[Kcandidate: ‘[01m[Ktemplate<class _Tp> std::complex<_Tp> std::operator-(const std::complex<_Tp>&, const _Tp&)[m[K’
[1.636s]   371 |     [01;36m[Koperator[m[K-(const complex<_Tp>& __x, const _Tp& __y)
[1.636s]       |     [01;36m[K^~~~~~~~[m[K
[1.636s] [01m[K/usr/include/c++/11/complex:371:5:[m[K [01;36m[Knote: [m[K  template argument deduction/substitution failed:
[1.636s] [01m[K/home/hibiki/Robomech_HR/Eglantyne/simulation/src/simple_sim/src/test/walk_test.cpp:80:52:[m[K [01;36m[Knote: [m[K  ‘[01m[Kstd::vector<Eigen::Matrix<double, 3, 1> >::iterator[m[K’ is not derived from ‘[01m[Kconst std::complex<_Tp>[m[K’
[1.636s]    80 |         body_to_fixed_foot_point = -COM_traj.begin([01;36m[K)[m[K;
[1.636s]       |                                                    [01;36m[K^[m[K
[1.636s] In file included from [01m[K/usr/include/eigen3/Eigen/Core:50[m[K,
[1.636s]                  from [01m[K/usr/include/eigen3/Eigen/Dense:1[m[K,
[1.636s]                  from [01m[K/home/hibiki/Robomech_HR/Eglantyne/simulation/src/simple_sim/src/test/../module/Link.h:5[m[K,
[1.636s]                  from [01m[K/home/hibiki/Robomech_HR/Eglantyne/simulation/src/simple_sim/src/test/walk_test.hpp:11[m[K,
[1.636s]                  from [01m[K/home/hibiki/Robomech_HR/Eglantyne/simulation/src/simple_sim/src/test/walk_test.cpp:1[m[K:
[1.637s] [01m[K/usr/include/c++/11/complex:380:5:[m[K [01;36m[Knote: [m[Kcandidate: ‘[01m[Ktemplate<class _Tp> std::complex<_Tp> std::operator-(const _Tp&, const std::complex<_Tp>&)[m[K’
[1.637s]   380 |     [01;36m[Koperator[m[K-(const _Tp& __x, const complex<_Tp>& __y)
[1.637s]       |     [01;36m[K^~~~~~~~[m[K
[1.637s] [01m[K/usr/include/c++/11/complex:380:5:[m[K [01;36m[Knote: [m[K  template argument deduction/substitution failed:
[1.637s] [01m[K/home/hibiki/Robomech_HR/Eglantyne/simulation/src/simple_sim/src/test/walk_test.cpp:80:52:[m[K [01;36m[Knote: [m[K  candidate expects 2 arguments, 1 provided
[1.637s]    80 |         body_to_fixed_foot_point = -COM_traj.begin([01;36m[K)[m[K;
[1.637s]       |                                                    [01;36m[K^[m[K
[1.637s] In file included from [01m[K/usr/include/eigen3/Eigen/Core:50[m[K,
[1.637s]                  from [01m[K/usr/include/eigen3/Eigen/Dense:1[m[K,
[1.637s]                  from [01m[K/home/hibiki/Robomech_HR/Eglantyne/simulation/src/simple_sim/src/test/../module/Link.h:5[m[K,
[1.637s]                  from [01m[K/home/hibiki/Robomech_HR/Eglantyne/simulation/src/simple_sim/src/test/walk_test.hpp:11[m[K,
[1.637s]                  from [01m[K/home/hibiki/Robomech_HR/Eglantyne/simulation/src/simple_sim/src/test/walk_test.cpp:1[m[K:
[1.637s] [01m[K/usr/include/c++/11/complex:457:5:[m[K [01;36m[Knote: [m[Kcandidate: ‘[01m[Ktemplate<class _Tp> std::complex<_Tp> std::operator-(const std::complex<_Tp>&)[m[K’
[1.637s]   457 |     [01;36m[Koperator[m[K-(const complex<_Tp>& __x)
[1.637s]       |     [01;36m[K^~~~~~~~[m[K
[1.637s] [01m[K/usr/include/c++/11/complex:457:5:[m[K [01;36m[Knote: [m[K  template argument deduction/substitution failed:
[1.637s] [01m[K/home/hibiki/Robomech_HR/Eglantyne/simulation/src/simple_sim/src/test/walk_test.cpp:80:52:[m[K [01;36m[Knote: [m[K  ‘[01m[Kstd::vector<Eigen::Matrix<double, 3, 1> >::iterator[m[K’ is not derived from ‘[01m[Kconst std::complex<_Tp>[m[K’
[1.637s]    80 |         body_to_fixed_foot_point = -COM_traj.begin([01;36m[K)[m[K;
[1.637s]       |                                                    [01;36m[K^[m[K
[1.637s] In file included from [01m[K/usr/include/c++/11/bits/stl_algobase.h:67[m[K,
[1.637s]                  from [01m[K/usr/include/c++/11/array:40[m[K,
[1.637s]                  from [01m[K/usr/include/c++/11/tuple:39[m[K,
[1.637s]                  from [01m[K/usr/include/c++/11/functional:54[m[K,
[1.637s]                  from [01m[K/home/hibiki/Robomech_HR/Eglantyne/simulation/src/simple_sim/src/test/walk_test.hpp:2[m[K,
[1.637s]                  from [01m[K/home/hibiki/Robomech_HR/Eglantyne/simulation/src/simple_sim/src/test/walk_test.cpp:1[m[K:
[1.637s] [01m[K/usr/include/c++/11/bits/stl_iterator.h:1255:5:[m[K [01;36m[Knote: [m[Kcandidate: ‘[01m[Ktemplate<class _IteratorL, class _IteratorR, class _Container> decltype ((__lhs.base() - __rhs.base())) __gnu_cxx::operator-(const __gnu_cxx::__normal_iterator<_IteratorL, _Container>&, const __gnu_cxx::__normal_iterator<_IteratorR, _Container>&)[m[K’
[1.637s]  1255 |     [01;36m[Koperator[m[K-(const __normal_iterator<_IteratorL, _Container>& __lhs,
[1.637s]       |     [01;36m[K^~~~~~~~[m[K
[1.637s] [01m[K/usr/include/c++/11/bits/stl_iterator.h:1255:5:[m[K [01;36m[Knote: [m[K  template argument deduction/substitution failed:
[1.637s] [01m[K/home/hibiki/Robomech_HR/Eglantyne/simulation/src/simple_sim/src/test/walk_test.cpp:80:52:[m[K [01;36m[Knote: [m[K  candidate expects 2 arguments, 1 provided
[1.637s]    80 |         body_to_fixed_foot_point = -COM_traj.begin([01;36m[K)[m[K;
[1.637s]       |                                                    [01;36m[K^[m[K
[1.637s] In file included from [01m[K/usr/include/c++/11/bits/stl_algobase.h:67[m[K,
[1.637s]                  from [01m[K/usr/include/c++/11/array:40[m[K,
[1.637s]                  from [01m[K/usr/include/c++/11/tuple:39[m[K,
[1.637s]                  from [01m[K/usr/include/c++/11/functional:54[m[K,
[1.637s]                  from [01m[K/home/hibiki/Robomech_HR/Eglantyne/simulation/src/simple_sim/src/test/walk_test.hpp:2[m[K,
[1.637s]                  from [01m[K/home/hibiki/Robomech_HR/Eglantyne/simulation/src/simple_sim/src/test/walk_test.cpp:1[m[K:
[1.637s] [01m[K/usr/include/c++/11/bits/stl_iterator.h:1268:5:[m[K [01;36m[Knote: [m[Kcandidate: ‘[01m[Ktemplate<class _Iterator, class _Container> typename __gnu_cxx::__normal_iterator<_Iterator, _Container>::difference_type __gnu_cxx::operator-(const __gnu_cxx::__normal_iterator<_Iterator, _Container>&, const __gnu_cxx::__normal_iterator<_Iterator, _Container>&)[m[K’
[1.637s]  1268 |     [01;36m[Koperator[m[K-(const __normal_iterator<_Iterator, _Container>& __lhs,
[1.637s]       |     [01;36m[K^~~~~~~~[m[K
[1.638s] [01m[K/usr/include/c++/11/bits/stl_iterator.h:1268:5:[m[K [01;36m[Knote: [m[K  template argument deduction/substitution failed:
[1.638s] [01m[K/home/hibiki/Robomech_HR/Eglantyne/simulation/src/simple_sim/src/test/walk_test.cpp:80:52:[m[K [01;36m[Knote: [m[K  candidate expects 2 arguments, 1 provided
[1.638s]    80 |         body_to_fixed_foot_point = -COM_traj.begin([01;36m[K)[m[K;
[1.638s]       |                                                    [01;36m[K^[m[K
[1.641s] [01m[K/home/hibiki/Robomech_HR/Eglantyne/simulation/src/simple_sim/src/test/walk_test.cpp:82:9:[m[K [01;31m[Kerror: [m[K‘[01m[Kbody_to_fixed_foot_foot_traj[m[K’ was not declared in this scope; did you mean ‘[01m[Kbody_to_fixed_foot_traj[m[K’?
[1.641s]    82 |         [01;31m[Kbody_to_fixed_foot_foot_traj[m[K.push_back(body_to_fixed_foot_point);
[1.641s]       |         [01;31m[K^~~~~~~~~~~~~~~~~~~~~~~~~~~~[m[K
[1.641s]       |         [32m[Kbody_to_fixed_foot_traj[m[K
[1.641s] [01m[K/home/hibiki/Robomech_HR/Eglantyne/simulation/src/simple_sim/src/test/walk_test.cpp:84:36:[m[K [01;31m[Kerror: [m[Kno match for ‘[01m[Koperator-[m[K’ (operand type is ‘[01m[Kstd::vector<Eigen::Matrix<double, 3, 1> >::iterator[m[K’)
[1.641s]    84 |         body_to_swing_foot_point = [01;31m[K-COM_traj.begin()[m[K + swing_foot_traj.begin();
[1.641s]       |                                    [01;31m[K^~~~~~~~~~~~~~~~~[m[K
[1.641s] In file included from [01m[K/usr/include/c++/11/bits/stl_algobase.h:67[m[K,
[1.641s]                  from [01m[K/usr/include/c++/11/array:40[m[K,
[1.641s]                  from [01m[K/usr/include/c++/11/tuple:39[m[K,
[1.641s]                  from [01m[K/usr/include/c++/11/functional:54[m[K,
[1.641s]                  from [01m[K/home/hibiki/Robomech_HR/Eglantyne/simulation/src/simple_sim/src/test/walk_test.hpp:2[m[K,
[1.642s]                  from [01m[K/home/hibiki/Robomech_HR/Eglantyne/simulation/src/simple_sim/src/test/walk_test.cpp:1[m[K:
[1.642s] [01m[K/usr/include/c++/11/bits/stl_iterator.h:1100:7:[m[K [01;36m[Knote: [m[Kcandidate: ‘[01m[K__gnu_cxx::__normal_iterator<_Iterator, _Container> __gnu_cxx::__normal_iterator<_Iterator, _Container>::operator-(__gnu_cxx::__normal_iterator<_Iterator, _Container>::difference_type) const [with _Iterator = Eigen::Matrix<double, 3, 1>*; _Container = std::vector<Eigen::Matrix<double, 3, 1> >; __gnu_cxx::__normal_iterator<_Iterator, _Container>::difference_type = long int][m[K’
[1.642s]  1100 |       [01;36m[Koperator[m[K-(difference_type __n) const _GLIBCXX_NOEXCEPT
[1.642s]       |       [01;36m[K^~~~~~~~[m[K
[1.642s] [01m[K/usr/include/c++/11/bits/stl_iterator.h:1100:7:[m[K [01;36m[Knote: [m[K  candidate expects 1 argument, 0 provided
[1.642s] [01m[K/usr/include/c++/11/bits/stl_iterator.h:577:5:[m[K [01;36m[Knote: [m[Kcandidate: ‘[01m[Ktemplate<class _IteratorL, class _IteratorR> constexpr decltype ((__y.base() - __x.base())) std::operator-(const std::reverse_iterator<_Iterator>&, const std::reverse_iterator<_IteratorR>&)[m[K’
[1.642s]   577 |     [01;36m[Koperator[m[K-(const reverse_iterator<_IteratorL>& __x,
[1.642s]       |     [01;36m[K^~~~~~~~[m[K
[1.642s] [01m[K/usr/include/c++/11/bits/stl_iterator.h:577:5:[m[K [01;36m[Knote: [m[K  template argument deduction/substitution failed:
[1.642s] [01m[K/home/hibiki/Robomech_HR/Eglantyne/simulation/src/simple_sim/src/test/walk_test.cpp:84:52:[m[K [01;36m[Knote: [m[K  ‘[01m[Kstd::vector<Eigen::Matrix<double, 3, 1> >::iterator[m[K’ is not derived from ‘[01m[Kconst std::reverse_iterator<_Iterator>[m[K’
[1.642s]    84 |         body_to_swing_foot_point = -COM_traj.begin([01;36m[K)[m[K + swing_foot_traj.begin();
[1.642s]       |                                                    [01;36m[K^[m[K
[1.642s] In file included from [01m[K/usr/include/c++/11/bits/stl_algobase.h:67[m[K,
[1.642s]                  from [01m[K/usr/include/c++/11/array:40[m[K,
[1.642s]                  from [01m[K/usr/include/c++/11/tuple:39[m[K,
[1.642s]                  from [01m[K/usr/include/c++/11/functional:54[m[K,
[1.642s]                  from [01m[K/home/hibiki/Robomech_HR/Eglantyne/simulation/src/simple_sim/src/test/walk_test.hpp:2[m[K,
[1.642s]                  from [01m[K/home/hibiki/Robomech_HR/Eglantyne/simulation/src/simple_sim/src/test/walk_test.cpp:1[m[K:
[1.642s] [01m[K/usr/include/c++/11/bits/stl_iterator.h:1693:5:[m[K [01;36m[Knote: [m[Kcandidate: ‘[01m[Ktemplate<class _IteratorL, class _IteratorR> constexpr decltype ((__x.base() - __y.base())) std::operator-(const std::move_iterator<_IteratorL>&, const std::move_iterator<_IteratorR>&)[m[K’
[1.642s]  1693 |     [01;36m[Koperator[m[K-(const move_iterator<_IteratorL>& __x,
[1.642s]       |     [01;36m[K^~~~~~~~[m[K
[1.642s] [01m[K/usr/include/c++/11/bits/stl_iterator.h:1693:5:[m[K [01;36m[Knote: [m[K  template argument deduction/substitution failed:
[1.642s] [01m[K/home/hibiki/Robomech_HR/Eglantyne/simulation/src/simple_sim/src/test/walk_test.cpp:84:52:[m[K [01;36m[Knote: [m[K  ‘[01m[Kstd::vector<Eigen::Matrix<double, 3, 1> >::iterator[m[K’ is not derived from ‘[01m[Kconst std::move_iterator<_IteratorL>[m[K’
[1.642s]    84 |         body_to_swing_foot_point = -COM_traj.begin([01;36m[K)[m[K + swing_foot_traj.begin();
[1.642s]       |                                                    [01;36m[K^[m[K
[1.642s] In file included from [01m[K/usr/include/eigen3/Eigen/Core:50[m[K,
[1.642s]                  from [01m[K/usr/include/eigen3/Eigen/Dense:1[m[K,
[1.642s]                  from [01m[K/home/hibiki/Robomech_HR/Eglantyne/simulation/src/simple_sim/src/test/../module/Link.h:5[m[K,
[1.642s]                  from [01m[K/home/hibiki/Robomech_HR/Eglantyne/simulation/src/simple_sim/src/test/walk_test.hpp:11[m[K,
[1.642s]                  from [01m[K/home/hibiki/Robomech_HR/Eglantyne/simulation/src/simple_sim/src/test/walk_test.cpp:1[m[K:
[1.642s] [01m[K/usr/include/c++/11/complex:362:5:[m[K [01;36m[Knote: [m[Kcandidate: ‘[01m[Ktemplate<class _Tp> std::complex<_Tp> std::operator-(const std::complex<_Tp>&, const std::complex<_Tp>&)[m[K’
[1.642s]   362 |     [01;36m[Koperator[m[K-(const complex<_Tp>& __x, const complex<_Tp>& __y)
[1.642s]       |     [01;36m[K^~~~~~~~[m[K
[1.642s] [01m[K/usr/include/c++/11/complex:362:5:[m[K [01;36m[Knote: [m[K  template argument deduction/substitution failed:
[1.642s] [01m[K/home/hibiki/Robomech_HR/Eglantyne/simulation/src/simple_sim/src/test/walk_test.cpp:84:52:[m[K [01;36m[Knote: [m[K  ‘[01m[Kstd::vector<Eigen::Matrix<double, 3, 1> >::iterator[m[K’ is not derived from ‘[01m[Kconst std::complex<_Tp>[m[K’
[1.642s]    84 |         body_to_swing_foot_point = -COM_traj.begin([01;36m[K)[m[K + swing_foot_traj.begin();
[1.642s]       |                                                    [01;36m[K^[m[K
[1.642s] In file included from [01m[K/usr/include/eigen3/Eigen/Core:50[m[K,
[1.642s]                  from [01m[K/usr/include/eigen3/Eigen/Dense:1[m[K,
[1.643s]                  from [01m[K/home/hibiki/Robomech_HR/Eglantyne/simulation/src/simple_sim/src/test/../module/Link.h:5[m[K,
[1.643s]                  from [01m[K/home/hibiki/Robomech_HR/Eglantyne/simulation/src/simple_sim/src/test/walk_test.hpp:11[m[K,
[1.643s]                  from [01m[K/home/hibiki/Robomech_HR/Eglantyne/simulation/src/simple_sim/src/test/walk_test.cpp:1[m[K:
[1.643s] [01m[K/usr/include/c++/11/complex:371:5:[m[K [01;36m[Knote: [m[Kcandidate: ‘[01m[Ktemplate<class _Tp> std::complex<_Tp> std::operator-(const std::complex<_Tp>&, const _Tp&)[m[K’
[1.643s]   371 |     [01;36m[Koperator[m[K-(const complex<_Tp>& __x, const _Tp& __y)
[1.643s]       |     [01;36m[K^~~~~~~~[m[K
[1.643s] [01m[K/usr/include/c++/11/complex:371:5:[m[K [01;36m[Knote: [m[K  template argument deduction/substitution failed:
[1.643s] [01m[K/home/hibiki/Robomech_HR/Eglantyne/simulation/src/simple_sim/src/test/walk_test.cpp:84:52:[m[K [01;36m[Knote: [m[K  ‘[01m[Kstd::vector<Eigen::Matrix<double, 3, 1> >::iterator[m[K’ is not derived from ‘[01m[Kconst std::complex<_Tp>[m[K’
[1.643s]    84 |         body_to_swing_foot_point = -COM_traj.begin([01;36m[K)[m[K + swing_foot_traj.begin();
[1.643s]       |                                                    [01;36m[K^[m[K
[1.643s] In file included from [01m[K/usr/include/eigen3/Eigen/Core:50[m[K,
[1.643s]                  from [01m[K/usr/include/eigen3/Eigen/Dense:1[m[K,
[1.643s]                  from [01m[K/home/hibiki/Robomech_HR/Eglantyne/simulation/src/simple_sim/src/test/../module/Link.h:5[m[K,
[1.643s]                  from [01m[K/home/hibiki/Robomech_HR/Eglantyne/simulation/src/simple_sim/src/test/walk_test.hpp:11[m[K,
[1.643s]                  from [01m[K/home/hibiki/Robomech_HR/Eglantyne/simulation/src/simple_sim/src/test/walk_test.cpp:1[m[K:
[1.643s] [01m[K/usr/include/c++/11/complex:380:5:[m[K [01;36m[Knote: [m[Kcandidate: ‘[01m[Ktemplate<class _Tp> std::complex<_Tp> std::operator-(const _Tp&, const std::complex<_Tp>&)[m[K’
[1.643s]   380 |     [01;36m[Koperator[m[K-(const _Tp& __x, const complex<_Tp>& __y)
[1.643s]       |     [01;36m[K^~~~~~~~[m[K
[1.643s] [01m[K/usr/include/c++/11/complex:380:5:[m[K [01;36m[Knote: [m[K  template argument deduction/substitution failed:
[1.643s] [01m[K/home/hibiki/Robomech_HR/Eglantyne/simulation/src/simple_sim/src/test/walk_test.cpp:84:52:[m[K [01;36m[Knote: [m[K  candidate expects 2 arguments, 1 provided
[1.643s]    84 |         body_to_swing_foot_point = -COM_traj.begin([01;36m[K)[m[K + swing_foot_traj.begin();
[1.643s]       |                                                    [01;36m[K^[m[K
[1.643s] In file included from [01m[K/usr/include/eigen3/Eigen/Core:50[m[K,
[1.643s]                  from [01m[K/usr/include/eigen3/Eigen/Dense:1[m[K,
[1.643s]                  from [01m[K/home/hibiki/Robomech_HR/Eglantyne/simulation/src/simple_sim/src/test/../module/Link.h:5[m[K,
[1.643s]                  from [01m[K/home/hibiki/Robomech_HR/Eglantyne/simulation/src/simple_sim/src/test/walk_test.hpp:11[m[K,
[1.643s]                  from [01m[K/home/hibiki/Robomech_HR/Eglantyne/simulation/src/simple_sim/src/test/walk_test.cpp:1[m[K:
[1.643s] [01m[K/usr/include/c++/11/complex:457:5:[m[K [01;36m[Knote: [m[Kcandidate: ‘[01m[Ktemplate<class _Tp> std::complex<_Tp> std::operator-(const std::complex<_Tp>&)[m[K’
[1.643s]   457 |     [01;36m[Koperator[m[K-(const complex<_Tp>& __x)
[1.643s]       |     [01;36m[K^~~~~~~~[m[K
[1.643s] [01m[K/usr/include/c++/11/complex:457:5:[m[K [01;36m[Knote: [m[K  template argument deduction/substitution failed:
[1.643s] [01m[K/home/hibiki/Robomech_HR/Eglantyne/simulation/src/simple_sim/src/test/walk_test.cpp:84:52:[m[K [01;36m[Knote: [m[K  ‘[01m[Kstd::vector<Eigen::Matrix<double, 3, 1> >::iterator[m[K’ is not derived from ‘[01m[Kconst std::complex<_Tp>[m[K’
[1.643s]    84 |         body_to_swing_foot_point = -COM_traj.begin([01;36m[K)[m[K + swing_foot_traj.begin();
[1.643s]       |                                                    [01;36m[K^[m[K
[1.643s] In file included from [01m[K/usr/include/c++/11/bits/stl_algobase.h:67[m[K,
[1.643s]                  from [01m[K/usr/include/c++/11/array:40[m[K,
[1.644s]                  from [01m[K/usr/include/c++/11/tuple:39[m[K,
[1.644s]                  from [01m[K/usr/include/c++/11/functional:54[m[K,
[1.644s]                  from [01m[K/home/hibiki/Robomech_HR/Eglantyne/simulation/src/simple_sim/src/test/walk_test.hpp:2[m[K,
[1.644s]                  from [01m[K/home/hibiki/Robomech_HR/Eglantyne/simulation/src/simple_sim/src/test/walk_test.cpp:1[m[K:
[1.644s] [01m[K/usr/include/c++/11/bits/stl_iterator.h:1255:5:[m[K [01;36m[Knote: [m[Kcandidate: ‘[01m[Ktemplate<class _IteratorL, class _IteratorR, class _Container> decltype ((__lhs.base() - __rhs.base())) __gnu_cxx::operator-(const __gnu_cxx::__normal_iterator<_IteratorL, _Container>&, const __gnu_cxx::__normal_iterator<_IteratorR, _Container>&)[m[K’
[1.644s]  1255 |     [01;36m[Koperator[m[K-(const __normal_iterator<_IteratorL, _Container>& __lhs,
[1.644s]       |     [01;36m[K^~~~~~~~[m[K
[1.644s] [01m[K/usr/include/c++/11/bits/stl_iterator.h:1255:5:[m[K [01;36m[Knote: [m[K  template argument deduction/substitution failed:
[1.644s] [01m[K/home/hibiki/Robomech_HR/Eglantyne/simulation/src/simple_sim/src/test/walk_test.cpp:84:52:[m[K [01;36m[Knote: [m[K  candidate expects 2 arguments, 1 provided
[1.644s]    84 |         body_to_swing_foot_point = -COM_traj.begin([01;36m[K)[m[K + swing_foot_traj.begin();
[1.644s]       |                                                    [01;36m[K^[m[K
[1.644s] In file included from [01m[K/usr/include/c++/11/bits/stl_algobase.h:67[m[K,
[1.644s]                  from [01m[K/usr/include/c++/11/array:40[m[K,
[1.644s]                  from [01m[K/usr/include/c++/11/tuple:39[m[K,
[1.644s]                  from [01m[K/usr/include/c++/11/functional:54[m[K,
[1.644s]                  from [01m[K/home/hibiki/Robomech_HR/Eglantyne/simulation/src/simple_sim/src/test/walk_test.hpp:2[m[K,
[1.644s]                  from [01m[K/home/hibiki/Robomech_HR/Eglantyne/simulation/src/simple_sim/src/test/walk_test.cpp:1[m[K:
[1.644s] [01m[K/usr/include/c++/11/bits/stl_iterator.h:1268:5:[m[K [01;36m[Knote: [m[Kcandidate: ‘[01m[Ktemplate<class _Iterator, class _Container> typename __gnu_cxx::__normal_iterator<_Iterator, _Container>::difference_type __gnu_cxx::operator-(const __gnu_cxx::__normal_iterator<_Iterator, _Container>&, const __gnu_cxx::__normal_iterator<_Iterator, _Container>&)[m[K’
[1.644s]  1268 |     [01;36m[Koperator[m[K-(const __normal_iterator<_Iterator, _Container>& __lhs,
[1.644s]       |     [01;36m[K^~~~~~~~[m[K
[1.644s] [01m[K/usr/include/c++/11/bits/stl_iterator.h:1268:5:[m[K [01;36m[Knote: [m[K  template argument deduction/substitution failed:
[1.644s] [01m[K/home/hibiki/Robomech_HR/Eglantyne/simulation/src/simple_sim/src/test/walk_test.cpp:84:52:[m[K [01;36m[Knote: [m[K  candidate expects 2 arguments, 1 provided
[1.644s]    84 |         body_to_swing_foot_point = -COM_traj.begin([01;36m[K)[m[K + swing_foot_traj.begin();
[1.644s]       |                                                    [01;36m[K^[m[K
[1.648s] [01m[K/home/hibiki/Robomech_HR/Eglantyne/simulation/src/simple_sim/src/test/walk_test.cpp:86:9:[m[K [01;31m[Kerror: [m[K‘[01m[Kbody_to_swing_foot_foot_traj[m[K’ was not declared in this scope; did you mean ‘[01m[Kbody_to_swing_foot_traj[m[K’?
[1.648s]    86 |         [01;31m[Kbody_to_swing_foot_foot_traj[m[K.push_back(body_to_swing_foot_point);
[1.648s]       |         [01;31m[K^~~~~~~~~~~~~~~~~~~~~~~~~~~~[m[K
[1.648s]       |         [32m[Kbody_to_swing_foot_traj[m[K
[1.649s] [01m[K/home/hibiki/Robomech_HR/Eglantyne/simulation/src/simple_sim/src/test/walk_test.cpp:[m[K In member function ‘[01m[Kvoid WalkTest::traj_to_motion()[m[K’:
[1.649s] [01m[K/home/hibiki/Robomech_HR/Eglantyne/simulation/src/simple_sim/src/test/walk_test.cpp:106:23:[m[K [01;31m[Kerror: [m[Kexpected primary-expression before ‘[01m[K.[m[K’ token
[1.649s]   106 |             Kinematics[01;31m[K.[m[Kinverse(&foot_roll_right, body_to_fixed_foot_traj.begin(), R_ref);
[1.649s]       |                       [01;31m[K^[m[K
[1.649s] [01m[K/home/hibiki/Robomech_HR/Eglantyne/simulation/src/simple_sim/src/test/walk_test.cpp:107:23:[m[K [01;31m[Kerror: [m[Kexpected primary-expression before ‘[01m[K.[m[K’ token
[1.649s]   107 |             Kinematics[01;31m[K.[m[Kinverse(&foot_roll_left,  body_to_swing_foot_traj.begin(), R_ref);
[1.649s]       |                       [01;31m[K^[m[K
[1.649s] [01m[K/home/hibiki/Robomech_HR/Eglantyne/simulation/src/simple_sim/src/test/walk_test.cpp:110:23:[m[K [01;31m[Kerror: [m[Kexpected primary-expression before ‘[01m[K.[m[K’ token
[1.649s]   110 |             Kinematics[01;31m[K.[m[Kinverse(&foot_roll_left,  body_to_fixed_foot_traj.begin(), R_ref);
[1.649s]       |                       [01;31m[K^[m[K
[1.649s] [01m[K/home/hibiki/Robomech_HR/Eglantyne/simulation/src/simple_sim/src/test/walk_test.cpp:111:23:[m[K [01;31m[Kerror: [m[Kexpected primary-expression before ‘[01m[K.[m[K’ token
[1.649s]   111 |             Kinematics[01;31m[K.[m[Kinverse(&foot_roll_right, body_to_swing_foot_traj.begin(), R_ref);
[1.649s]       |                       [01;31m[K^[m[K
[1.649s] [01m[K/home/hibiki/Robomech_HR/Eglantyne/simulation/src/simple_sim/src/test/walk_test.cpp:113:33:[m[K [01;31m[Kerror: [m[Kunable to deduce ‘[01m[Kconst auto*[m[K’ from ‘[01m[K__for_begin .__gnu_cxx::__normal_iterator<Link*, std::vector<Link> >::operator*()[m[K’
[1.649s]   113 |         for (const auto* link : [01;31m[Klink_vec[m[K){ foot_motion.push_back(link.getq()); }
[1.649s]       |                                 [01;31m[K^~~~~~~~[m[K
[1.649s] [01m[K/home/hibiki/Robomech_HR/Eglantyne/simulation/src/simple_sim/src/test/walk_test.cpp:113:33:[m[K [01;36m[Knote: [m[K  mismatched types ‘[01m[Kconst auto*[m[K’ and ‘[01m[KLink[m[K’
[1.649s] [01m[K/home/hibiki/Robomech_HR/Eglantyne/simulation/src/simple_sim/src/test/walk_test.cpp:[m[K In member function ‘[01m[Kvoid WalkTest::pub_walk_trajectory(std_msgs::msg::String)[m[K’:
[1.649s] [01m[K/home/hibiki/Robomech_HR/Eglantyne/simulation/src/simple_sim/src/test/walk_test.cpp:121:48:[m[K [01;31m[Kerror: [m[Kexpected ‘[01m[K;[m[K’ before ‘[01m[K}[m[K’ token
[1.649s]   121 |     if (COM_traj_next.empty()) {COM_traj_zero()[01;31m[K}[m[K
[1.649s]       |                                                [01;31m[K^[m[K
[1.650s]       |                                                [32m[K;[m[K
[1.650s] [01m[K/home/hibiki/Robomech_HR/Eglantyne/simulation/src/simple_sim/src/test/walk_test.cpp:128:57:[m[K [01;31m[Kerror: [m[Kconversion from ‘[01m[Kstd::vector<std::vector<double, std::allocator<double> > >::iterator[m[K’ to non-scalar type ‘[01m[Kstd::vector<double, std::allocator<double> >[m[K’ requested
[1.650s]   128 |         std::vector<double> foot_pos = [01;31m[Kfoot_motion.begin()[m[K;
[1.650s]       |                                        [01;31m[K~~~~~~~~~~~~~~~~~^~[m[K
[1.655s] [01m[K/home/hibiki/Robomech_HR/Eglantyne/simulation/src/simple_sim/src/test/walk_test.cpp:131:31:[m[K [01;31m[Kerror: [m[K‘[01m[Kfoot_positions[m[K’ was not declared in this scope; did you mean ‘[01m[Kfoot_motion[m[K’?
[1.655s]   131 |         pos.insert(pos.end(), [01;31m[Kfoot_positions[m[K.begin(), foot_positions.end());
[1.655s]       |                               [01;31m[K^~~~~~~~~~~~~~[m[K
[1.655s]       |                               [32m[Kfoot_motion[m[K
[1.655s] [01m[K/home/hibiki/Robomech_HR/Eglantyne/simulation/src/simple_sim/src/test/walk_test.cpp:132:32:[m[K [01;31m[Kerror: [m[Kno matching function for call to ‘[01m[Kstd::vector<trajectory_msgs::msg::JointTrajectoryPoint_<std::allocator<void> >, std::allocator<trajectory_msgs::msg::JointTrajectoryPoint_<std::allocator<void> > > >::push_back(std::vector<double, std::allocator<double> >&)[m[K’
[1.655s]   132 |         [01;31m[Kmotion.points.push_back(pos)[m[K;
[1.655s]       |         [01;31m[K~~~~~~~~~~~~~~~~~~~~~~~^~~~~[m[K
[1.655s] In file included from [01m[K/usr/include/c++/11/vector:67[m[K,
[1.655s]                  from [01m[K/usr/include/c++/11/functional:62[m[K,
[1.655s]                  from [01m[K/home/hibiki/Robomech_HR/Eglantyne/simulation/src/simple_sim/src/test/walk_test.hpp:2[m[K,
[1.655s]                  from [01m[K/home/hibiki/Robomech_HR/Eglantyne/simulation/src/simple_sim/src/test/walk_test.cpp:1[m[K:
[1.655s] [01m[K/usr/include/c++/11/bits/stl_vector.h:1187:7:[m[K [01;36m[Knote: [m[Kcandidate: ‘[01m[Kvoid std::vector<_Tp, _Alloc>::push_back(const value_type&) [with _Tp = trajectory_msgs::msg::JointTrajectoryPoint_<std::allocator<void> >; _Alloc = std::allocator<trajectory_msgs::msg::JointTrajectoryPoint_<std::allocator<void> > >; std::vector<_Tp, _Alloc>::value_type = trajectory_msgs::msg::JointTrajectoryPoint_<std::allocator<void> >][m[K’
[1.655s]  1187 |       [01;36m[Kpush_back[m[K(const value_type& __x)
[1.655s]       |       [01;36m[K^~~~~~~~~[m[K
[1.656s] [01m[K/usr/include/c++/11/bits/stl_vector.h:1187:35:[m[K [01;36m[Knote: [m[K  no known conversion for argument 1 from ‘[01m[Kstd::vector<double, std::allocator<double> >[m[K’ to ‘[01m[Kconst value_type&[m[K’ {aka ‘[01m[Kconst trajectory_msgs::msg::JointTrajectoryPoint_<std::allocator<void> >&[m[K’}
[1.656s]  1187 |       push_back([01;36m[Kconst value_type& __x[m[K)
[1.656s]       |                 [01;36m[K~~~~~~~~~~~~~~~~~~^~~[m[K
[1.656s] [01m[K/usr/include/c++/11/bits/stl_vector.h:1203:7:[m[K [01;36m[Knote: [m[Kcandidate: ‘[01m[Kvoid std::vector<_Tp, _Alloc>::push_back(std::vector<_Tp, _Alloc>::value_type&&) [with _Tp = trajectory_msgs::msg::JointTrajectoryPoint_<std::allocator<void> >; _Alloc = std::allocator<trajectory_msgs::msg::JointTrajectoryPoint_<std::allocator<void> > >; std::vector<_Tp, _Alloc>::value_type = trajectory_msgs::msg::JointTrajectoryPoint_<std::allocator<void> >][m[K’
[1.656s]  1203 |       [01;36m[Kpush_back[m[K(value_type&& __x)
[1.656s]       |       [01;36m[K^~~~~~~~~[m[K
[1.656s] [01m[K/usr/include/c++/11/bits/stl_vector.h:1203:30:[m[K [01;36m[Knote: [m[K  no known conversion for argument 1 from ‘[01m[Kstd::vector<double, std::allocator<double> >[m[K’ to ‘[01m[Kstd::vector<trajectory_msgs::msg::JointTrajectoryPoint_<std::allocator<void> >, std::allocator<trajectory_msgs::msg::JointTrajectoryPoint_<std::allocator<void> > > >::value_type&&[m[K’ {aka ‘[01m[Ktrajectory_msgs::msg::JointTrajectoryPoint_<std::allocator<void> >&&[m[K’}
[1.656s]  1203 |       push_back([01;36m[Kvalue_type&& __x[m[K)
[1.656s]       |                 [01;36m[K~~~~~~~~~~~~~^~~[m[K
[1.660s] [01m[K/home/hibiki/Robomech_HR/Eglantyne/simulation/src/simple_sim/src/test/walk_test.cpp:[m[K In member function ‘[01m[Kvoid WalkTest::setup_link()[m[K’:
[1.660s] [01m[K/home/hibiki/Robomech_HR/Eglantyne/simulation/src/simple_sim/src/test/walk_test.cpp:147:71:[m[K [01;31m[Kerror: [m[K‘[01m[Khip_yaw[m[K’ was not declared in this scope
[1.660s]   147 |     leg_roll_right.setDefault("leg_roll_right", 0,0,-22.2, 1,0,0, 0, &[01;31m[Khip_yaw[m[K);
[1.660s]       |                                                                       [01;31m[K^~~~~~~[m[K
[1.664s] [01m[K/home/hibiki/Robomech_HR/Eglantyne/simulation/src/simple_sim/src/test/walk_test.cpp:148:79:[m[K [01;31m[Kerror: [m[K‘[01m[Khip_roll[m[K’ was not declared in this scope
[1.664s]   148 |     leg_upper_right.setDefault("leg_upper_right", 0,0,-26.01, 0,1,0, -25.22, &[01;31m[Khip_roll[m[K);
[1.664s]       |                                                                               [01;31m[K^~~~~~~~[m[K
[1.669s] [01m[K/home/hibiki/Robomech_HR/Eglantyne/simulation/src/simple_sim/src/test/walk_test.cpp:149:78:[m[K [01;31m[Kerror: [m[K‘[01m[Khip_pitch[m[K’ was not declared in this scope
[1.669s]   149 |     leg_under_right.setDefault("leg_under_right", 0,0,-78.02, 0,1,0, 83.34, &[01;31m[Khip_pitch[m[K);
[1.669s]       |                                                                              [01;31m[K^~~~~~~~~[m[K
[1.672s] [01m[K/home/hibiki/Robomech_HR/Eglantyne/simulation/src/simple_sim/src/test/walk_test.cpp:150:5:[m[K [01;31m[Kerror: [m[K‘[01m[Kfoot_pitc_right[m[K’ was not declared in this scope; did you mean ‘[01m[Kfoot_pitch_right[m[K’?
[1.672s]   150 |     [01;31m[Kfoot_pitc_right[m[K.setDefault("foot_pitch_right", 0,0,-78.02, 0,1,0, -58.12, &nee_pitch);
[1.672s]       |     [01;31m[K^~~~~~~~~~~~~~~[m[K
[1.672s]       |     [32m[Kfoot_pitch_right[m[K
[1.676s] [01m[K/home/hibiki/Robomech_HR/Eglantyne/simulation/src/simple_sim/src/test/walk_test.cpp:150:80:[m[K [01;31m[Kerror: [m[K‘[01m[Knee_pitch[m[K’ was not declared in this scope
[1.676s]   150 |     foot_pitc_right.setDefault("foot_pitch_right", 0,0,-78.02, 0,1,0, -58.12, &[01;31m[Knee_pitch[m[K);
[1.676s]       |                                                                                [01;31m[K^~~~~~~~~[m[K
[1.681s] [01m[K/home/hibiki/Robomech_HR/Eglantyne/simulation/src/simple_sim/src/test/walk_test.cpp:151:69:[m[K [01;31m[Kerror: [m[K‘[01m[Ktoe_pitch[m[K’ was not declared in this scope
[1.681s]   151 |     foot_roll_right.setDefault("foot_roll_right", 0,0,0, 1,0,0, 0, &[01;31m[Ktoe_pitch[m[K);
[1.681s]       |                                                                     [01;31m[K^~~~~~~~~[m[K
[1.681s] [01m[K/home/hibiki/Robomech_HR/Eglantyne/simulation/src/simple_sim/src/test/walk_test.cpp:161:117:[m[K [01;31m[Kerror: [m[Kexpected ‘[01m[K;[m[K’ before ‘[01m[K}[m[K’ token
[1.681s]   161 |                 leg_yaw_left,  leg_roll_left,  leg_upper_left,  leg_under_left,  foot_pitch_left,  foot_roll_left  }
[1.681s]       |                                                                                                                     [01;31m[K^[m[K
[1.681s]       |                                                                                                                     [32m[K;[m[K
[1.681s]   162 | [32m[K}[m[K
[1.681s]       | [32m[K~[m[K                                                                                                                    
[3.103s] gmake[2]: *** [CMakeFiles/walk_test.dir/build.make:76: CMakeFiles/walk_test.dir/src/test/walk_test.cpp.o] Error 1
[3.103s] gmake[1]: *** [CMakeFiles/Makefile2:221: CMakeFiles/walk_test.dir/all] Error 2
[3.103s] gmake: *** [Makefile:146: all] Error 2
[3.106s] Invoked command in '/home/hibiki/Robomech_HR/Eglantyne/simulation/build/simple_sim' returned '2': CMAKE_PREFIX_PATH=/home/hibiki/Robomech_HR/Eglantyne/simulation/install/simple_sim:/home/hibiki/Robomech_HR/Eglantyne/simulation/install/ros2_control_demos:/home/hibiki/Robomech_HR/Eglantyne/simulation/install/ros2_control_demo_example_9:/home/hibiki/Robomech_HR/Eglantyne/simulation/install/ros2_control_demo_example_8:/home/hibiki/Robomech_HR/Eglantyne/simulation/install/ros2_control_demo_example_7:/home/hibiki/Robomech_HR/Eglantyne/simulation/install/ros2_control_demo_example_6:/home/hibiki/Robomech_HR/Eglantyne/simulation/install/ros2_control_demo_example_15:/home/hibiki/Robomech_HR/Eglantyne/simulation/install/ros2_control_demo_example_5:/home/hibiki/Robomech_HR/Eglantyne/simulation/install/ros2_control_demo_example_4:/home/hibiki/Robomech_HR/Eglantyne/simulation/install/ros2_control_demo_example_3:/home/hibiki/Robomech_HR/Eglantyne/simulation/install/ros2_control_demo_example_2:/home/hibiki/Robomech_HR/Eglantyne/simulation/install/ros2_control_demo_example_14:/home/hibiki/Robomech_HR/Eglantyne/simulation/install/ros2_control_demo_example_12:/home/hibiki/Robomech_HR/Eglantyne/simulation/install/ros2_control_demo_example_11:/home/hibiki/Robomech_HR/Eglantyne/simulation/install/ros2_control_demo_example_10:/home/hibiki/Robomech_HR/Eglantyne/simulation/install/ros2_control_demo_example_1:/home/hibiki/Robomech_HR/Eglantyne/simulation/install/ros2_control_demo_description:/home/hibiki/Robomech_HR/Eglantyne/simulation/install/gazebo_ros2_control_demos:/home/hibiki/Robomech_HR/Eglantyne/simulation/install/champ_teleop:/home/hibiki/Robomech_HR/Eglantyne/simulation/install/champ_navigation:/home/hibiki/Robomech_HR/Eglantyne/simulation/install/champ_gazebo:/home/hibiki/Robomech_HR/Eglantyne/simulation/install/champ_bringup:/home/hibiki/Robomech_HR/Eglantyne/simulation/install/champ_base:/home/hibiki/Robomech_HR/Eglantyne/simulation/install/champ_msgs:/home/hibiki/Robomech_HR/Eglantyne/simulation/install/champ_description:/home/hibiki/Robomech_HR/Eglantyne/simulation/install/champ_config:/home/hibiki/Robomech_HR/Eglantyne/simulation/install/ros2_control_demo_testing:/opt/ros/humble:/home/hibiki/Robomech_HR/Eglantyne/simulation/install/champ /usr/bin/cmake --build /home/hibiki/Robomech_HR/Eglantyne/simulation/build/simple_sim -- -j16 -l16
