[0.126s] Invoking command in '/home/hibiki/Robomech_HR/Eglantyne/simulation/build/champ_navigation': CMAKE_PREFIX_PATH=/opt/ros/humble /usr/bin/cmake --build /home/hibiki/Robomech_HR/Eglantyne/simulation/build/champ_navigation -- -j16 -l16
[0.147s] Invoked command in '/home/hibiki/Robomech_HR/Eglantyne/simulation/build/champ_navigation' returned '0': CMAKE_PREFIX_PATH=/opt/ros/humble /usr/bin/cmake --build /home/hibiki/Robomech_HR/Eglantyne/simulation/build/champ_navigation -- -j16 -l16
[0.171s] Invoking command in '/home/hibiki/Robomech_HR/Eglantyne/simulation/build/champ_navigation': CMAKE_PREFIX_PATH=/opt/ros/humble /usr/bin/cmake --install /home/hibiki/Robomech_HR/Eglantyne/simulation/build/champ_navigation
[0.189s] -- Install configuration: ""
[0.189s] -- Up-to-date: /home/hibiki/Robomech_HR/Eglantyne/simulation/install/champ_navigation/share/champ_navigation/launch
[0.189s] -- Up-to-date: /home/hibiki/Robomech_HR/Eglantyne/simulation/install/champ_navigation/share/champ_navigation/launch/navigate.launch.py
[0.189s] -- Up-to-date: /home/hibiki/Robomech_HR/Eglantyne/simulation/install/champ_navigation/share/champ_navigation/launch/slam.launch.py
[0.189s] -- Up-to-date: /home/hibiki/Robomech_HR/Eglantyne/simulation/install/champ_navigation/share/champ_navigation/rviz
[0.190s] -- Up-to-date: /home/hibiki/Robomech_HR/Eglantyne/simulation/install/champ_navigation/share/champ_navigation/rviz/slam.rviz
[0.190s] -- Up-to-date: /home/hibiki/Robomech_HR/Eglantyne/simulation/install/champ_navigation/share/champ_navigation/rviz/navigation.rviz
[0.190s] -- Up-to-date: /home/hibiki/Robomech_HR/Eglantyne/simulation/install/champ_navigation/share/champ_navigation/rviz/navigation_minimal.rviz
[0.190s] -- Up-to-date: /home/hibiki/Robomech_HR/Eglantyne/simulation/install/champ_navigation/share/ament_index/resource_index/package_run_dependencies/champ_navigation
[0.190s] -- Up-to-date: /home/hibiki/Robomech_HR/Eglantyne/simulation/install/champ_navigation/share/ament_index/resource_index/parent_prefix_path/champ_navigation
[0.190s] -- Up-to-date: /home/hibiki/Robomech_HR/Eglantyne/simulation/install/champ_navigation/share/champ_navigation/environment/ament_prefix_path.sh
[0.190s] -- Up-to-date: /home/hibiki/Robomech_HR/Eglantyne/simulation/install/champ_navigation/share/champ_navigation/environment/ament_prefix_path.dsv
[0.190s] -- Up-to-date: /home/hibiki/Robomech_HR/Eglantyne/simulation/install/champ_navigation/share/champ_navigation/environment/path.sh
[0.190s] -- Up-to-date: /home/hibiki/Robomech_HR/Eglantyne/simulation/install/champ_navigation/share/champ_navigation/environment/path.dsv
[0.190s] -- Up-to-date: /home/hibiki/Robomech_HR/Eglantyne/simulation/install/champ_navigation/share/champ_navigation/local_setup.bash
[0.190s] -- Up-to-date: /home/hibiki/Robomech_HR/Eglantyne/simulation/install/champ_navigation/share/champ_navigation/local_setup.sh
[0.191s] -- Up-to-date: /home/hibiki/Robomech_HR/Eglantyne/simulation/install/champ_navigation/share/champ_navigation/local_setup.zsh
[0.191s] -- Up-to-date: /home/hibiki/Robomech_HR/Eglantyne/simulation/install/champ_navigation/share/champ_navigation/local_setup.dsv
[0.191s] -- Installing: /home/hibiki/Robomech_HR/Eglantyne/simulation/install/champ_navigation/share/champ_navigation/package.dsv
[0.191s] -- Up-to-date: /home/hibiki/Robomech_HR/Eglantyne/simulation/install/champ_navigation/share/ament_index/resource_index/packages/champ_navigation
[0.191s] -- Up-to-date: /home/hibiki/Robomech_HR/Eglantyne/simulation/install/champ_navigation/share/champ_navigation/cmake/champ_navigationConfig.cmake
[0.191s] -- Up-to-date: /home/hibiki/Robomech_HR/Eglantyne/simulation/install/champ_navigation/share/champ_navigation/cmake/champ_navigationConfig-version.cmake
[0.191s] -- Up-to-date: /home/hibiki/Robomech_HR/Eglantyne/simulation/install/champ_navigation/share/champ_navigation/package.xml
[0.242s] Invoked command in '/home/hibiki/Robomech_HR/Eglantyne/simulation/build/champ_navigation' returned '0': CMAKE_PREFIX_PATH=/opt/ros/humble /usr/bin/cmake --install /home/hibiki/Robomech_HR/Eglantyne/simulation/build/champ_navigation
