[ 75%] Built target pub_test
[ 75%] Built target zero_pub
[ 75%] Built target pub_control
[ 87%] [32mBuilding CXX object CMakeFiles/walk_test.dir/src/test/walk_test.cpp.o[0m
[01m[K/home/hibiki/Robomech_HR/Eglantyne/simulation/src/simple_sim/src/test/walk_test.cpp:[m[K In member function ‘[01m[Kvoid WalkTest::traj_to_motion()[m[K’:
[01m[K/home/hibiki/Robomech_HR/Eglantyne/simulation/src/simple_sim/src/test/walk_test.cpp:112:34:[m[K [01;31m[Kerror: [m[Kunable to deduce ‘[01m[Kconst auto**[m[K’ from ‘[01m[K__for_begin .__gnu_cxx::__normal_iterator<Link**, std::vector<Link*> >::operator*()[m[K’
  112 |         for (const auto** link : [01;31m[Klink_vec[m[K){ foot_motion.push_back(link->getq()); }
      |                                  [01;31m[K^~~~~~~~[m[K
[01m[K/home/hibiki/Robomech_HR/Eglantyne/simulation/src/simple_sim/src/test/walk_test.cpp:112:34:[m[K [01;36m[Knote: [m[K  mismatched types ‘[01m[Kconst auto*[m[K’ and ‘[01m[KLink[m[K’
[01m[K/home/hibiki/Robomech_HR/Eglantyne/simulation/src/simple_sim/src/test/walk_test.cpp:[m[K In member function ‘[01m[Kvoid WalkTest::pub_walk_trajectory(std_msgs::msg::String)[m[K’:
[01m[K/home/hibiki/Robomech_HR/Eglantyne/simulation/src/simple_sim/src/test/walk_test.cpp:131:32:[m[K [01;31m[Kerror: [m[Kno matching function for call to ‘[01m[Kstd::vector<trajectory_msgs::msg::JointTrajectoryPoint_<std::allocator<void> >, std::allocator<trajectory_msgs::msg::JointTrajectoryPoint_<std::allocator<void> > > >::push_back(std::vector<double, std::allocator<double> >&)[m[K’
  131 |         [01;31m[Kmotion.points.push_back(pos)[m[K;
      |         [01;31m[K~~~~~~~~~~~~~~~~~~~~~~~^~~~~[m[K
In file included from [01m[K/usr/include/c++/11/vector:67[m[K,
                 from [01m[K/usr/include/c++/11/functional:62[m[K,
                 from [01m[K/home/hibiki/Robomech_HR/Eglantyne/simulation/src/simple_sim/src/test/walk_test.hpp:2[m[K,
                 from [01m[K/home/hibiki/Robomech_HR/Eglantyne/simulation/src/simple_sim/src/test/walk_test.cpp:1[m[K:
[01m[K/usr/include/c++/11/bits/stl_vector.h:1187:7:[m[K [01;36m[Knote: [m[Kcandidate: ‘[01m[Kvoid std::vector<_Tp, _Alloc>::push_back(const value_type&) [with _Tp = trajectory_msgs::msg::JointTrajectoryPoint_<std::allocator<void> >; _Alloc = std::allocator<trajectory_msgs::msg::JointTrajectoryPoint_<std::allocator<void> > >; std::vector<_Tp, _Alloc>::value_type = trajectory_msgs::msg::JointTrajectoryPoint_<std::allocator<void> >][m[K’
 1187 |       [01;36m[Kpush_back[m[K(const value_type& __x)
      |       [01;36m[K^~~~~~~~~[m[K
[01m[K/usr/include/c++/11/bits/stl_vector.h:1187:35:[m[K [01;36m[Knote: [m[K  no known conversion for argument 1 from ‘[01m[Kstd::vector<double, std::allocator<double> >[m[K’ to ‘[01m[Kconst value_type&[m[K’ {aka ‘[01m[Kconst trajectory_msgs::msg::JointTrajectoryPoint_<std::allocator<void> >&[m[K’}
 1187 |       push_back([01;36m[Kconst value_type& __x[m[K)
      |                 [01;36m[K~~~~~~~~~~~~~~~~~~^~~[m[K
[01m[K/usr/include/c++/11/bits/stl_vector.h:1203:7:[m[K [01;36m[Knote: [m[Kcandidate: ‘[01m[Kvoid std::vector<_Tp, _Alloc>::push_back(std::vector<_Tp, _Alloc>::value_type&&) [with _Tp = trajectory_msgs::msg::JointTrajectoryPoint_<std::allocator<void> >; _Alloc = std::allocator<trajectory_msgs::msg::JointTrajectoryPoint_<std::allocator<void> > >; std::vector<_Tp, _Alloc>::value_type = trajectory_msgs::msg::JointTrajectoryPoint_<std::allocator<void> >][m[K’
 1203 |       [01;36m[Kpush_back[m[K(value_type&& __x)
      |       [01;36m[K^~~~~~~~~[m[K
[01m[K/usr/include/c++/11/bits/stl_vector.h:1203:30:[m[K [01;36m[Knote: [m[K  no known conversion for argument 1 from ‘[01m[Kstd::vector<double, std::allocator<double> >[m[K’ to ‘[01m[Kstd::vector<trajectory_msgs::msg::JointTrajectoryPoint_<std::allocator<void> >, std::allocator<trajectory_msgs::msg::JointTrajectoryPoint_<std::allocator<void> > > >::value_type&&[m[K’ {aka ‘[01m[Ktrajectory_msgs::msg::JointTrajectoryPoint_<std::allocator<void> >&&[m[K’}
 1203 |       push_back([01;36m[Kvalue_type&& __x[m[K)
      |                 [01;36m[K~~~~~~~~~~~~~^~~[m[K
gmake[2]: *** [CMakeFiles/walk_test.dir/build.make:76: CMakeFiles/walk_test.dir/src/test/walk_test.cpp.o] Error 1
gmake[1]: *** [CMakeFiles/Makefile2:221: CMakeFiles/walk_test.dir/all] Error 2
gmake: *** [Makefile:146: all] Error 2
