[0.010s] Invoking command in '/home/hibiki/Robomech_HR/Eglantyne/build/simple_sim': CMAKE_PREFIX_PATH=/home/hibiki/Robomech_HR/Eglantyne/install/simple_sim:/home/hibiki/Robomech_HR/Eglantyne/simulation/install/simple_sim:/home/hibiki/Robomech_HR/Eglantyne/simulation/install/ros2_control_demos:/home/hibiki/Robomech_HR/Eglantyne/simulation/install/ros2_control_demo_example_9:/home/hibiki/Robomech_HR/Eglantyne/simulation/install/ros2_control_demo_example_8:/home/hibiki/Robomech_HR/Eglantyne/simulation/install/ros2_control_demo_example_7:/home/hibiki/Robomech_HR/Eglantyne/simulation/install/ros2_control_demo_example_6:/home/hibiki/Robomech_HR/Eglantyne/simulation/install/ros2_control_demo_example_15:/home/hibiki/Robomech_HR/Eglantyne/simulation/install/ros2_control_demo_example_5:/home/hibiki/Robomech_HR/Eglantyne/simulation/install/ros2_control_demo_example_4:/home/hibiki/Robomech_HR/Eglantyne/simulation/install/ros2_control_demo_example_3:/home/hibiki/Robomech_HR/Eglantyne/simulation/install/ros2_control_demo_example_2:/home/hibiki/Robomech_HR/Eglantyne/simulation/install/ros2_control_demo_example_14:/home/hibiki/Robomech_HR/Eglantyne/simulation/install/ros2_control_demo_example_12:/home/hibiki/Robomech_HR/Eglantyne/simulation/install/ros2_control_demo_example_11:/home/hibiki/Robomech_HR/Eglantyne/simulation/install/ros2_control_demo_example_10:/home/hibiki/Robomech_HR/Eglantyne/simulation/install/ros2_control_demo_example_1:/home/hibiki/Robomech_HR/Eglantyne/simulation/install/ros2_control_demo_description:/home/hibiki/Robomech_HR/Eglantyne/simulation/install/gazebo_ros2_control_demos:/home/hibiki/Robomech_HR/Eglantyne/simulation/install/champ_teleop:/home/hibiki/Robomech_HR/Eglantyne/simulation/install/champ_navigation:/home/hibiki/Robomech_HR/Eglantyne/simulation/install/champ_gazebo:/home/hibiki/Robomech_HR/Eglantyne/simulation/install/champ_bringup:/home/hibiki/Robomech_HR/Eglantyne/simulation/install/champ_base:/home/hibiki/Robomech_HR/Eglantyne/simulation/install/champ_msgs:/home/hibiki/Robomech_HR/Eglantyne/simulation/install/champ_description:/home/hibiki/Robomech_HR/Eglantyne/simulation/install/champ_config:/home/hibiki/Robomech_HR/Eglantyne/simulation/install/ros2_control_demo_testing:/opt/ros/humble:/home/hibiki/Robomech_HR/Eglantyne/simulation/install/champ /usr/bin/cmake --build /home/hibiki/Robomech_HR/Eglantyne/build/simple_sim -- -j16 -l16
[0.041s] [ 20%] Built target pub_test
[0.042s] [ 60%] Built target pub_control
[0.042s] [ 60%] Built target zero_pub
[0.047s] [ 70%] [32mBuilding CXX object CMakeFiles/walk_test.dir/src/test/walk_test.cpp.o[0m
[1.877s] [01m[K/home/hibiki/Robomech_HR/Eglantyne/simulation/src/simple_sim/src/test/walk_test.cpp:[m[K In member function ‘[01m[Kvoid WalkTest::integrate_traj()[m[K’:
[1.877s] [01m[K/home/hibiki/Robomech_HR/Eglantyne/simulation/src/simple_sim/src/test/walk_test.cpp:126:27:[m[K [01;35m[Kwarning: [m[Kcomparison of integer expressions of different signedness: ‘[01m[Ksize_t[m[K’ {aka ‘[01m[Klong unsigned int[m[K’} and ‘[01m[KEigen::EigenBase<Eigen::Matrix<double, 3, 1> >::Index[m[K’ {aka ‘[01m[Klong int[m[K’} [[01;35m[K]8;;https://gcc.gnu.org/onlinedocs/gcc/Warning-Options.html#index-Wsign-compare-Wsign-compare]8;;[m[K]
[1.877s]   126 |         for (size_t j=0; [01;35m[Kj<body_to_fixed_foot_traj[i].size()[m[K; ++j){
[1.877s]       |                          [01;35m[K~^~~~~~~~~~~~~~~~~~~~~~~~~~~~~~~~~~[m[K
[1.877s] [01m[K/home/hibiki/Robomech_HR/Eglantyne/simulation/src/simple_sim/src/test/walk_test.cpp:132:27:[m[K [01;35m[Kwarning: [m[Kcomparison of integer expressions of different signedness: ‘[01m[Ksize_t[m[K’ {aka ‘[01m[Klong unsigned int[m[K’} and ‘[01m[KEigen::EigenBase<Eigen::Matrix<double, 3, 1> >::Index[m[K’ {aka ‘[01m[Klong int[m[K’} [[01;35m[K]8;;https://gcc.gnu.org/onlinedocs/gcc/Warning-Options.html#index-Wsign-compare-Wsign-compare]8;;[m[K]
[1.877s]   132 |         for (size_t j=0; [01;35m[Kj<body_to_swing_foot_traj[i].size()[m[K; ++j){
[1.877s]       |                          [01;35m[K~^~~~~~~~~~~~~~~~~~~~~~~~~~~~~~~~~~[m[K
[6.678s] [ 80%] [32m[1mLinking CXX executable walk_test[0m
[7.212s] [100%] Built target walk_test
[7.218s] Invoked command in '/home/hibiki/Robomech_HR/Eglantyne/build/simple_sim' returned '0': CMAKE_PREFIX_PATH=/home/hibiki/Robomech_HR/Eglantyne/install/simple_sim:/home/hibiki/Robomech_HR/Eglantyne/simulation/install/simple_sim:/home/hibiki/Robomech_HR/Eglantyne/simulation/install/ros2_control_demos:/home/hibiki/Robomech_HR/Eglantyne/simulation/install/ros2_control_demo_example_9:/home/hibiki/Robomech_HR/Eglantyne/simulation/install/ros2_control_demo_example_8:/home/hibiki/Robomech_HR/Eglantyne/simulation/install/ros2_control_demo_example_7:/home/hibiki/Robomech_HR/Eglantyne/simulation/install/ros2_control_demo_example_6:/home/hibiki/Robomech_HR/Eglantyne/simulation/install/ros2_control_demo_example_15:/home/hibiki/Robomech_HR/Eglantyne/simulation/install/ros2_control_demo_example_5:/home/hibiki/Robomech_HR/Eglantyne/simulation/install/ros2_control_demo_example_4:/home/hibiki/Robomech_HR/Eglantyne/simulation/install/ros2_control_demo_example_3:/home/hibiki/Robomech_HR/Eglantyne/simulation/install/ros2_control_demo_example_2:/home/hibiki/Robomech_HR/Eglantyne/simulation/install/ros2_control_demo_example_14:/home/hibiki/Robomech_HR/Eglantyne/simulation/install/ros2_control_demo_example_12:/home/hibiki/Robomech_HR/Eglantyne/simulation/install/ros2_control_demo_example_11:/home/hibiki/Robomech_HR/Eglantyne/simulation/install/ros2_control_demo_example_10:/home/hibiki/Robomech_HR/Eglantyne/simulation/install/ros2_control_demo_example_1:/home/hibiki/Robomech_HR/Eglantyne/simulation/install/ros2_control_demo_description:/home/hibiki/Robomech_HR/Eglantyne/simulation/install/gazebo_ros2_control_demos:/home/hibiki/Robomech_HR/Eglantyne/simulation/install/champ_teleop:/home/hibiki/Robomech_HR/Eglantyne/simulation/install/champ_navigation:/home/hibiki/Robomech_HR/Eglantyne/simulation/install/champ_gazebo:/home/hibiki/Robomech_HR/Eglantyne/simulation/install/champ_bringup:/home/hibiki/Robomech_HR/Eglantyne/simulation/install/champ_base:/home/hibiki/Robomech_HR/Eglantyne/simulation/install/champ_msgs:/home/hibiki/Robomech_HR/Eglantyne/simulation/install/champ_description:/home/hibiki/Robomech_HR/Eglantyne/simulation/install/champ_config:/home/hibiki/Robomech_HR/Eglantyne/simulation/install/ros2_control_demo_testing:/opt/ros/humble:/home/hibiki/Robomech_HR/Eglantyne/simulation/install/champ /usr/bin/cmake --build /home/hibiki/Robomech_HR/Eglantyne/build/simple_sim -- -j16 -l16
[7.287s] Invoking command in '/home/hibiki/Robomech_HR/Eglantyne/build/simple_sim': CMAKE_PREFIX_PATH=/home/hibiki/Robomech_HR/Eglantyne/install/simple_sim:/home/hibiki/Robomech_HR/Eglantyne/simulation/install/simple_sim:/home/hibiki/Robomech_HR/Eglantyne/simulation/install/ros2_control_demos:/home/hibiki/Robomech_HR/Eglantyne/simulation/install/ros2_control_demo_example_9:/home/hibiki/Robomech_HR/Eglantyne/simulation/install/ros2_control_demo_example_8:/home/hibiki/Robomech_HR/Eglantyne/simulation/install/ros2_control_demo_example_7:/home/hibiki/Robomech_HR/Eglantyne/simulation/install/ros2_control_demo_example_6:/home/hibiki/Robomech_HR/Eglantyne/simulation/install/ros2_control_demo_example_15:/home/hibiki/Robomech_HR/Eglantyne/simulation/install/ros2_control_demo_example_5:/home/hibiki/Robomech_HR/Eglantyne/simulation/install/ros2_control_demo_example_4:/home/hibiki/Robomech_HR/Eglantyne/simulation/install/ros2_control_demo_example_3:/home/hibiki/Robomech_HR/Eglantyne/simulation/install/ros2_control_demo_example_2:/home/hibiki/Robomech_HR/Eglantyne/simulation/install/ros2_control_demo_example_14:/home/hibiki/Robomech_HR/Eglantyne/simulation/install/ros2_control_demo_example_12:/home/hibiki/Robomech_HR/Eglantyne/simulation/install/ros2_control_demo_example_11:/home/hibiki/Robomech_HR/Eglantyne/simulation/install/ros2_control_demo_example_10:/home/hibiki/Robomech_HR/Eglantyne/simulation/install/ros2_control_demo_example_1:/home/hibiki/Robomech_HR/Eglantyne/simulation/install/ros2_control_demo_description:/home/hibiki/Robomech_HR/Eglantyne/simulation/install/gazebo_ros2_control_demos:/home/hibiki/Robomech_HR/Eglantyne/simulation/install/champ_teleop:/home/hibiki/Robomech_HR/Eglantyne/simulation/install/champ_navigation:/home/hibiki/Robomech_HR/Eglantyne/simulation/install/champ_gazebo:/home/hibiki/Robomech_HR/Eglantyne/simulation/install/champ_bringup:/home/hibiki/Robomech_HR/Eglantyne/simulation/install/champ_base:/home/hibiki/Robomech_HR/Eglantyne/simulation/install/champ_msgs:/home/hibiki/Robomech_HR/Eglantyne/simulation/install/champ_description:/home/hibiki/Robomech_HR/Eglantyne/simulation/install/champ_config:/home/hibiki/Robomech_HR/Eglantyne/simulation/install/ros2_control_demo_testing:/opt/ros/humble:/home/hibiki/Robomech_HR/Eglantyne/simulation/install/champ /usr/bin/cmake --install /home/hibiki/Robomech_HR/Eglantyne/build/simple_sim
[7.293s] -- Install configuration: ""
[7.294s] -- Up-to-date: /home/hibiki/Robomech_HR/Eglantyne/install/simple_sim/lib/simple_sim/pub_control
[7.294s] -- Up-to-date: /home/hibiki/Robomech_HR/Eglantyne/install/simple_sim/lib/simple_sim/pub_test
[7.294s] -- Up-to-date: /home/hibiki/Robomech_HR/Eglantyne/install/simple_sim/lib/simple_sim/zero_pub
[7.294s] -- Installing: /home/hibiki/Robomech_HR/Eglantyne/install/simple_sim/lib/simple_sim/walk_test
[7.299s] -- Set runtime path of "/home/hibiki/Robomech_HR/Eglantyne/install/simple_sim/lib/simple_sim/walk_test" to ""
[7.299s] -- Up-to-date: /home/hibiki/Robomech_HR/Eglantyne/install/simple_sim/share/simple_sim//launch
[7.300s] -- Up-to-date: /home/hibiki/Robomech_HR/Eglantyne/install/simple_sim/share/simple_sim//launch/view_robot.launch.py
[7.300s] -- Up-to-date: /home/hibiki/Robomech_HR/Eglantyne/install/simple_sim/share/simple_sim//urdf
[7.300s] -- Up-to-date: /home/hibiki/Robomech_HR/Eglantyne/install/simple_sim/share/simple_sim//urdf/ros2_control_conf.xacro
[7.300s] -- Up-to-date: /home/hibiki/Robomech_HR/Eglantyne/install/simple_sim/share/simple_sim//urdf/gazebo_setup.xacro
[7.300s] -- Up-to-date: /home/hibiki/Robomech_HR/Eglantyne/install/simple_sim/share/simple_sim//urdf/body_info
[7.300s] -- Up-to-date: /home/hibiki/Robomech_HR/Eglantyne/install/simple_sim/share/simple_sim//urdf/body_info/eglantyne_body.xacro
[7.300s] -- Up-to-date: /home/hibiki/Robomech_HR/Eglantyne/install/simple_sim/share/simple_sim//urdf/body_info/eglantyne_arm.xacro
[7.301s] -- Up-to-date: /home/hibiki/Robomech_HR/Eglantyne/install/simple_sim/share/simple_sim//urdf/body_info/eglantyne_leg.xacro
[7.301s] -- Up-to-date: /home/hibiki/Robomech_HR/Eglantyne/install/simple_sim/share/simple_sim//urdf/body_info/shape_macro.xacro
[7.301s] -- Up-to-date: /home/hibiki/Robomech_HR/Eglantyne/install/simple_sim/share/simple_sim//urdf/eglantyne.xacro
[7.301s] -- Up-to-date: /home/hibiki/Robomech_HR/Eglantyne/install/simple_sim/share/simple_sim//launch
[7.301s] -- Up-to-date: /home/hibiki/Robomech_HR/Eglantyne/install/simple_sim/share/simple_sim//launch/eglantyne_controller.launch.py
[7.301s] -- Up-to-date: /home/hibiki/Robomech_HR/Eglantyne/install/simple_sim/share/simple_sim//config
[7.301s] -- Up-to-date: /home/hibiki/Robomech_HR/Eglantyne/install/simple_sim/share/simple_sim//config/eglantyne_controller.yaml
[7.301s] -- Up-to-date: /home/hibiki/Robomech_HR/Eglantyne/install/simple_sim/share/ament_index/resource_index/package_run_dependencies/simple_sim
[7.301s] -- Up-to-date: /home/hibiki/Robomech_HR/Eglantyne/install/simple_sim/share/ament_index/resource_index/parent_prefix_path/simple_sim
[7.301s] -- Up-to-date: /home/hibiki/Robomech_HR/Eglantyne/install/simple_sim/share/simple_sim/environment/ament_prefix_path.sh
[7.301s] -- Up-to-date: /home/hibiki/Robomech_HR/Eglantyne/install/simple_sim/share/simple_sim/environment/ament_prefix_path.dsv
[7.301s] -- Up-to-date: /home/hibiki/Robomech_HR/Eglantyne/install/simple_sim/share/simple_sim/environment/path.sh
[7.301s] -- Up-to-date: /home/hibiki/Robomech_HR/Eglantyne/install/simple_sim/share/simple_sim/environment/path.dsv
[7.301s] -- Up-to-date: /home/hibiki/Robomech_HR/Eglantyne/install/simple_sim/share/simple_sim/local_setup.bash
[7.302s] -- Up-to-date: /home/hibiki/Robomech_HR/Eglantyne/install/simple_sim/share/simple_sim/local_setup.sh
[7.302s] -- Up-to-date: /home/hibiki/Robomech_HR/Eglantyne/install/simple_sim/share/simple_sim/local_setup.zsh
[7.302s] -- Up-to-date: /home/hibiki/Robomech_HR/Eglantyne/install/simple_sim/share/simple_sim/local_setup.dsv
[7.302s] -- Installing: /home/hibiki/Robomech_HR/Eglantyne/install/simple_sim/share/simple_sim/package.dsv
[7.302s] -- Up-to-date: /home/hibiki/Robomech_HR/Eglantyne/install/simple_sim/share/ament_index/resource_index/packages/simple_sim
[7.302s] -- Up-to-date: /home/hibiki/Robomech_HR/Eglantyne/install/simple_sim/share/simple_sim/cmake/simple_simConfig.cmake
[7.302s] -- Up-to-date: /home/hibiki/Robomech_HR/Eglantyne/install/simple_sim/share/simple_sim/cmake/simple_simConfig-version.cmake
[7.302s] -- Up-to-date: /home/hibiki/Robomech_HR/Eglantyne/install/simple_sim/share/simple_sim/package.xml
[7.303s] Invoked command in '/home/hibiki/Robomech_HR/Eglantyne/build/simple_sim' returned '0': CMAKE_PREFIX_PATH=/home/hibiki/Robomech_HR/Eglantyne/install/simple_sim:/home/hibiki/Robomech_HR/Eglantyne/simulation/install/simple_sim:/home/hibiki/Robomech_HR/Eglantyne/simulation/install/ros2_control_demos:/home/hibiki/Robomech_HR/Eglantyne/simulation/install/ros2_control_demo_example_9:/home/hibiki/Robomech_HR/Eglantyne/simulation/install/ros2_control_demo_example_8:/home/hibiki/Robomech_HR/Eglantyne/simulation/install/ros2_control_demo_example_7:/home/hibiki/Robomech_HR/Eglantyne/simulation/install/ros2_control_demo_example_6:/home/hibiki/Robomech_HR/Eglantyne/simulation/install/ros2_control_demo_example_15:/home/hibiki/Robomech_HR/Eglantyne/simulation/install/ros2_control_demo_example_5:/home/hibiki/Robomech_HR/Eglantyne/simulation/install/ros2_control_demo_example_4:/home/hibiki/Robomech_HR/Eglantyne/simulation/install/ros2_control_demo_example_3:/home/hibiki/Robomech_HR/Eglantyne/simulation/install/ros2_control_demo_example_2:/home/hibiki/Robomech_HR/Eglantyne/simulation/install/ros2_control_demo_example_14:/home/hibiki/Robomech_HR/Eglantyne/simulation/install/ros2_control_demo_example_12:/home/hibiki/Robomech_HR/Eglantyne/simulation/install/ros2_control_demo_example_11:/home/hibiki/Robomech_HR/Eglantyne/simulation/install/ros2_control_demo_example_10:/home/hibiki/Robomech_HR/Eglantyne/simulation/install/ros2_control_demo_example_1:/home/hibiki/Robomech_HR/Eglantyne/simulation/install/ros2_control_demo_description:/home/hibiki/Robomech_HR/Eglantyne/simulation/install/gazebo_ros2_control_demos:/home/hibiki/Robomech_HR/Eglantyne/simulation/install/champ_teleop:/home/hibiki/Robomech_HR/Eglantyne/simulation/install/champ_navigation:/home/hibiki/Robomech_HR/Eglantyne/simulation/install/champ_gazebo:/home/hibiki/Robomech_HR/Eglantyne/simulation/install/champ_bringup:/home/hibiki/Robomech_HR/Eglantyne/simulation/install/champ_base:/home/hibiki/Robomech_HR/Eglantyne/simulation/install/champ_msgs:/home/hibiki/Robomech_HR/Eglantyne/simulation/install/champ_description:/home/hibiki/Robomech_HR/Eglantyne/simulation/install/champ_config:/home/hibiki/Robomech_HR/Eglantyne/simulation/install/ros2_control_demo_testing:/opt/ros/humble:/home/hibiki/Robomech_HR/Eglantyne/simulation/install/champ /usr/bin/cmake --install /home/hibiki/Robomech_HR/Eglantyne/build/simple_sim
