[0.009s] Invoking command in '/home/hibiki/Robomech_HR/Eglantyne/simulation/build/simple_sim': CMAKE_PREFIX_PATH=/opt/ros/humble /usr/bin/cmake --build /home/hibiki/Robomech_HR/Eglantyne/simulation/build/simple_sim -- -j16 -l16
[0.034s] [ 10%] Built target pub_control
[0.036s] [ 30%] Built target squwad_esp
[0.036s] [ 30%] Built target esp_control
[0.038s] [ 40%] Built target pub_test
[0.038s] [ 50%] Built target zero_pub
[0.039s] [ 70%] Built target walk_test
[0.039s] [ 90%] Built target omuni_dir_walk
[0.039s] [ 95%] [32mBuilding CXX object CMakeFiles/joy_handler.dir/simenv/controller/joy_handler.cpp.o[0m
[1.363s] [01m[K/home/hibiki/Robomech_HR/Eglantyne/simulation/src/simple_sim/simenv/controller/joy_handler.cpp:[m[K In constructor ‘[01m[KJoyHandler::JoyHandler()[m[K’:
[1.363s] [01m[K/home/hibiki/Robomech_HR/Eglantyne/simulation/src/simple_sim/simenv/controller/joy_handler.cpp:24:36:[m[K [01;31m[Kerror: [m[K‘[01m[KOmuniDirWalk[m[K’ has not been declared
[1.363s]    24 |             "/joy", 10, std::bind(&[01;31m[KOmuniDirWalk[m[K::update_joy_order, this, _1));
[1.364s]       |                                    [01;31m[K^~~~~~~~~~~~[m[K
[1.364s] [01m[K/home/hibiki/Robomech_HR/Eglantyne/simulation/src/simple_sim/simenv/controller/joy_handler.cpp:26:47:[m[K [01;31m[Kerror: [m[K‘[01m[KOmuniDirWalk[m[K’ has not been declared
[1.364s]    26 |             "/motion_trigger", 10, std::bind(&[01;31m[KOmuniDirWalk[m[K::check_state, this, _1));
[1.364s]       |                                               [01;31m[K^~~~~~~~~~~~[m[K
[1.364s] [01m[K/home/hibiki/Robomech_HR/Eglantyne/simulation/src/simple_sim/simenv/controller/joy_handler.cpp:[m[K In member function ‘[01m[Kvoid JoyHandler::update_joy_order(sensor_msgs::msg::Joy)[m[K’:
[1.364s] [01m[K/home/hibiki/Robomech_HR/Eglantyne/simulation/src/simple_sim/simenv/controller/joy_handler.cpp:35:17:[m[K [01;31m[Kerror: [m[Kexpected ‘[01m[K;[m[K’ before ‘[01m[Kpub_trig_[m[K’
[1.365s]    35 |                 [01;31m[Kpub_trig_[m[K->publish(trig)
[1.365s]       |                 [01;31m[K^~~~~~~~~[m[K
[1.365s] [01m[K/home/hibiki/Robomech_HR/Eglantyne/simulation/src/simple_sim/simenv/controller/joy_handler.cpp:39:42:[m[K [01;31m[Kerror: [m[Kexpected primary-expression before ‘[01m[K{[m[K’ token
[1.365s]    39 |             }else if(!(joy_input.axes == [01;31m[K{[m[K0,0,0,0,0,0})){
[1.365s]       |                                          [01;31m[K^[m[K
[1.365s] [01m[K/home/hibiki/Robomech_HR/Eglantyne/simulation/src/simple_sim/simenv/controller/joy_handler.cpp:39:42:[m[K [01;31m[Kerror: [m[Kexpected ‘[01m[K)[m[K’ before ‘[01m[K{[m[K’ token
[1.365s] [01m[K/home/hibiki/Robomech_HR/Eglantyne/simulation/src/simple_sim/simenv/controller/joy_handler.cpp:39:23:[m[K [01;36m[Knote: [m[Kto match this ‘[01m[K([m[K’
[1.365s]    39 |             }else if(![01;36m[K([m[Kjoy_input.axes == {0,0,0,0,0,0})){
[1.365s]       |                       [01;36m[K^[m[K
[1.365s] [01m[K/home/hibiki/Robomech_HR/Eglantyne/simulation/src/simple_sim/simenv/controller/joy_handler.cpp:39:56:[m[K [01;31m[Kerror: [m[Kexpected primary-expression before ‘[01m[K)[m[K’ token
[1.365s]    39 |             }else if(!(joy_input.axes == {0,0,0,0,0,0})[01;31m[K)[m[K{
[1.365s]       |                                                        [01;31m[K^[m[K
[1.365s] [01m[K/home/hibiki/Robomech_HR/Eglantyne/simulation/src/simple_sim/simenv/controller/joy_handler.cpp:[m[K In member function ‘[01m[Kvoid JoyHandler::check_state(Int32)[m[K’:
[1.365s] [01m[K/home/hibiki/Robomech_HR/Eglantyne/simulation/src/simple_sim/simenv/controller/joy_handler.cpp:46:23:[m[K [01;31m[Kerror: [m[Kcannot convert ‘[01m[KInt32[m[K’ {aka ‘[01m[Kstd_msgs::msg::Int32_<std::allocator<void> >[m[K’} to ‘[01m[Kint[m[K’ in assignment
[1.366s]    46 |         this->state = [01;31m[Ktrig[m[K;
[1.366s]       |                       [01;31m[K^~~~[m[K
[1.366s]       |                       [01;31m[K|[m[K
[1.366s]       |                       [01;31m[KInt32 {aka std_msgs::msg::Int32_<std::allocator<void> >}[m[K
[1.817s] gmake[2]: *** [CMakeFiles/joy_handler.dir/build.make:76: CMakeFiles/joy_handler.dir/simenv/controller/joy_handler.cpp.o] Error 1
[1.817s] gmake[1]: *** [CMakeFiles/Makefile2:203: CMakeFiles/joy_handler.dir/all] Error 2
[1.817s] gmake: *** [Makefile:146: all] Error 2
[1.818s] Invoked command in '/home/hibiki/Robomech_HR/Eglantyne/simulation/build/simple_sim' returned '2': CMAKE_PREFIX_PATH=/opt/ros/humble /usr/bin/cmake --build /home/hibiki/Robomech_HR/Eglantyne/simulation/build/simple_sim -- -j16 -l16
