[0.009s] Invoking command in '/home/hibiki/Robomech_HR/Eglantyne/simulation/build/simple_sim': CMAKE_PREFIX_PATH=/opt/ros/humble /usr/bin/cmake --build /home/hibiki/Robomech_HR/Eglantyne/simulation/build/simple_sim -- -j16 -l16
[0.032s] -- Found ament_cmake: 1.3.10 (/opt/ros/humble/share/ament_cmake/cmake)
[0.129s] -- Found control_msgs: 4.6.0 (/opt/ros/humble/share/control_msgs/cmake)
[0.165s] -- Found rosidl_generator_c: 3.1.5 (/opt/ros/humble/share/rosidl_generator_c/cmake)
[0.169s] -- Found rosidl_adapter: 3.1.5 (/opt/ros/humble/share/rosidl_adapter/cmake)
[0.178s] -- Found rosidl_generator_cpp: 3.1.5 (/opt/ros/humble/share/rosidl_generator_cpp/cmake)
[0.191s] -- Using all available rosidl_typesupport_c: rosidl_typesupport_fastrtps_c;rosidl_typesupport_introspection_c
[0.206s] -- Using all available rosidl_typesupport_cpp: rosidl_typesupport_fastrtps_cpp;rosidl_typesupport_introspection_cpp
[0.342s] -- Found rclcpp: 16.0.10 (/opt/ros/humble/share/rclcpp/cmake)
[0.380s] -- Found rmw_implementation_cmake: 6.1.2 (/opt/ros/humble/share/rmw_implementation_cmake/cmake)
[0.383s] -- Found rmw_fastrtps_cpp: 6.2.7 (/opt/ros/humble/share/rmw_fastrtps_cpp/cmake)
[0.480s] -- Using RMW implementation 'rmw_fastrtps_cpp' as default
[0.528s] -- Found rclcpp_action: 16.0.10 (/opt/ros/humble/share/rclcpp_action/cmake)
[0.538s] -- Found rosidl_default_generators: 1.2.0 (/opt/ros/humble/share/rosidl_default_generators/cmake)
[0.546s] -- Found ament_lint_auto: 0.12.11 (/opt/ros/humble/share/ament_lint_auto/cmake)
[0.621s] -- Added test 'cppcheck' to perform static code analysis on C / C++ code
[0.621s] -- Configured cppcheck include dirs: /home/hibiki/Robomech_HR/Eglantyne/simulation/src/simple_sim/PUBLIC
[0.621s] -- Configured cppcheck exclude dirs and/or files: 
[0.621s] -- Added test 'flake8' to check Python code syntax and style conventions
[0.622s] -- Added test 'lint_cmake' to check CMake code style
[0.623s] -- Added test 'pep257' to check Python code against some of the docstring style conventions in PEP 257
[0.624s] -- Added test 'uncrustify' to check C / C++ code style
[0.624s] -- Configured uncrustify additional arguments: 
[0.624s] -- Added test 'xmllint' to check XML markup files
[0.627s] -- Configuring done
[0.653s] -- Generating done
[0.655s] -- Build files have been written to: /home/hibiki/Robomech_HR/Eglantyne/simulation/build/simple_sim
[0.675s] [  6%] [32mBuilding CXX object CMakeFiles/omuni_dir_walk.dir/src/motion/omuni_dir_walk.cpp.o[0m
[0.678s] [ 18%] Built target squwad_esp
[0.678s] [ 31%] Built target esp_control
[0.679s] [ 43%] Built target pub_control
[0.680s] [ 56%] Built target zero_pub
[0.683s] [ 68%] Built target pub_test
[0.687s] [ 93%] Built target walk_test
[0.796s] In file included from [01m[K/home/hibiki/Robomech_HR/Eglantyne/simulation/src/simple_sim/src/motion/omuni_dir_walk.cpp:1[m[K:
[0.796s] [01m[K/home/hibiki/Robomech_HR/Eglantyne/simulation/src/simple_sim/src/motion/omuni_dir_walk.hpp:11:10:[m[K [01;31m[Kfatal error: [m[Ksensor_msgs/msg/Joy: No such file or directory
[0.796s]    11 | #include [01;31m[K"sensor_msgs/msg/Joy"[m[K
[0.796s]       |          [01;31m[K^~~~~~~~~~~~~~~~~~~~~[m[K
[0.796s] compilation terminated.
[0.798s] gmake[2]: *** [CMakeFiles/omuni_dir_walk.dir/build.make:76: CMakeFiles/omuni_dir_walk.dir/src/motion/omuni_dir_walk.cpp.o] Error 1
[0.798s] gmake[1]: *** [CMakeFiles/Makefile2:201: CMakeFiles/omuni_dir_walk.dir/all] Error 2
[0.798s] gmake: *** [Makefile:146: all] Error 2
[0.799s] Invoked command in '/home/hibiki/Robomech_HR/Eglantyne/simulation/build/simple_sim' returned '2': CMAKE_PREFIX_PATH=/opt/ros/humble /usr/bin/cmake --build /home/hibiki/Robomech_HR/Eglantyne/simulation/build/simple_sim -- -j16 -l16
