[ 10%] Built target squwad_esp
[ 15%] [32mBuilding CXX object CMakeFiles/joy_handler.dir/simenv/controller/joy_handler.cpp.o[0m
[ 45%] Built target zero_pub
[ 55%] Built target walk_test
[ 55%] Built target pub_control
[ 65%] Built target esp_control
[ 75%] Built target pub_test
[ 95%] Built target omuni_dir_walk
[01m[K/home/hibiki/Robomech_HR/Eglantyne/simulation/src/simple_sim/simenv/controller/joy_handler.cpp:29:27:[m[K [01;31m[Kerror: [m[K‘[01m[Ksensor_msgs[m[K’ has not been declared
   29 |     void update_joy_order([01;31m[Ksensor_msgs[m[K::msg::Joy joy_input){
      |                           [01;31m[K^~~~~~~~~~~[m[K
[01m[K/home/hibiki/Robomech_HR/Eglantyne/simulation/src/simple_sim/simenv/controller/joy_handler.cpp:29:49:[m[K [01;31m[Kerror: [m[Kexpected ‘[01m[K,[m[K’ or ‘[01m[K...[m[K’ before ‘[01m[Kjoy_input[m[K’
   29 |     void update_joy_order(sensor_msgs::msg::Joy [01;31m[Kjoy_input[m[K){
      |                                                 [01;31m[K^~~~~~~~~[m[K
[01m[K/home/hibiki/Robomech_HR/Eglantyne/simulation/src/simple_sim/simenv/controller/joy_handler.cpp:51:26:[m[K [01;31m[Kerror: [m[K‘[01m[Ksensor_msgs[m[K’ was not declared in this scope
   51 |     rclcpp::Subscription<[01;31m[Ksensor_msgs[m[K::msg::Joy>::SharedPtr sub_joy_;
      |                          [01;31m[K^~~~~~~~~~~[m[K
[01m[K/home/hibiki/Robomech_HR/Eglantyne/simulation/src/simple_sim/simenv/controller/joy_handler.cpp:51:47:[m[K [01;31m[Kerror: [m[Ktemplate argument 1 is invalid
   51 |     rclcpp::Subscription<sensor_msgs::msg::Joy[01;31m[K>[m[K::SharedPtr sub_joy_;
      |                                               [01;31m[K^[m[K
[01m[K/home/hibiki/Robomech_HR/Eglantyne/simulation/src/simple_sim/simenv/controller/joy_handler.cpp:51:47:[m[K [01;31m[Kerror: [m[Ktemplate argument 3 is invalid
[01m[K/home/hibiki/Robomech_HR/Eglantyne/simulation/src/simple_sim/simenv/controller/joy_handler.cpp:51:47:[m[K [01;31m[Kerror: [m[Ktemplate argument 4 is invalid
[01m[K/home/hibiki/Robomech_HR/Eglantyne/simulation/src/simple_sim/simenv/controller/joy_handler.cpp:51:47:[m[K [01;31m[Kerror: [m[Ktemplate argument 5 is invalid
[01m[K/home/hibiki/Robomech_HR/Eglantyne/simulation/src/simple_sim/simenv/controller/joy_handler.cpp:51:50:[m[K [01;31m[Kerror: [m[Kexpected ‘[01m[K;[m[K’ at end of member declaration
   51 |     rclcpp::Subscription<sensor_msgs::msg::Joy>::[01;31m[KSharedPtr[m[K sub_joy_;
      |                                                  [01;31m[K^~~~~~~~~[m[K
      |                                                           [32m[K;[m[K
[01m[K/home/hibiki/Robomech_HR/Eglantyne/simulation/src/simple_sim/simenv/controller/joy_handler.cpp:51:60:[m[K [01;31m[Kerror: [m[K‘[01m[Ksub_joy_[m[K’ does not name a type
   51 |     rclcpp::Subscription<sensor_msgs::msg::Joy>::SharedPtr [01;31m[Ksub_joy_[m[K;
      |                                                            [01;31m[K^~~~~~~~[m[K
[01m[K/home/hibiki/Robomech_HR/Eglantyne/simulation/src/simple_sim/simenv/controller/joy_handler.cpp:[m[K In constructor ‘[01m[KJoyHandler::JoyHandler()[m[K’:
[01m[K/home/hibiki/Robomech_HR/Eglantyne/simulation/src/simple_sim/simenv/controller/joy_handler.cpp:22:9:[m[K [01;31m[Kerror: [m[K‘[01m[Ksub_joy_[m[K’ was not declared in this scope
   22 |         [01;31m[Ksub_joy_[m[K = this->create_subscription<sensor_msgs::msg::Joy>(
      |         [01;31m[K^~~~~~~~[m[K
[01m[K/home/hibiki/Robomech_HR/Eglantyne/simulation/src/simple_sim/simenv/controller/joy_handler.cpp:22:46:[m[K [01;31m[Kerror: [m[K‘[01m[Ksensor_msgs[m[K’ was not declared in this scope
   22 |         sub_joy_ = this->create_subscription<[01;31m[Ksensor_msgs[m[K::msg::Joy>(
      |                                              [01;31m[K^~~~~~~~~~~[m[K
[01m[K/home/hibiki/Robomech_HR/Eglantyne/simulation/src/simple_sim/simenv/controller/joy_handler.cpp:22:26:[m[K [01;31m[Kerror: [m[Kparse error in template argument list
   22 |         sub_joy_ = this->[01;31m[Kcreate_subscription<sensor_msgs::msg::Joy>[m[K(
      |                          [01;31m[K^~~~~~~~~~~~~~~~~~~~~~~~~~~~~~~~~~~~~~~~~~[m[K
[01m[K/home/hibiki/Robomech_HR/Eglantyne/simulation/src/simple_sim/simenv/controller/joy_handler.cpp:23:36:[m[K [01;31m[Kerror: [m[K‘[01m[KOmuniDirWalk[m[K’ has not been declared
   23 |             "/joy", 10, std::bind(&[01;31m[KOmuniDirWalk[m[K::update_joy_order, this, _1));
      |                                    [01;31m[K^~~~~~~~~~~~[m[K
[01m[K/home/hibiki/Robomech_HR/Eglantyne/simulation/src/simple_sim/simenv/controller/joy_handler.cpp:25:47:[m[K [01;31m[Kerror: [m[K‘[01m[KOmuniDirWalk[m[K’ has not been declared
   25 |             "/motion_trigger", 10, std::bind(&[01;31m[KOmuniDirWalk[m[K::check_state, this, _1));
      |                                               [01;31m[K^~~~~~~~~~~~[m[K
[01m[K/home/hibiki/Robomech_HR/Eglantyne/simulation/src/simple_sim/simenv/controller/joy_handler.cpp:[m[K In member function ‘[01m[Kvoid JoyHandler::update_joy_order(int)[m[K’:
[01m[K/home/hibiki/Robomech_HR/Eglantyne/simulation/src/simple_sim/simenv/controller/joy_handler.cpp:32:16:[m[K [01;31m[Kerror: [m[K‘[01m[Kjoy_input[m[K’ was not declared in this scope
   32 |             if([01;31m[Kjoy_input[m[K.buttons[4] == 1){
      |                [01;31m[K^~~~~~~~~[m[K
[01m[K/home/hibiki/Robomech_HR/Eglantyne/simulation/src/simple_sim/simenv/controller/joy_handler.cpp:34:17:[m[K [01;31m[Kerror: [m[Kexpected ‘[01m[K;[m[K’ before ‘[01m[Kpub_trig_[m[K’
   34 |                 [01;31m[Kpub_trig_[m[K->publish(trig)
      |                 [01;31m[K^~~~~~~~~[m[K
[01m[K/home/hibiki/Robomech_HR/Eglantyne/simulation/src/simple_sim/simenv/controller/joy_handler.cpp:38:42:[m[K [01;31m[Kerror: [m[Kexpected primary-expression before ‘[01m[K{[m[K’ token
   38 |             }else if(!(joy_input.axes == [01;31m[K{[m[K0,0,0,0,0,0})){
      |                                          [01;31m[K^[m[K
[01m[K/home/hibiki/Robomech_HR/Eglantyne/simulation/src/simple_sim/simenv/controller/joy_handler.cpp:38:42:[m[K [01;31m[Kerror: [m[Kexpected ‘[01m[K)[m[K’ before ‘[01m[K{[m[K’ token
[01m[K/home/hibiki/Robomech_HR/Eglantyne/simulation/src/simple_sim/simenv/controller/joy_handler.cpp:38:23:[m[K [01;36m[Knote: [m[Kto match this ‘[01m[K([m[K’
   38 |             }else if(![01;36m[K([m[Kjoy_input.axes == {0,0,0,0,0,0})){
      |                       [01;36m[K^[m[K
[01m[K/home/hibiki/Robomech_HR/Eglantyne/simulation/src/simple_sim/simenv/controller/joy_handler.cpp:38:56:[m[K [01;31m[Kerror: [m[Kexpected primary-expression before ‘[01m[K)[m[K’ token
   38 |             }else if(!(joy_input.axes == {0,0,0,0,0,0})[01;31m[K)[m[K{
      |                                                        [01;31m[K^[m[K
[01m[K/home/hibiki/Robomech_HR/Eglantyne/simulation/src/simple_sim/simenv/controller/joy_handler.cpp:29:45:[m[K [01;35m[Kwarning: [m[Kunused parameter ‘[01m[KJoy[m[K’ [[01;35m[K]8;;https://gcc.gnu.org/onlinedocs/gcc/Warning-Options.html#index-Wunused-parameter-Wunused-parameter]8;;[m[K]
   29 |     void update_joy_order([01;35m[Ksensor_msgs::msg::Joy[m[K joy_input){
      |                           [01;35m[K~~~~~~~~~~~~~~~~~~^~~[m[K
[01m[K/home/hibiki/Robomech_HR/Eglantyne/simulation/src/simple_sim/simenv/controller/joy_handler.cpp:[m[K In member function ‘[01m[Kvoid JoyHandler::check_state(Int32)[m[K’:
[01m[K/home/hibiki/Robomech_HR/Eglantyne/simulation/src/simple_sim/simenv/controller/joy_handler.cpp:45:23:[m[K [01;31m[Kerror: [m[Kcannot convert ‘[01m[KInt32[m[K’ {aka ‘[01m[Kstd_msgs::msg::Int32_<std::allocator<void> >[m[K’} to ‘[01m[Kint[m[K’ in assignment
   45 |         this->state = [01;31m[Ktrig[m[K;
      |                       [01;31m[K^~~~[m[K
      |                       [01;31m[K|[m[K
      |                       [01;31m[KInt32 {aka std_msgs::msg::Int32_<std::allocator<void> >}[m[K
gmake[2]: *** [CMakeFiles/joy_handler.dir/build.make:76: CMakeFiles/joy_handler.dir/simenv/controller/joy_handler.cpp.o] Error 1
gmake[1]: *** [CMakeFiles/Makefile2:203: CMakeFiles/joy_handler.dir/all] Error 2
gmake: *** [Makefile:146: all] Error 2
