[0.014s] Invoking command in '/home/hibiki/Robomech_HR/Eglantyne/simulation/build/champ_base': AMENT_PREFIX_PATH=/home/hibiki/Robomech_HR/Eglantyne/simulation/install/champ_msgs:/home/hibiki/Robomech_HR/Eglantyne/simulation/install/champ:${AMENT_PREFIX_PATH} CMAKE_PREFIX_PATH=/home/hibiki/Robomech_HR/Eglantyne/simulation/install/champ_msgs:/opt/ros/humble:/home/hibiki/Robomech_HR/Eglantyne/simulation/install/champ LD_LIBRARY_PATH=/home/hibiki/Robomech_HR/Eglantyne/simulation/install/champ_msgs/lib:/opt/ros/humble/opt/rviz_ogre_vendor/lib:/opt/ros/humble/lib/x86_64-linux-gnu:/opt/ros/humble/lib:/usr/lib/x86_64-linux-gnu/gazebo-11/plugins PYTHONPATH=/home/hibiki/Robomech_HR/Eglantyne/simulation/install/champ_msgs/lib/python3.10/site-packages:${PYTHONPATH} /usr/bin/cmake --build /home/hibiki/Robomech_HR/Eglantyne/simulation/build/champ_base -- -j16 -l16
[0.081s] [ 16%] Built target quadruped_controller
[0.087s] [ 33%] Built target message_relay
[0.091s] [ 50%] Built target state_estimation
[0.100s] [ 66%] Built target quadruped_controller_node
[0.106s] [ 83%] Built target message_relay_node
[0.110s] [100%] Built target state_estimation_node
[0.122s] Invoked command in '/home/hibiki/Robomech_HR/Eglantyne/simulation/build/champ_base' returned '0': AMENT_PREFIX_PATH=/home/hibiki/Robomech_HR/Eglantyne/simulation/install/champ_msgs:/home/hibiki/Robomech_HR/Eglantyne/simulation/install/champ:${AMENT_PREFIX_PATH} CMAKE_PREFIX_PATH=/home/hibiki/Robomech_HR/Eglantyne/simulation/install/champ_msgs:/opt/ros/humble:/home/hibiki/Robomech_HR/Eglantyne/simulation/install/champ LD_LIBRARY_PATH=/home/hibiki/Robomech_HR/Eglantyne/simulation/install/champ_msgs/lib:/opt/ros/humble/opt/rviz_ogre_vendor/lib:/opt/ros/humble/lib/x86_64-linux-gnu:/opt/ros/humble/lib:/usr/lib/x86_64-linux-gnu/gazebo-11/plugins PYTHONPATH=/home/hibiki/Robomech_HR/Eglantyne/simulation/install/champ_msgs/lib/python3.10/site-packages:${PYTHONPATH} /usr/bin/cmake --build /home/hibiki/Robomech_HR/Eglantyne/simulation/build/champ_base -- -j16 -l16
[0.175s] Invoking command in '/home/hibiki/Robomech_HR/Eglantyne/simulation/build/champ_base': AMENT_PREFIX_PATH=/home/hibiki/Robomech_HR/Eglantyne/simulation/install/champ_msgs:/home/hibiki/Robomech_HR/Eglantyne/simulation/install/champ:${AMENT_PREFIX_PATH} CMAKE_PREFIX_PATH=/home/hibiki/Robomech_HR/Eglantyne/simulation/install/champ_msgs:/opt/ros/humble:/home/hibiki/Robomech_HR/Eglantyne/simulation/install/champ LD_LIBRARY_PATH=/home/hibiki/Robomech_HR/Eglantyne/simulation/install/champ_msgs/lib:/opt/ros/humble/opt/rviz_ogre_vendor/lib:/opt/ros/humble/lib/x86_64-linux-gnu:/opt/ros/humble/lib:/usr/lib/x86_64-linux-gnu/gazebo-11/plugins PYTHONPATH=/home/hibiki/Robomech_HR/Eglantyne/simulation/install/champ_msgs/lib/python3.10/site-packages:${PYTHONPATH} /usr/bin/cmake --install /home/hibiki/Robomech_HR/Eglantyne/simulation/build/champ_base
[0.198s] -- Install configuration: ""
[0.198s] -- Up-to-date: /home/hibiki/Robomech_HR/Eglantyne/simulation/install/champ_base/share/champ_base/config
[0.199s] -- Up-to-date: /home/hibiki/Robomech_HR/Eglantyne/simulation/install/champ_base/share/champ_base/config/velocity_smoother
[0.199s] -- Up-to-date: /home/hibiki/Robomech_HR/Eglantyne/simulation/install/champ_base/share/champ_base/config/velocity_smoother/velocity_smoother.yaml
[0.199s] -- Up-to-date: /home/hibiki/Robomech_HR/Eglantyne/simulation/install/champ_base/share/champ_base/config/ekf
[0.199s] -- Up-to-date: /home/hibiki/Robomech_HR/Eglantyne/simulation/install/champ_base/share/champ_base/config/ekf/base_to_footprint.yaml
[0.200s] -- Up-to-date: /home/hibiki/Robomech_HR/Eglantyne/simulation/install/champ_base/share/champ_base/config/ekf/footprint_to_odom.yaml
[0.200s] -- Up-to-date: /home/hibiki/Robomech_HR/Eglantyne/simulation/install/champ_base/lib/libquadruped_controller.so
[0.200s] -- Up-to-date: /home/hibiki/Robomech_HR/Eglantyne/simulation/install/champ_base/bin/quadruped_controller_node
[0.200s] -- Up-to-date: /home/hibiki/Robomech_HR/Eglantyne/simulation/install/champ_base/lib/libmessage_relay.so
[0.200s] -- Up-to-date: /home/hibiki/Robomech_HR/Eglantyne/simulation/install/champ_base/bin/message_relay_node
[0.200s] -- Up-to-date: /home/hibiki/Robomech_HR/Eglantyne/simulation/install/champ_base/lib/libstate_estimation.so
[0.200s] -- Up-to-date: /home/hibiki/Robomech_HR/Eglantyne/simulation/install/champ_base/bin/state_estimation_node
[0.200s] -- Up-to-date: /home/hibiki/Robomech_HR/Eglantyne/simulation/install/champ_base/lib/champ_base/quadruped_controller_node
[0.201s] -- Up-to-date: /home/hibiki/Robomech_HR/Eglantyne/simulation/install/champ_base/lib/champ_base/message_relay_node
[0.206s] -- Up-to-date: /home/hibiki/Robomech_HR/Eglantyne/simulation/install/champ_base/lib/champ_base/state_estimation_node
[0.207s] -- Up-to-date: /home/hibiki/Robomech_HR/Eglantyne/simulation/install/champ_base/share/ament_index/resource_index/package_run_dependencies/champ_base
[0.207s] -- Up-to-date: /home/hibiki/Robomech_HR/Eglantyne/simulation/install/champ_base/share/ament_index/resource_index/parent_prefix_path/champ_base
[0.207s] -- Up-to-date: /home/hibiki/Robomech_HR/Eglantyne/simulation/install/champ_base/share/champ_base/environment/ament_prefix_path.sh
[0.207s] -- Up-to-date: /home/hibiki/Robomech_HR/Eglantyne/simulation/install/champ_base/share/champ_base/environment/ament_prefix_path.dsv
[0.207s] -- Up-to-date: /home/hibiki/Robomech_HR/Eglantyne/simulation/install/champ_base/share/champ_base/environment/path.sh
[0.207s] -- Up-to-date: /home/hibiki/Robomech_HR/Eglantyne/simulation/install/champ_base/share/champ_base/environment/path.dsv
[0.207s] -- Up-to-date: /home/hibiki/Robomech_HR/Eglantyne/simulation/install/champ_base/share/champ_base/local_setup.bash
[0.207s] -- Up-to-date: /home/hibiki/Robomech_HR/Eglantyne/simulation/install/champ_base/share/champ_base/local_setup.sh
[0.207s] -- Up-to-date: /home/hibiki/Robomech_HR/Eglantyne/simulation/install/champ_base/share/champ_base/local_setup.zsh
[0.208s] -- Up-to-date: /home/hibiki/Robomech_HR/Eglantyne/simulation/install/champ_base/share/champ_base/local_setup.dsv
[0.208s] -- Installing: /home/hibiki/Robomech_HR/Eglantyne/simulation/install/champ_base/share/champ_base/package.dsv
[0.208s] -- Up-to-date: /home/hibiki/Robomech_HR/Eglantyne/simulation/install/champ_base/share/ament_index/resource_index/packages/champ_base
[0.209s] -- Up-to-date: /home/hibiki/Robomech_HR/Eglantyne/simulation/install/champ_base/share/champ_base/cmake/ament_cmake_export_include_directories-extras.cmake
[0.209s] -- Up-to-date: /home/hibiki/Robomech_HR/Eglantyne/simulation/install/champ_base/share/champ_base/cmake/ament_cmake_export_dependencies-extras.cmake
[0.209s] -- Up-to-date: /home/hibiki/Robomech_HR/Eglantyne/simulation/install/champ_base/share/champ_base/cmake/champ_baseConfig.cmake
[0.209s] -- Up-to-date: /home/hibiki/Robomech_HR/Eglantyne/simulation/install/champ_base/share/champ_base/cmake/champ_baseConfig-version.cmake
[0.209s] -- Up-to-date: /home/hibiki/Robomech_HR/Eglantyne/simulation/install/champ_base/share/champ_base/package.xml
[0.219s] Invoked command in '/home/hibiki/Robomech_HR/Eglantyne/simulation/build/champ_base' returned '0': AMENT_PREFIX_PATH=/home/hibiki/Robomech_HR/Eglantyne/simulation/install/champ_msgs:/home/hibiki/Robomech_HR/Eglantyne/simulation/install/champ:${AMENT_PREFIX_PATH} CMAKE_PREFIX_PATH=/home/hibiki/Robomech_HR/Eglantyne/simulation/install/champ_msgs:/opt/ros/humble:/home/hibiki/Robomech_HR/Eglantyne/simulation/install/champ LD_LIBRARY_PATH=/home/hibiki/Robomech_HR/Eglantyne/simulation/install/champ_msgs/lib:/opt/ros/humble/opt/rviz_ogre_vendor/lib:/opt/ros/humble/lib/x86_64-linux-gnu:/opt/ros/humble/lib:/usr/lib/x86_64-linux-gnu/gazebo-11/plugins PYTHONPATH=/home/hibiki/Robomech_HR/Eglantyne/simulation/install/champ_msgs/lib/python3.10/site-packages:${PYTHONPATH} /usr/bin/cmake --install /home/hibiki/Robomech_HR/Eglantyne/simulation/build/champ_base
