[0.145s] Invoking command in '/home/hibiki/Robomech_HR/Eglantyne/simulation/build/champ': CMAKE_PREFIX_PATH=/home/hibiki/Robomech_HR/Eglantyne/simulation/install/simple_sim:/home/hibiki/Robomech_HR/Eglantyne/simulation/install/ros2_control_demos:/home/hibiki/Robomech_HR/Eglantyne/simulation/install/ros2_control_demo_example_9:/home/hibiki/Robomech_HR/Eglantyne/simulation/install/ros2_control_demo_example_8:/home/hibiki/Robomech_HR/Eglantyne/simulation/install/ros2_control_demo_example_7:/home/hibiki/Robomech_HR/Eglantyne/simulation/install/ros2_control_demo_example_6:/home/hibiki/Robomech_HR/Eglantyne/simulation/install/ros2_control_demo_example_15:/home/hibiki/Robomech_HR/Eglantyne/simulation/install/ros2_control_demo_example_5:/home/hibiki/Robomech_HR/Eglantyne/simulation/install/ros2_control_demo_example_4:/home/hibiki/Robomech_HR/Eglantyne/simulation/install/ros2_control_demo_example_3:/home/hibiki/Robomech_HR/Eglantyne/simulation/install/ros2_control_demo_example_2:/home/hibiki/Robomech_HR/Eglantyne/simulation/install/ros2_control_demo_example_14:/home/hibiki/Robomech_HR/Eglantyne/simulation/install/ros2_control_demo_example_12:/home/hibiki/Robomech_HR/Eglantyne/simulation/install/ros2_control_demo_example_11:/home/hibiki/Robomech_HR/Eglantyne/simulation/install/ros2_control_demo_example_10:/home/hibiki/Robomech_HR/Eglantyne/simulation/install/ros2_control_demo_example_1:/home/hibiki/Robomech_HR/Eglantyne/simulation/install/ros2_control_demo_description:/home/hibiki/Robomech_HR/Eglantyne/simulation/install/gazebo_ros2_control_demos:/home/hibiki/Robomech_HR/Eglantyne/simulation/install/champ_teleop:/home/hibiki/Robomech_HR/Eglantyne/simulation/install/champ_navigation:/home/hibiki/Robomech_HR/Eglantyne/simulation/install/champ_gazebo:/home/hibiki/Robomech_HR/Eglantyne/simulation/install/champ_bringup:/home/hibiki/Robomech_HR/Eglantyne/simulation/install/champ_base:/home/hibiki/Robomech_HR/Eglantyne/simulation/install/champ_msgs:/home/hibiki/Robomech_HR/Eglantyne/simulation/install/champ_description:/home/hibiki/Robomech_HR/Eglantyne/simulation/install/champ_config:/home/hibiki/Robomech_HR/Eglantyne/simulation/install/ros2_control_demo_testing:/opt/ros/humble:/home/hibiki/Robomech_HR/Eglantyne/simulation/install/champ:/home/hibiki/Robomech_HR/Eglantyne/microros/ros2_pub_test/install/vel_pub /usr/bin/cmake --build /home/hibiki/Robomech_HR/Eglantyne/simulation/build/champ -- -j16 -l16
[0.180s] Invoked command in '/home/hibiki/Robomech_HR/Eglantyne/simulation/build/champ' returned '0': CMAKE_PREFIX_PATH=/home/hibiki/Robomech_HR/Eglantyne/simulation/install/simple_sim:/home/hibiki/Robomech_HR/Eglantyne/simulation/install/ros2_control_demos:/home/hibiki/Robomech_HR/Eglantyne/simulation/install/ros2_control_demo_example_9:/home/hibiki/Robomech_HR/Eglantyne/simulation/install/ros2_control_demo_example_8:/home/hibiki/Robomech_HR/Eglantyne/simulation/install/ros2_control_demo_example_7:/home/hibiki/Robomech_HR/Eglantyne/simulation/install/ros2_control_demo_example_6:/home/hibiki/Robomech_HR/Eglantyne/simulation/install/ros2_control_demo_example_15:/home/hibiki/Robomech_HR/Eglantyne/simulation/install/ros2_control_demo_example_5:/home/hibiki/Robomech_HR/Eglantyne/simulation/install/ros2_control_demo_example_4:/home/hibiki/Robomech_HR/Eglantyne/simulation/install/ros2_control_demo_example_3:/home/hibiki/Robomech_HR/Eglantyne/simulation/install/ros2_control_demo_example_2:/home/hibiki/Robomech_HR/Eglantyne/simulation/install/ros2_control_demo_example_14:/home/hibiki/Robomech_HR/Eglantyne/simulation/install/ros2_control_demo_example_12:/home/hibiki/Robomech_HR/Eglantyne/simulation/install/ros2_control_demo_example_11:/home/hibiki/Robomech_HR/Eglantyne/simulation/install/ros2_control_demo_example_10:/home/hibiki/Robomech_HR/Eglantyne/simulation/install/ros2_control_demo_example_1:/home/hibiki/Robomech_HR/Eglantyne/simulation/install/ros2_control_demo_description:/home/hibiki/Robomech_HR/Eglantyne/simulation/install/gazebo_ros2_control_demos:/home/hibiki/Robomech_HR/Eglantyne/simulation/install/champ_teleop:/home/hibiki/Robomech_HR/Eglantyne/simulation/install/champ_navigation:/home/hibiki/Robomech_HR/Eglantyne/simulation/install/champ_gazebo:/home/hibiki/Robomech_HR/Eglantyne/simulation/install/champ_bringup:/home/hibiki/Robomech_HR/Eglantyne/simulation/install/champ_base:/home/hibiki/Robomech_HR/Eglantyne/simulation/install/champ_msgs:/home/hibiki/Robomech_HR/Eglantyne/simulation/install/champ_description:/home/hibiki/Robomech_HR/Eglantyne/simulation/install/champ_config:/home/hibiki/Robomech_HR/Eglantyne/simulation/install/ros2_control_demo_testing:/opt/ros/humble:/home/hibiki/Robomech_HR/Eglantyne/simulation/install/champ:/home/hibiki/Robomech_HR/Eglantyne/microros/ros2_pub_test/install/vel_pub /usr/bin/cmake --build /home/hibiki/Robomech_HR/Eglantyne/simulation/build/champ -- -j16 -l16
[0.207s] Invoking command in '/home/hibiki/Robomech_HR/Eglantyne/simulation/build/champ': CMAKE_PREFIX_PATH=/home/hibiki/Robomech_HR/Eglantyne/simulation/install/simple_sim:/home/hibiki/Robomech_HR/Eglantyne/simulation/install/ros2_control_demos:/home/hibiki/Robomech_HR/Eglantyne/simulation/install/ros2_control_demo_example_9:/home/hibiki/Robomech_HR/Eglantyne/simulation/install/ros2_control_demo_example_8:/home/hibiki/Robomech_HR/Eglantyne/simulation/install/ros2_control_demo_example_7:/home/hibiki/Robomech_HR/Eglantyne/simulation/install/ros2_control_demo_example_6:/home/hibiki/Robomech_HR/Eglantyne/simulation/install/ros2_control_demo_example_15:/home/hibiki/Robomech_HR/Eglantyne/simulation/install/ros2_control_demo_example_5:/home/hibiki/Robomech_HR/Eglantyne/simulation/install/ros2_control_demo_example_4:/home/hibiki/Robomech_HR/Eglantyne/simulation/install/ros2_control_demo_example_3:/home/hibiki/Robomech_HR/Eglantyne/simulation/install/ros2_control_demo_example_2:/home/hibiki/Robomech_HR/Eglantyne/simulation/install/ros2_control_demo_example_14:/home/hibiki/Robomech_HR/Eglantyne/simulation/install/ros2_control_demo_example_12:/home/hibiki/Robomech_HR/Eglantyne/simulation/install/ros2_control_demo_example_11:/home/hibiki/Robomech_HR/Eglantyne/simulation/install/ros2_control_demo_example_10:/home/hibiki/Robomech_HR/Eglantyne/simulation/install/ros2_control_demo_example_1:/home/hibiki/Robomech_HR/Eglantyne/simulation/install/ros2_control_demo_description:/home/hibiki/Robomech_HR/Eglantyne/simulation/install/gazebo_ros2_control_demos:/home/hibiki/Robomech_HR/Eglantyne/simulation/install/champ_teleop:/home/hibiki/Robomech_HR/Eglantyne/simulation/install/champ_navigation:/home/hibiki/Robomech_HR/Eglantyne/simulation/install/champ_gazebo:/home/hibiki/Robomech_HR/Eglantyne/simulation/install/champ_bringup:/home/hibiki/Robomech_HR/Eglantyne/simulation/install/champ_base:/home/hibiki/Robomech_HR/Eglantyne/simulation/install/champ_msgs:/home/hibiki/Robomech_HR/Eglantyne/simulation/install/champ_description:/home/hibiki/Robomech_HR/Eglantyne/simulation/install/champ_config:/home/hibiki/Robomech_HR/Eglantyne/simulation/install/ros2_control_demo_testing:/opt/ros/humble:/home/hibiki/Robomech_HR/Eglantyne/simulation/install/champ:/home/hibiki/Robomech_HR/Eglantyne/microros/ros2_pub_test/install/vel_pub /usr/bin/cmake --install /home/hibiki/Robomech_HR/Eglantyne/simulation/build/champ
[0.216s] -- Install configuration: ""
[0.217s] -- Up-to-date: /home/hibiki/Robomech_HR/Eglantyne/simulation/install/champ/include
[0.217s] -- Up-to-date: /home/hibiki/Robomech_HR/Eglantyne/simulation/install/champ/include/champ
[0.217s] -- Up-to-date: /home/hibiki/Robomech_HR/Eglantyne/simulation/install/champ/include/champ/macros
[0.217s] -- Up-to-date: /home/hibiki/Robomech_HR/Eglantyne/simulation/install/champ/include/champ/macros/macros.h
[0.217s] -- Up-to-date: /home/hibiki/Robomech_HR/Eglantyne/simulation/install/champ/include/champ/geometry
[0.217s] -- Up-to-date: /home/hibiki/Robomech_HR/Eglantyne/simulation/install/champ/include/champ/geometry/geometry.h
[0.217s] -- Up-to-date: /home/hibiki/Robomech_HR/Eglantyne/simulation/install/champ/include/champ/utils
[0.217s] -- Up-to-date: /home/hibiki/Robomech_HR/Eglantyne/simulation/install/champ/include/champ/utils/xmlrpc_helpers.h
[0.217s] -- Up-to-date: /home/hibiki/Robomech_HR/Eglantyne/simulation/install/champ/include/champ/utils/urdf_loader.h
[0.217s] -- Up-to-date: /home/hibiki/Robomech_HR/Eglantyne/simulation/install/champ/include/champ/LICENSE
[0.218s] -- Up-to-date: /home/hibiki/Robomech_HR/Eglantyne/simulation/install/champ/include/champ/.git
[0.218s] -- Up-to-date: /home/hibiki/Robomech_HR/Eglantyne/simulation/install/champ/include/champ/body_controller
[0.218s] -- Up-to-date: /home/hibiki/Robomech_HR/Eglantyne/simulation/install/champ/include/champ/body_controller/body_controller.h
[0.218s] -- Up-to-date: /home/hibiki/Robomech_HR/Eglantyne/simulation/install/champ/include/champ/bla
[0.218s] -- Up-to-date: /home/hibiki/Robomech_HR/Eglantyne/simulation/install/champ/include/champ/bla/basic_linear_algebra.h
[0.218s] -- Up-to-date: /home/hibiki/Robomech_HR/Eglantyne/simulation/install/champ/include/champ/bla/memory_delegate.h
[0.218s] -- Up-to-date: /home/hibiki/Robomech_HR/Eglantyne/simulation/install/champ/include/champ/leg_controller
[0.218s] -- Up-to-date: /home/hibiki/Robomech_HR/Eglantyne/simulation/install/champ/include/champ/leg_controller/trajectory_planner.h
[0.218s] -- Up-to-date: /home/hibiki/Robomech_HR/Eglantyne/simulation/install/champ/include/champ/leg_controller/phase_generator.h
[0.218s] -- Up-to-date: /home/hibiki/Robomech_HR/Eglantyne/simulation/install/champ/include/champ/leg_controller/leg_controller.h
[0.218s] -- Up-to-date: /home/hibiki/Robomech_HR/Eglantyne/simulation/install/champ/include/champ/quadruped_base
[0.218s] -- Up-to-date: /home/hibiki/Robomech_HR/Eglantyne/simulation/install/champ/include/champ/quadruped_base/quadruped_components.h
[0.218s] -- Up-to-date: /home/hibiki/Robomech_HR/Eglantyne/simulation/install/champ/include/champ/quadruped_base/quadruped_base.h
[0.218s] -- Up-to-date: /home/hibiki/Robomech_HR/Eglantyne/simulation/install/champ/include/champ/quadruped_base/quadruped_leg.h
[0.218s] -- Up-to-date: /home/hibiki/Robomech_HR/Eglantyne/simulation/install/champ/include/champ/quadruped_base/quadruped_joint.h
[0.219s] -- Up-to-date: /home/hibiki/Robomech_HR/Eglantyne/simulation/install/champ/include/champ/odometry
[0.219s] -- Up-to-date: /home/hibiki/Robomech_HR/Eglantyne/simulation/install/champ/include/champ/odometry/odometry.h
[0.219s] -- Up-to-date: /home/hibiki/Robomech_HR/Eglantyne/simulation/install/champ/include/champ/kinematics
[0.219s] -- Up-to-date: /home/hibiki/Robomech_HR/Eglantyne/simulation/install/champ/include/champ/kinematics/kinematics.h
[0.219s] -- Up-to-date: /home/hibiki/Robomech_HR/Eglantyne/simulation/install/champ/include/champ/README.md
[0.219s] -- Up-to-date: /home/hibiki/Robomech_HR/Eglantyne/simulation/install/champ/share/ament_index/resource_index/package_run_dependencies/champ
[0.219s] -- Up-to-date: /home/hibiki/Robomech_HR/Eglantyne/simulation/install/champ/share/ament_index/resource_index/parent_prefix_path/champ
[0.219s] -- Up-to-date: /home/hibiki/Robomech_HR/Eglantyne/simulation/install/champ/share/champ/environment/ament_prefix_path.sh
[0.219s] -- Up-to-date: /home/hibiki/Robomech_HR/Eglantyne/simulation/install/champ/share/champ/environment/ament_prefix_path.dsv
[0.219s] -- Up-to-date: /home/hibiki/Robomech_HR/Eglantyne/simulation/install/champ/share/champ/environment/path.sh
[0.219s] -- Up-to-date: /home/hibiki/Robomech_HR/Eglantyne/simulation/install/champ/share/champ/environment/path.dsv
[0.220s] -- Up-to-date: /home/hibiki/Robomech_HR/Eglantyne/simulation/install/champ/share/champ/local_setup.bash
[0.220s] -- Up-to-date: /home/hibiki/Robomech_HR/Eglantyne/simulation/install/champ/share/champ/local_setup.sh
[0.220s] -- Up-to-date: /home/hibiki/Robomech_HR/Eglantyne/simulation/install/champ/share/champ/local_setup.zsh
[0.220s] -- Up-to-date: /home/hibiki/Robomech_HR/Eglantyne/simulation/install/champ/share/champ/local_setup.dsv
[0.220s] -- Installing: /home/hibiki/Robomech_HR/Eglantyne/simulation/install/champ/share/champ/package.dsv
[0.220s] -- Up-to-date: /home/hibiki/Robomech_HR/Eglantyne/simulation/install/champ/share/ament_index/resource_index/packages/champ
[0.220s] -- Up-to-date: /home/hibiki/Robomech_HR/Eglantyne/simulation/install/champ/share/champ/cmake/ament_cmake_export_include_directories-extras.cmake
[0.220s] -- Up-to-date: /home/hibiki/Robomech_HR/Eglantyne/simulation/install/champ/share/champ/cmake/champConfig.cmake
[0.220s] -- Up-to-date: /home/hibiki/Robomech_HR/Eglantyne/simulation/install/champ/share/champ/cmake/champConfig-version.cmake
[0.220s] -- Up-to-date: /home/hibiki/Robomech_HR/Eglantyne/simulation/install/champ/share/champ/package.xml
[0.246s] Invoked command in '/home/hibiki/Robomech_HR/Eglantyne/simulation/build/champ' returned '0': CMAKE_PREFIX_PATH=/home/hibiki/Robomech_HR/Eglantyne/simulation/install/simple_sim:/home/hibiki/Robomech_HR/Eglantyne/simulation/install/ros2_control_demos:/home/hibiki/Robomech_HR/Eglantyne/simulation/install/ros2_control_demo_example_9:/home/hibiki/Robomech_HR/Eglantyne/simulation/install/ros2_control_demo_example_8:/home/hibiki/Robomech_HR/Eglantyne/simulation/install/ros2_control_demo_example_7:/home/hibiki/Robomech_HR/Eglantyne/simulation/install/ros2_control_demo_example_6:/home/hibiki/Robomech_HR/Eglantyne/simulation/install/ros2_control_demo_example_15:/home/hibiki/Robomech_HR/Eglantyne/simulation/install/ros2_control_demo_example_5:/home/hibiki/Robomech_HR/Eglantyne/simulation/install/ros2_control_demo_example_4:/home/hibiki/Robomech_HR/Eglantyne/simulation/install/ros2_control_demo_example_3:/home/hibiki/Robomech_HR/Eglantyne/simulation/install/ros2_control_demo_example_2:/home/hibiki/Robomech_HR/Eglantyne/simulation/install/ros2_control_demo_example_14:/home/hibiki/Robomech_HR/Eglantyne/simulation/install/ros2_control_demo_example_12:/home/hibiki/Robomech_HR/Eglantyne/simulation/install/ros2_control_demo_example_11:/home/hibiki/Robomech_HR/Eglantyne/simulation/install/ros2_control_demo_example_10:/home/hibiki/Robomech_HR/Eglantyne/simulation/install/ros2_control_demo_example_1:/home/hibiki/Robomech_HR/Eglantyne/simulation/install/ros2_control_demo_description:/home/hibiki/Robomech_HR/Eglantyne/simulation/install/gazebo_ros2_control_demos:/home/hibiki/Robomech_HR/Eglantyne/simulation/install/champ_teleop:/home/hibiki/Robomech_HR/Eglantyne/simulation/install/champ_navigation:/home/hibiki/Robomech_HR/Eglantyne/simulation/install/champ_gazebo:/home/hibiki/Robomech_HR/Eglantyne/simulation/install/champ_bringup:/home/hibiki/Robomech_HR/Eglantyne/simulation/install/champ_base:/home/hibiki/Robomech_HR/Eglantyne/simulation/install/champ_msgs:/home/hibiki/Robomech_HR/Eglantyne/simulation/install/champ_description:/home/hibiki/Robomech_HR/Eglantyne/simulation/install/champ_config:/home/hibiki/Robomech_HR/Eglantyne/simulation/install/ros2_control_demo_testing:/opt/ros/humble:/home/hibiki/Robomech_HR/Eglantyne/simulation/install/champ:/home/hibiki/Robomech_HR/Eglantyne/microros/ros2_pub_test/install/vel_pub /usr/bin/cmake --install /home/hibiki/Robomech_HR/Eglantyne/simulation/build/champ
