[0.134s] Invoking command in '/home/hibiki/Robomech_HR/Eglantyne/simulation/build/champ_teleop': CMAKE_PREFIX_PATH=${CMAKE_PREFIX_PATH}:/opt/ros/humble /usr/bin/cmake --build /home/hibiki/Robomech_HR/Eglantyne/simulation/build/champ_teleop -- -j16 -l16
[0.165s] Invoked command in '/home/hibiki/Robomech_HR/Eglantyne/simulation/build/champ_teleop' returned '0': CMAKE_PREFIX_PATH=${CMAKE_PREFIX_PATH}:/opt/ros/humble /usr/bin/cmake --build /home/hibiki/Robomech_HR/Eglantyne/simulation/build/champ_teleop -- -j16 -l16
[0.207s] Invoking command in '/home/hibiki/Robomech_HR/Eglantyne/simulation/build/champ_teleop': CMAKE_PREFIX_PATH=${CMAKE_PREFIX_PATH}:/opt/ros/humble /usr/bin/cmake --install /home/hibiki/Robomech_HR/Eglantyne/simulation/build/champ_teleop
[0.208s] -- Install configuration: ""
[0.208s] -- Up-to-date: /home/hibiki/Robomech_HR/Eglantyne/simulation/install/champ_teleop/share/champ_teleop/launch
[0.208s] -- Up-to-date: /home/hibiki/Robomech_HR/Eglantyne/simulation/install/champ_teleop/share/champ_teleop/launch/teleop.launch.py
[0.208s] -- Up-to-date: /home/hibiki/Robomech_HR/Eglantyne/simulation/install/champ_teleop/lib/champ_teleop/champ_teleop.py
[0.208s] -- Up-to-date: /home/hibiki/Robomech_HR/Eglantyne/simulation/install/champ_teleop/share/ament_index/resource_index/package_run_dependencies/champ_teleop
[0.208s] -- Up-to-date: /home/hibiki/Robomech_HR/Eglantyne/simulation/install/champ_teleop/share/ament_index/resource_index/parent_prefix_path/champ_teleop
[0.208s] -- Up-to-date: /home/hibiki/Robomech_HR/Eglantyne/simulation/install/champ_teleop/share/champ_teleop/environment/ament_prefix_path.sh
[0.208s] -- Up-to-date: /home/hibiki/Robomech_HR/Eglantyne/simulation/install/champ_teleop/share/champ_teleop/environment/ament_prefix_path.dsv
[0.208s] -- Up-to-date: /home/hibiki/Robomech_HR/Eglantyne/simulation/install/champ_teleop/share/champ_teleop/environment/path.sh
[0.208s] -- Up-to-date: /home/hibiki/Robomech_HR/Eglantyne/simulation/install/champ_teleop/share/champ_teleop/environment/path.dsv
[0.208s] -- Up-to-date: /home/hibiki/Robomech_HR/Eglantyne/simulation/install/champ_teleop/share/champ_teleop/local_setup.bash
[0.208s] -- Up-to-date: /home/hibiki/Robomech_HR/Eglantyne/simulation/install/champ_teleop/share/champ_teleop/local_setup.sh
[0.209s] -- Up-to-date: /home/hibiki/Robomech_HR/Eglantyne/simulation/install/champ_teleop/share/champ_teleop/local_setup.zsh
[0.209s] -- Up-to-date: /home/hibiki/Robomech_HR/Eglantyne/simulation/install/champ_teleop/share/champ_teleop/local_setup.dsv
[0.209s] -- Installing: /home/hibiki/Robomech_HR/Eglantyne/simulation/install/champ_teleop/share/champ_teleop/package.dsv
[0.209s] -- Up-to-date: /home/hibiki/Robomech_HR/Eglantyne/simulation/install/champ_teleop/share/ament_index/resource_index/packages/champ_teleop
[0.209s] -- Up-to-date: /home/hibiki/Robomech_HR/Eglantyne/simulation/install/champ_teleop/share/champ_teleop/cmake/champ_teleopConfig.cmake
[0.209s] -- Up-to-date: /home/hibiki/Robomech_HR/Eglantyne/simulation/install/champ_teleop/share/champ_teleop/cmake/champ_teleopConfig-version.cmake
[0.209s] -- Up-to-date: /home/hibiki/Robomech_HR/Eglantyne/simulation/install/champ_teleop/share/champ_teleop/package.xml
[0.252s] Invoked command in '/home/hibiki/Robomech_HR/Eglantyne/simulation/build/champ_teleop' returned '0': CMAKE_PREFIX_PATH=${CMAKE_PREFIX_PATH}:/opt/ros/humble /usr/bin/cmake --install /home/hibiki/Robomech_HR/Eglantyne/simulation/build/champ_teleop
