[0.009s] Invoking command in '/home/hibiki/Robomech_HR/Eglantyne/simulation/build/simple_sim': CMAKE_PREFIX_PATH=/home/hibiki/Robomech_HR/Eglantyne/simulation/install/simple_sim:/home/hibiki/Robomech_HR/Eglantyne/simulation/install/ros2_control_demos:/home/hibiki/Robomech_HR/Eglantyne/simulation/install/ros2_control_demo_example_9:/home/hibiki/Robomech_HR/Eglantyne/simulation/install/ros2_control_demo_example_8:/home/hibiki/Robomech_HR/Eglantyne/simulation/install/ros2_control_demo_example_7:/home/hibiki/Robomech_HR/Eglantyne/simulation/install/ros2_control_demo_example_6:/home/hibiki/Robomech_HR/Eglantyne/simulation/install/ros2_control_demo_example_15:/home/hibiki/Robomech_HR/Eglantyne/simulation/install/ros2_control_demo_example_5:/home/hibiki/Robomech_HR/Eglantyne/simulation/install/ros2_control_demo_example_4:/home/hibiki/Robomech_HR/Eglantyne/simulation/install/ros2_control_demo_example_3:/home/hibiki/Robomech_HR/Eglantyne/simulation/install/ros2_control_demo_example_2:/home/hibiki/Robomech_HR/Eglantyne/simulation/install/ros2_control_demo_example_14:/home/hibiki/Robomech_HR/Eglantyne/simulation/install/ros2_control_demo_example_12:/home/hibiki/Robomech_HR/Eglantyne/simulation/install/ros2_control_demo_example_11:/home/hibiki/Robomech_HR/Eglantyne/simulation/install/ros2_control_demo_example_10:/home/hibiki/Robomech_HR/Eglantyne/simulation/install/ros2_control_demo_example_1:/home/hibiki/Robomech_HR/Eglantyne/simulation/install/ros2_control_demo_description:/home/hibiki/Robomech_HR/Eglantyne/simulation/install/gazebo_ros2_control_demos:/home/hibiki/Robomech_HR/Eglantyne/simulation/install/champ_teleop:/home/hibiki/Robomech_HR/Eglantyne/simulation/install/champ_navigation:/home/hibiki/Robomech_HR/Eglantyne/simulation/install/champ_gazebo:/home/hibiki/Robomech_HR/Eglantyne/simulation/install/champ_bringup:/home/hibiki/Robomech_HR/Eglantyne/simulation/install/champ_base:/home/hibiki/Robomech_HR/Eglantyne/simulation/install/champ_msgs:/home/hibiki/Robomech_HR/Eglantyne/simulation/install/champ_description:/home/hibiki/Robomech_HR/Eglantyne/simulation/install/champ_config:/home/hibiki/Robomech_HR/Eglantyne/simulation/install/ros2_control_demo_testing:/opt/ros/humble:/home/hibiki/Robomech_HR/Eglantyne/simulation/install/champ /usr/bin/cmake --build /home/hibiki/Robomech_HR/Eglantyne/simulation/build/simple_sim -- -j16 -l16
[0.038s] [ 25%] Built target pub_control
[0.039s] [ 50%] Built target pub_test
[0.039s] [ 75%] Built target zero_pub
[0.043s] [ 87%] [32mBuilding CXX object CMakeFiles/walk_test.dir/src/test/walk_test.cpp.o[0m
[1.603s] [01m[K/home/hibiki/Robomech_HR/Eglantyne/simulation/src/simple_sim/src/test/walk_test.cpp:5:12:[m[K [01;31m[Kerror: [m[K‘[01m[Kstd::numbers[m[K’ has not been declared
[1.603s]     5 | using std::[01;31m[Knumbers[m[K::pi;
[1.603s]       |            [01;31m[K^~~~~~~[m[K
[1.635s] [01m[K/home/hibiki/Robomech_HR/Eglantyne/simulation/src/simple_sim/src/test/walk_test.cpp:[m[K In member function ‘[01m[Kvoid WalkTest::calc_swing_foot_traj()[m[K’:
[1.635s] [01m[K/home/hibiki/Robomech_HR/Eglantyne/simulation/src/simple_sim/src/test/walk_test.cpp:67:24:[m[K [01;31m[Kerror: [m[K‘[01m[Kpi[m[K’ was not declared in this scope
[1.635s]    67 |         double theta = [01;31m[Kpi[m[K * t/Tsup;
[1.635s]       |                        [01;31m[K^~[m[K
[1.654s] [01m[K/home/hibiki/Robomech_HR/Eglantyne/simulation/src/simple_sim/src/test/walk_test.cpp:[m[K In member function ‘[01m[Kvoid WalkTest::integrate_traj()[m[K’:
[1.654s] [01m[K/home/hibiki/Robomech_HR/Eglantyne/simulation/src/simple_sim/src/test/walk_test.cpp:82:9:[m[K [01;31m[Kerror: [m[K‘[01m[Kbody_to_fixed_foot_foot_traj[m[K’ was not declared in this scope; did you mean ‘[01m[Kbody_to_fixed_foot_traj[m[K’?
[1.654s]    82 |         [01;31m[Kbody_to_fixed_foot_foot_traj[m[K.push_back(body_to_fixed_foot_point);
[1.654s]       |         [01;31m[K^~~~~~~~~~~~~~~~~~~~~~~~~~~~[m[K
[1.654s]       |         [32m[Kbody_to_fixed_foot_traj[m[K
[1.666s] [01m[K/home/hibiki/Robomech_HR/Eglantyne/simulation/src/simple_sim/src/test/walk_test.cpp:86:9:[m[K [01;31m[Kerror: [m[K‘[01m[Kbody_to_swing_foot_foot_traj[m[K’ was not declared in this scope; did you mean ‘[01m[Kbody_to_swing_foot_traj[m[K’?
[1.666s]    86 |         [01;31m[Kbody_to_swing_foot_foot_traj[m[K.push_back(body_to_swing_foot_point);
[1.666s]       |         [01;31m[K^~~~~~~~~~~~~~~~~~~~~~~~~~~~[m[K
[1.666s]       |         [32m[Kbody_to_swing_foot_traj[m[K
[1.667s] [01m[K/home/hibiki/Robomech_HR/Eglantyne/simulation/src/simple_sim/src/test/walk_test.cpp:[m[K In member function ‘[01m[Kvoid WalkTest::traj_to_motion()[m[K’:
[1.667s] [01m[K/home/hibiki/Robomech_HR/Eglantyne/simulation/src/simple_sim/src/test/walk_test.cpp:106:80:[m[K [01;31m[Kerror: [m[Kcould not convert ‘[01m[K((WalkTest*)this)->WalkTest::body_to_fixed_foot_traj.std::vector<Eigen::Matrix<double, 3, 1> >::begin()[m[K’ from ‘[01m[Kstd::vector<Eigen::Matrix<double, 3, 1> >::iterator[m[K’ to ‘[01m[KEigen::Vector3d[m[K’ {aka ‘[01m[KEigen::Matrix<double, 3, 1>[m[K’}
[1.667s]   106 |             Kinematics::inverse(&foot_roll_right, [01;31m[Kbody_to_fixed_foot_traj.begin()[m[K, R_ref);
[1.667s]       |                                                   [01;31m[K~~~~~~~~~~~~~~~~~~~~~~~~~~~~~^~[m[K
[1.667s]       |                                                                                [01;31m[K|[m[K
[1.667s]       |                                                                                [01;31m[Kstd::vector<Eigen::Matrix<double, 3, 1> >::iterator[m[K
[1.667s] [01m[K/home/hibiki/Robomech_HR/Eglantyne/simulation/src/simple_sim/src/test/walk_test.cpp:107:80:[m[K [01;31m[Kerror: [m[Kcould not convert ‘[01m[K((WalkTest*)this)->WalkTest::body_to_swing_foot_traj.std::vector<Eigen::Matrix<double, 3, 1> >::begin()[m[K’ from ‘[01m[Kstd::vector<Eigen::Matrix<double, 3, 1> >::iterator[m[K’ to ‘[01m[KEigen::Vector3d[m[K’ {aka ‘[01m[KEigen::Matrix<double, 3, 1>[m[K’}
[1.667s]   107 |             Kinematics::inverse(&foot_roll_left,  [01;31m[Kbody_to_swing_foot_traj.begin()[m[K, R_ref);
[1.667s]       |                                                   [01;31m[K~~~~~~~~~~~~~~~~~~~~~~~~~~~~~^~[m[K
[1.667s]       |                                                                                [01;31m[K|[m[K
[1.667s]       |                                                                                [01;31m[Kstd::vector<Eigen::Matrix<double, 3, 1> >::iterator[m[K
[1.667s] [01m[K/home/hibiki/Robomech_HR/Eglantyne/simulation/src/simple_sim/src/test/walk_test.cpp:110:80:[m[K [01;31m[Kerror: [m[Kcould not convert ‘[01m[K((WalkTest*)this)->WalkTest::body_to_fixed_foot_traj.std::vector<Eigen::Matrix<double, 3, 1> >::begin()[m[K’ from ‘[01m[Kstd::vector<Eigen::Matrix<double, 3, 1> >::iterator[m[K’ to ‘[01m[KEigen::Vector3d[m[K’ {aka ‘[01m[KEigen::Matrix<double, 3, 1>[m[K’}
[1.667s]   110 |             Kinematics::inverse(&foot_roll_left,  [01;31m[Kbody_to_fixed_foot_traj.begin()[m[K, R_ref);
[1.667s]       |                                                   [01;31m[K~~~~~~~~~~~~~~~~~~~~~~~~~~~~~^~[m[K
[1.667s]       |                                                                                [01;31m[K|[m[K
[1.667s]       |                                                                                [01;31m[Kstd::vector<Eigen::Matrix<double, 3, 1> >::iterator[m[K
[1.667s] [01m[K/home/hibiki/Robomech_HR/Eglantyne/simulation/src/simple_sim/src/test/walk_test.cpp:111:80:[m[K [01;31m[Kerror: [m[Kcould not convert ‘[01m[K((WalkTest*)this)->WalkTest::body_to_swing_foot_traj.std::vector<Eigen::Matrix<double, 3, 1> >::begin()[m[K’ from ‘[01m[Kstd::vector<Eigen::Matrix<double, 3, 1> >::iterator[m[K’ to ‘[01m[KEigen::Vector3d[m[K’ {aka ‘[01m[KEigen::Matrix<double, 3, 1>[m[K’}
[1.667s]   111 |             Kinematics::inverse(&foot_roll_right, [01;31m[Kbody_to_swing_foot_traj.begin()[m[K, R_ref);
[1.667s]       |                                                   [01;31m[K~~~~~~~~~~~~~~~~~~~~~~~~~~~~~^~[m[K
[1.667s]       |                                                                                [01;31m[K|[m[K
[1.667s]       |                                                                                [01;31m[Kstd::vector<Eigen::Matrix<double, 3, 1> >::iterator[m[K
[1.667s] [01m[K/home/hibiki/Robomech_HR/Eglantyne/simulation/src/simple_sim/src/test/walk_test.cpp:113:33:[m[K [01;31m[Kerror: [m[Kunable to deduce ‘[01m[Kconst auto*[m[K’ from ‘[01m[K__for_begin .__gnu_cxx::__normal_iterator<Link*, std::vector<Link> >::operator*()[m[K’
[1.668s]   113 |         for (const auto* link : [01;31m[Klink_vec[m[K){ foot_motion.push_back(link.getq()); }
[1.668s]       |                                 [01;31m[K^~~~~~~~[m[K
[1.668s] [01m[K/home/hibiki/Robomech_HR/Eglantyne/simulation/src/simple_sim/src/test/walk_test.cpp:113:33:[m[K [01;36m[Knote: [m[K  mismatched types ‘[01m[Kconst auto*[m[K’ and ‘[01m[KLink[m[K’
[1.668s] [01m[K/home/hibiki/Robomech_HR/Eglantyne/simulation/src/simple_sim/src/test/walk_test.cpp:[m[K In member function ‘[01m[Kvoid WalkTest::pub_walk_trajectory(std_msgs::msg::String)[m[K’:
[1.668s] [01m[K/home/hibiki/Robomech_HR/Eglantyne/simulation/src/simple_sim/src/test/walk_test.cpp:128:57:[m[K [01;31m[Kerror: [m[Kconversion from ‘[01m[Kstd::vector<std::vector<double, std::allocator<double> > >::iterator[m[K’ to non-scalar type ‘[01m[Kstd::vector<double, std::allocator<double> >[m[K’ requested
[1.668s]   128 |         std::vector<double> foot_pos = [01;31m[Kfoot_motion.begin()[m[K;
[1.668s]       |                                        [01;31m[K~~~~~~~~~~~~~~~~~^~[m[K
[1.668s] [01m[K/home/hibiki/Robomech_HR/Eglantyne/simulation/src/simple_sim/src/test/walk_test.cpp:132:32:[m[K [01;31m[Kerror: [m[Kno matching function for call to ‘[01m[Kstd::vector<trajectory_msgs::msg::JointTrajectoryPoint_<std::allocator<void> >, std::allocator<trajectory_msgs::msg::JointTrajectoryPoint_<std::allocator<void> > > >::push_back(std::vector<double, std::allocator<double> >&)[m[K’
[1.668s]   132 |         [01;31m[Kmotion.points.push_back(pos)[m[K;
[1.668s]       |         [01;31m[K~~~~~~~~~~~~~~~~~~~~~~~^~~~~[m[K
[1.668s] In file included from [01m[K/usr/include/c++/11/vector:67[m[K,
[1.668s]                  from [01m[K/usr/include/c++/11/functional:62[m[K,
[1.668s]                  from [01m[K/home/hibiki/Robomech_HR/Eglantyne/simulation/src/simple_sim/src/test/walk_test.hpp:2[m[K,
[1.668s]                  from [01m[K/home/hibiki/Robomech_HR/Eglantyne/simulation/src/simple_sim/src/test/walk_test.cpp:1[m[K:
[1.668s] [01m[K/usr/include/c++/11/bits/stl_vector.h:1187:7:[m[K [01;36m[Knote: [m[Kcandidate: ‘[01m[Kvoid std::vector<_Tp, _Alloc>::push_back(const value_type&) [with _Tp = trajectory_msgs::msg::JointTrajectoryPoint_<std::allocator<void> >; _Alloc = std::allocator<trajectory_msgs::msg::JointTrajectoryPoint_<std::allocator<void> > >; std::vector<_Tp, _Alloc>::value_type = trajectory_msgs::msg::JointTrajectoryPoint_<std::allocator<void> >][m[K’
[1.668s]  1187 |       [01;36m[Kpush_back[m[K(const value_type& __x)
[1.668s]       |       [01;36m[K^~~~~~~~~[m[K
[1.668s] [01m[K/usr/include/c++/11/bits/stl_vector.h:1187:35:[m[K [01;36m[Knote: [m[K  no known conversion for argument 1 from ‘[01m[Kstd::vector<double, std::allocator<double> >[m[K’ to ‘[01m[Kconst value_type&[m[K’ {aka ‘[01m[Kconst trajectory_msgs::msg::JointTrajectoryPoint_<std::allocator<void> >&[m[K’}
[1.668s]  1187 |       push_back([01;36m[Kconst value_type& __x[m[K)
[1.668s]       |                 [01;36m[K~~~~~~~~~~~~~~~~~~^~~[m[K
[1.668s] [01m[K/usr/include/c++/11/bits/stl_vector.h:1203:7:[m[K [01;36m[Knote: [m[Kcandidate: ‘[01m[Kvoid std::vector<_Tp, _Alloc>::push_back(std::vector<_Tp, _Alloc>::value_type&&) [with _Tp = trajectory_msgs::msg::JointTrajectoryPoint_<std::allocator<void> >; _Alloc = std::allocator<trajectory_msgs::msg::JointTrajectoryPoint_<std::allocator<void> > >; std::vector<_Tp, _Alloc>::value_type = trajectory_msgs::msg::JointTrajectoryPoint_<std::allocator<void> >][m[K’
[1.668s]  1203 |       [01;36m[Kpush_back[m[K(value_type&& __x)
[1.668s]       |       [01;36m[K^~~~~~~~~[m[K
[1.668s] [01m[K/usr/include/c++/11/bits/stl_vector.h:1203:30:[m[K [01;36m[Knote: [m[K  no known conversion for argument 1 from ‘[01m[Kstd::vector<double, std::allocator<double> >[m[K’ to ‘[01m[Kstd::vector<trajectory_msgs::msg::JointTrajectoryPoint_<std::allocator<void> >, std::allocator<trajectory_msgs::msg::JointTrajectoryPoint_<std::allocator<void> > > >::value_type&&[m[K’ {aka ‘[01m[Ktrajectory_msgs::msg::JointTrajectoryPoint_<std::allocator<void> >&&[m[K’}
[1.668s]  1203 |       push_back([01;36m[Kvalue_type&& __x[m[K)
[1.668s]       |                 [01;36m[K~~~~~~~~~~~~~^~~[m[K
[1.673s] [01m[K/home/hibiki/Robomech_HR/Eglantyne/simulation/src/simple_sim/src/test/walk_test.cpp:[m[K In member function ‘[01m[Kvoid WalkTest::setup_link()[m[K’:
[1.673s] [01m[K/home/hibiki/Robomech_HR/Eglantyne/simulation/src/simple_sim/src/test/walk_test.cpp:147:71:[m[K [01;31m[Kerror: [m[K‘[01m[Khip_yaw[m[K’ was not declared in this scope
[1.673s]   147 |     leg_roll_right.setDefault("leg_roll_right", 0,0,-22.2, 1,0,0, 0, &[01;31m[Khip_yaw[m[K);
[1.673s]       |                                                                       [01;31m[K^~~~~~~[m[K
[1.677s] [01m[K/home/hibiki/Robomech_HR/Eglantyne/simulation/src/simple_sim/src/test/walk_test.cpp:148:79:[m[K [01;31m[Kerror: [m[K‘[01m[Khip_roll[m[K’ was not declared in this scope
[1.677s]   148 |     leg_upper_right.setDefault("leg_upper_right", 0,0,-26.01, 0,1,0, -25.22, &[01;31m[Khip_roll[m[K);
[1.677s]       |                                                                               [01;31m[K^~~~~~~~[m[K
[1.681s] [01m[K/home/hibiki/Robomech_HR/Eglantyne/simulation/src/simple_sim/src/test/walk_test.cpp:149:78:[m[K [01;31m[Kerror: [m[K‘[01m[Khip_pitch[m[K’ was not declared in this scope
[1.681s]   149 |     leg_under_right.setDefault("leg_under_right", 0,0,-78.02, 0,1,0, 83.34, &[01;31m[Khip_pitch[m[K);
[1.681s]       |                                                                              [01;31m[K^~~~~~~~~[m[K
[1.684s] [01m[K/home/hibiki/Robomech_HR/Eglantyne/simulation/src/simple_sim/src/test/walk_test.cpp:150:5:[m[K [01;31m[Kerror: [m[K‘[01m[Kfoot_pitc_right[m[K’ was not declared in this scope; did you mean ‘[01m[Kfoot_pitch_right[m[K’?
[1.684s]   150 |     [01;31m[Kfoot_pitc_right[m[K.setDefault("foot_pitch_right", 0,0,-78.02, 0,1,0, -58.12, &nee_pitch);
[1.684s]       |     [01;31m[K^~~~~~~~~~~~~~~[m[K
[1.684s]       |     [32m[Kfoot_pitch_right[m[K
[1.689s] [01m[K/home/hibiki/Robomech_HR/Eglantyne/simulation/src/simple_sim/src/test/walk_test.cpp:150:80:[m[K [01;31m[Kerror: [m[K‘[01m[Knee_pitch[m[K’ was not declared in this scope
[1.689s]   150 |     foot_pitc_right.setDefault("foot_pitch_right", 0,0,-78.02, 0,1,0, -58.12, &[01;31m[Knee_pitch[m[K);
[1.689s]       |                                                                                [01;31m[K^~~~~~~~~[m[K
[1.693s] [01m[K/home/hibiki/Robomech_HR/Eglantyne/simulation/src/simple_sim/src/test/walk_test.cpp:151:69:[m[K [01;31m[Kerror: [m[K‘[01m[Ktoe_pitch[m[K’ was not declared in this scope
[1.693s]   151 |     foot_roll_right.setDefault("foot_roll_right", 0,0,0, 1,0,0, 0, &[01;31m[Ktoe_pitch[m[K);
[1.693s]       |                                                                     [01;31m[K^~~~~~~~~[m[K
[1.694s] [01m[K/home/hibiki/Robomech_HR/Eglantyne/simulation/src/simple_sim/src/test/walk_test.cpp:161:117:[m[K [01;31m[Kerror: [m[Kexpected ‘[01m[K;[m[K’ before ‘[01m[K}[m[K’ token
[1.694s]   161 |                 leg_yaw_left,  leg_roll_left,  leg_upper_left,  leg_under_left,  foot_pitch_left,  foot_roll_left  }
[1.694s]       |                                                                                                                     [01;31m[K^[m[K
[1.694s]       |                                                                                                                     [32m[K;[m[K
[1.694s]   162 | [32m[K}[m[K
[1.694s]       | [32m[K~[m[K                                                                                                                    
[3.131s] gmake[2]: *** [CMakeFiles/walk_test.dir/build.make:76: CMakeFiles/walk_test.dir/src/test/walk_test.cpp.o] Error 1
[3.131s] gmake[1]: *** [CMakeFiles/Makefile2:221: CMakeFiles/walk_test.dir/all] Error 2
[3.131s] gmake: *** [Makefile:146: all] Error 2
[3.132s] Invoked command in '/home/hibiki/Robomech_HR/Eglantyne/simulation/build/simple_sim' returned '2': CMAKE_PREFIX_PATH=/home/hibiki/Robomech_HR/Eglantyne/simulation/install/simple_sim:/home/hibiki/Robomech_HR/Eglantyne/simulation/install/ros2_control_demos:/home/hibiki/Robomech_HR/Eglantyne/simulation/install/ros2_control_demo_example_9:/home/hibiki/Robomech_HR/Eglantyne/simulation/install/ros2_control_demo_example_8:/home/hibiki/Robomech_HR/Eglantyne/simulation/install/ros2_control_demo_example_7:/home/hibiki/Robomech_HR/Eglantyne/simulation/install/ros2_control_demo_example_6:/home/hibiki/Robomech_HR/Eglantyne/simulation/install/ros2_control_demo_example_15:/home/hibiki/Robomech_HR/Eglantyne/simulation/install/ros2_control_demo_example_5:/home/hibiki/Robomech_HR/Eglantyne/simulation/install/ros2_control_demo_example_4:/home/hibiki/Robomech_HR/Eglantyne/simulation/install/ros2_control_demo_example_3:/home/hibiki/Robomech_HR/Eglantyne/simulation/install/ros2_control_demo_example_2:/home/hibiki/Robomech_HR/Eglantyne/simulation/install/ros2_control_demo_example_14:/home/hibiki/Robomech_HR/Eglantyne/simulation/install/ros2_control_demo_example_12:/home/hibiki/Robomech_HR/Eglantyne/simulation/install/ros2_control_demo_example_11:/home/hibiki/Robomech_HR/Eglantyne/simulation/install/ros2_control_demo_example_10:/home/hibiki/Robomech_HR/Eglantyne/simulation/install/ros2_control_demo_example_1:/home/hibiki/Robomech_HR/Eglantyne/simulation/install/ros2_control_demo_description:/home/hibiki/Robomech_HR/Eglantyne/simulation/install/gazebo_ros2_control_demos:/home/hibiki/Robomech_HR/Eglantyne/simulation/install/champ_teleop:/home/hibiki/Robomech_HR/Eglantyne/simulation/install/champ_navigation:/home/hibiki/Robomech_HR/Eglantyne/simulation/install/champ_gazebo:/home/hibiki/Robomech_HR/Eglantyne/simulation/install/champ_bringup:/home/hibiki/Robomech_HR/Eglantyne/simulation/install/champ_base:/home/hibiki/Robomech_HR/Eglantyne/simulation/install/champ_msgs:/home/hibiki/Robomech_HR/Eglantyne/simulation/install/champ_description:/home/hibiki/Robomech_HR/Eglantyne/simulation/install/champ_config:/home/hibiki/Robomech_HR/Eglantyne/simulation/install/ros2_control_demo_testing:/opt/ros/humble:/home/hibiki/Robomech_HR/Eglantyne/simulation/install/champ /usr/bin/cmake --build /home/hibiki/Robomech_HR/Eglantyne/simulation/build/simple_sim -- -j16 -l16
