[0.008s] Invoking command in '/home/hibiki/Robomech_HR/Eglantyne/simulation/build/simple_sim': CMAKE_PREFIX_PATH=/opt/ros/humble /usr/bin/cmake --build /home/hibiki/Robomech_HR/Eglantyne/simulation/build/simple_sim -- -j16 -l16
[0.034s] [  5%] [32mBuilding CXX object CMakeFiles/joy_handler.dir/simenv/controller/joy_handler.cpp.o[0m
[0.038s] [ 15%] Built target pub_test
[0.039s] [ 25%] Built target pub_control
[0.039s] [ 35%] Built target esp_control
[0.040s] [ 45%] Built target zero_pub
[0.043s] [ 55%] Built target squwad_esp
[0.045s] [ 75%] Built target omuni_dir_walk
[0.045s] [ 95%] Built target walk_test
[1.336s] [01m[K/home/hibiki/Robomech_HR/Eglantyne/simulation/src/simple_sim/simenv/controller/joy_handler.cpp:14:25:[m[K [01;31m[Kerror: [m[K‘[01m[Kmsgs[m[K’ in namespace ‘[01m[Kstd_msgs[m[K’ does not name a type; did you mean ‘[01m[Kmsg[m[K’?
[1.336s]    14 | using Int32 = std_msgs::[01;31m[Kmsgs[m[K::Int32;
[1.336s]       |                         [01;31m[K^~~~[m[K
[1.336s]       |                         [32m[Kmsg[m[K
[1.336s] [01m[K/home/hibiki/Robomech_HR/Eglantyne/simulation/src/simple_sim/simenv/controller/joy_handler.cpp:29:27:[m[K [01;31m[Kerror: [m[K‘[01m[Ksensor_msgs[m[K’ has not been declared
[1.336s]    29 |     void update_joy_order([01;31m[Ksensor_msgs[m[K::msg::Joy joy_input){
[1.336s]       |                           [01;31m[K^~~~~~~~~~~[m[K
[1.336s] [01m[K/home/hibiki/Robomech_HR/Eglantyne/simulation/src/simple_sim/simenv/controller/joy_handler.cpp:29:49:[m[K [01;31m[Kerror: [m[Kexpected ‘[01m[K,[m[K’ or ‘[01m[K...[m[K’ before ‘[01m[Kjoy_input[m[K’
[1.336s]    29 |     void update_joy_order(sensor_msgs::msg::Joy [01;31m[Kjoy_input[m[K){
[1.336s]       |                                                 [01;31m[K^~~~~~~~~[m[K
[1.336s] [01m[K/home/hibiki/Robomech_HR/Eglantyne/simulation/src/simple_sim/simenv/controller/joy_handler.cpp:44:22:[m[K [01;31m[Kerror: [m[K‘[01m[KInt32[m[K’ has not been declared
[1.336s]    44 |     void check_state([01;31m[KInt32[m[K trig){
[1.336s]       |                      [01;31m[K^~~~~[m[K
[1.336s] [01m[K/home/hibiki/Robomech_HR/Eglantyne/simulation/src/simple_sim/simenv/controller/joy_handler.cpp:50:26:[m[K [01;31m[Kerror: [m[K‘[01m[KInt32[m[K’ was not declared in this scope; did you mean ‘[01m[Kstd_msgs::msg::Int32[m[K’?
[1.336s]    50 |     rclcpp::Subscription<[01;31m[KInt32[m[K>::SharedPtr sub_trig_;
[1.336s]       |                          [01;31m[K^~~~~[m[K
[1.336s]       |                          [32m[Kstd_msgs::msg::Int32[m[K
[1.336s] In file included from [01m[K/opt/ros/humble/include/std_msgs/std_msgs/msg/int32.hpp:7[m[K,
[1.336s]                  from [01m[K/home/hibiki/Robomech_HR/Eglantyne/simulation/src/simple_sim/simenv/controller/joy_handler.cpp:8[m[K:
[1.336s] [01m[K/opt/ros/humble/include/std_msgs/std_msgs/msg/detail/int32__struct.hpp:122:7:[m[K [01;36m[Knote: [m[K‘[01m[Kstd_msgs::msg::Int32[m[K’ declared here
[1.336s]   122 | using [01;36m[KInt32[m[K =
[1.337s]       |       [01;36m[K^~~~~[m[K
[1.337s] [01m[K/home/hibiki/Robomech_HR/Eglantyne/simulation/src/simple_sim/simenv/controller/joy_handler.cpp:50:31:[m[K [01;31m[Kerror: [m[Ktemplate argument 1 is invalid
[1.337s]    50 |     rclcpp::Subscription<Int32[01;31m[K>[m[K::SharedPtr sub_trig_;
[1.337s]       |                               [01;31m[K^[m[K
[1.337s] [01m[K/home/hibiki/Robomech_HR/Eglantyne/simulation/src/simple_sim/simenv/controller/joy_handler.cpp:50:31:[m[K [01;31m[Kerror: [m[Ktemplate argument 3 is invalid
[1.337s] [01m[K/home/hibiki/Robomech_HR/Eglantyne/simulation/src/simple_sim/simenv/controller/joy_handler.cpp:50:31:[m[K [01;31m[Kerror: [m[Ktemplate argument 4 is invalid
[1.337s] [01m[K/home/hibiki/Robomech_HR/Eglantyne/simulation/src/simple_sim/simenv/controller/joy_handler.cpp:50:31:[m[K [01;31m[Kerror: [m[Ktemplate argument 5 is invalid
[1.337s] [01m[K/home/hibiki/Robomech_HR/Eglantyne/simulation/src/simple_sim/simenv/controller/joy_handler.cpp:50:34:[m[K [01;31m[Kerror: [m[Kexpected ‘[01m[K;[m[K’ at end of member declaration
[1.337s]    50 |     rclcpp::Subscription<Int32>::[01;31m[KSharedPtr[m[K sub_trig_;
[1.337s]       |                                  [01;31m[K^~~~~~~~~[m[K
[1.337s]       |                                           [32m[K;[m[K
[1.338s] [01m[K/home/hibiki/Robomech_HR/Eglantyne/simulation/src/simple_sim/simenv/controller/joy_handler.cpp:50:44:[m[K [01;31m[Kerror: [m[K‘[01m[Ksub_trig_[m[K’ does not name a type
[1.338s]    50 |     rclcpp::Subscription<Int32>::SharedPtr [01;31m[Ksub_trig_[m[K;
[1.338s]       |                                            [01;31m[K^~~~~~~~~[m[K
[1.342s] [01m[K/home/hibiki/Robomech_HR/Eglantyne/simulation/src/simple_sim/simenv/controller/joy_handler.cpp:51:26:[m[K [01;31m[Kerror: [m[K‘[01m[Ksensor_msgs[m[K’ was not declared in this scope
[1.342s]    51 |     rclcpp::Subscription<[01;31m[Ksensor_msgs[m[K::msg::Joy>::SharedPtr sub_joy_;
[1.342s]       |                          [01;31m[K^~~~~~~~~~~[m[K
[1.342s] [01m[K/home/hibiki/Robomech_HR/Eglantyne/simulation/src/simple_sim/simenv/controller/joy_handler.cpp:51:47:[m[K [01;31m[Kerror: [m[Ktemplate argument 1 is invalid
[1.342s]    51 |     rclcpp::Subscription<sensor_msgs::msg::Joy[01;31m[K>[m[K::SharedPtr sub_joy_;
[1.342s]       |                                               [01;31m[K^[m[K
[1.342s] [01m[K/home/hibiki/Robomech_HR/Eglantyne/simulation/src/simple_sim/simenv/controller/joy_handler.cpp:51:47:[m[K [01;31m[Kerror: [m[Ktemplate argument 3 is invalid
[1.342s] [01m[K/home/hibiki/Robomech_HR/Eglantyne/simulation/src/simple_sim/simenv/controller/joy_handler.cpp:51:47:[m[K [01;31m[Kerror: [m[Ktemplate argument 4 is invalid
[1.342s] [01m[K/home/hibiki/Robomech_HR/Eglantyne/simulation/src/simple_sim/simenv/controller/joy_handler.cpp:51:47:[m[K [01;31m[Kerror: [m[Ktemplate argument 5 is invalid
[1.342s] [01m[K/home/hibiki/Robomech_HR/Eglantyne/simulation/src/simple_sim/simenv/controller/joy_handler.cpp:51:50:[m[K [01;31m[Kerror: [m[Kexpected ‘[01m[K;[m[K’ at end of member declaration
[1.342s]    51 |     rclcpp::Subscription<sensor_msgs::msg::Joy>::[01;31m[KSharedPtr[m[K sub_joy_;
[1.342s]       |                                                  [01;31m[K^~~~~~~~~[m[K
[1.343s]       |                                                           [32m[K;[m[K
[1.343s] [01m[K/home/hibiki/Robomech_HR/Eglantyne/simulation/src/simple_sim/simenv/controller/joy_handler.cpp:51:50:[m[K [01;31m[Kerror: [m[Kredeclaration of ‘[01m[Kint JoyHandler::SharedPtr[m[K’
[1.343s] [01m[K/home/hibiki/Robomech_HR/Eglantyne/simulation/src/simple_sim/simenv/controller/joy_handler.cpp:50:34:[m[K [01;36m[Knote: [m[Kprevious declaration ‘[01m[Kint JoyHandler::SharedPtr[m[K’
[1.343s]    50 |     rclcpp::Subscription<Int32>::[01;36m[KSharedPtr[m[K sub_trig_;
[1.343s]       |                                  [01;36m[K^~~~~~~~~[m[K
[1.343s] [01m[K/home/hibiki/Robomech_HR/Eglantyne/simulation/src/simple_sim/simenv/controller/joy_handler.cpp:51:60:[m[K [01;31m[Kerror: [m[K‘[01m[Ksub_joy_[m[K’ does not name a type
[1.343s]    51 |     rclcpp::Subscription<sensor_msgs::msg::Joy>::SharedPtr [01;31m[Ksub_joy_[m[K;
[1.343s]       |                                                            [01;31m[K^~~~~~~~[m[K
[1.343s] [01m[K/home/hibiki/Robomech_HR/Eglantyne/simulation/src/simple_sim/simenv/controller/joy_handler.cpp:52:23:[m[K [01;31m[Kerror: [m[K‘[01m[KInt32[m[K’ was not declared in this scope; did you mean ‘[01m[Kstd_msgs::msg::Int32[m[K’?
[1.343s]    52 |     rclcpp::Publisher<[01;31m[KInt32[m[K>::SharedPtr pub_trig_;
[1.343s]       |                       [01;31m[K^~~~~[m[K
[1.343s]       |                       [32m[Kstd_msgs::msg::Int32[m[K
[1.343s] In file included from [01m[K/opt/ros/humble/include/std_msgs/std_msgs/msg/int32.hpp:7[m[K,
[1.343s]                  from [01m[K/home/hibiki/Robomech_HR/Eglantyne/simulation/src/simple_sim/simenv/controller/joy_handler.cpp:8[m[K:
[1.344s] [01m[K/opt/ros/humble/include/std_msgs/std_msgs/msg/detail/int32__struct.hpp:122:7:[m[K [01;36m[Knote: [m[K‘[01m[Kstd_msgs::msg::Int32[m[K’ declared here
[1.344s]   122 | using [01;36m[KInt32[m[K =
[1.344s]       |       [01;36m[K^~~~~[m[K
[1.344s] [01m[K/home/hibiki/Robomech_HR/Eglantyne/simulation/src/simple_sim/simenv/controller/joy_handler.cpp:52:28:[m[K [01;31m[Kerror: [m[Ktemplate argument 1 is invalid
[1.344s]    52 |     rclcpp::Publisher<Int32[01;31m[K>[m[K::SharedPtr pub_trig_;
[1.344s]       |                            [01;31m[K^[m[K
[1.344s] [01m[K/home/hibiki/Robomech_HR/Eglantyne/simulation/src/simple_sim/simenv/controller/joy_handler.cpp:52:31:[m[K [01;31m[Kerror: [m[Kexpected ‘[01m[K;[m[K’ at end of member declaration
[1.344s]    52 |     rclcpp::Publisher<Int32>::[01;31m[KSharedPtr[m[K pub_trig_;
[1.344s]       |                               [01;31m[K^~~~~~~~~[m[K
[1.344s]       |                                        [32m[K;[m[K
[1.344s] [01m[K/home/hibiki/Robomech_HR/Eglantyne/simulation/src/simple_sim/simenv/controller/joy_handler.cpp:52:31:[m[K [01;31m[Kerror: [m[Kredeclaration of ‘[01m[Kint JoyHandler::SharedPtr[m[K’
[1.344s] [01m[K/home/hibiki/Robomech_HR/Eglantyne/simulation/src/simple_sim/simenv/controller/joy_handler.cpp:50:34:[m[K [01;36m[Knote: [m[Kprevious declaration ‘[01m[Kint JoyHandler::SharedPtr[m[K’
[1.344s]    50 |     rclcpp::Subscription<Int32>::[01;36m[KSharedPtr[m[K sub_trig_;
[1.344s]       |                                  [01;36m[K^~~~~~~~~[m[K
[1.344s] [01m[K/home/hibiki/Robomech_HR/Eglantyne/simulation/src/simple_sim/simenv/controller/joy_handler.cpp:52:41:[m[K [01;31m[Kerror: [m[K‘[01m[Kpub_trig_[m[K’ does not name a type
[1.344s]    52 |     rclcpp::Publisher<Int32>::SharedPtr [01;31m[Kpub_trig_[m[K;
[1.344s]       |                                         [01;31m[K^~~~~~~~~[m[K
[1.349s] [01m[K/home/hibiki/Robomech_HR/Eglantyne/simulation/src/simple_sim/simenv/controller/joy_handler.cpp:[m[K In constructor ‘[01m[KJoyHandler::JoyHandler()[m[K’:
[1.349s] [01m[K/home/hibiki/Robomech_HR/Eglantyne/simulation/src/simple_sim/simenv/controller/joy_handler.cpp:22:9:[m[K [01;31m[Kerror: [m[K‘[01m[Ksub_joy_[m[K’ was not declared in this scope
[1.349s]    22 |         [01;31m[Ksub_joy_[m[K = this->create_subscription<sensor_msgs::msg::Joy>(
[1.349s]       |         [01;31m[K^~~~~~~~[m[K
[1.353s] [01m[K/home/hibiki/Robomech_HR/Eglantyne/simulation/src/simple_sim/simenv/controller/joy_handler.cpp:22:46:[m[K [01;31m[Kerror: [m[K‘[01m[Ksensor_msgs[m[K’ was not declared in this scope
[1.353s]    22 |         sub_joy_ = this->create_subscription<[01;31m[Ksensor_msgs[m[K::msg::Joy>(
[1.353s]       |                                              [01;31m[K^~~~~~~~~~~[m[K
[1.353s] [01m[K/home/hibiki/Robomech_HR/Eglantyne/simulation/src/simple_sim/simenv/controller/joy_handler.cpp:22:26:[m[K [01;31m[Kerror: [m[Kparse error in template argument list
[1.353s]    22 |         sub_joy_ = this->[01;31m[Kcreate_subscription<sensor_msgs::msg::Joy>[m[K(
[1.353s]       |                          [01;31m[K^~~~~~~~~~~~~~~~~~~~~~~~~~~~~~~~~~~~~~~~~~[m[K
[1.353s] [01m[K/home/hibiki/Robomech_HR/Eglantyne/simulation/src/simple_sim/simenv/controller/joy_handler.cpp:23:36:[m[K [01;31m[Kerror: [m[K‘[01m[KOmuniDirWalk[m[K’ has not been declared
[1.353s]    23 |             "/joy", 10, std::bind(&[01;31m[KOmuniDirWalk[m[K::update_joy_order, this, _1));
[1.353s]       |                                    [01;31m[K^~~~~~~~~~~~[m[K
[1.356s] [01m[K/home/hibiki/Robomech_HR/Eglantyne/simulation/src/simple_sim/simenv/controller/joy_handler.cpp:24:9:[m[K [01;31m[Kerror: [m[K‘[01m[Ksub_trig_[m[K’ was not declared in this scope
[1.356s]    24 |         [01;31m[Ksub_trig_[m[K = this->create_subscription<Int32>(
[1.356s]       |         [01;31m[K^~~~~~~~~[m[K
[1.356s] [01m[K/home/hibiki/Robomech_HR/Eglantyne/simulation/src/simple_sim/simenv/controller/joy_handler.cpp:24:47:[m[K [01;31m[Kerror: [m[K‘[01m[KInt32[m[K’ was not declared in this scope; did you mean ‘[01m[Kstd_msgs::msg::Int32[m[K’?
[1.356s]    24 |         sub_trig_ = this->create_subscription<[01;31m[KInt32[m[K>(
[1.356s]       |                                               [01;31m[K^~~~~[m[K
[1.357s]       |                                               [32m[Kstd_msgs::msg::Int32[m[K
[1.357s] In file included from [01m[K/opt/ros/humble/include/std_msgs/std_msgs/msg/int32.hpp:7[m[K,
[1.357s]                  from [01m[K/home/hibiki/Robomech_HR/Eglantyne/simulation/src/simple_sim/simenv/controller/joy_handler.cpp:8[m[K:
[1.357s] [01m[K/opt/ros/humble/include/std_msgs/std_msgs/msg/detail/int32__struct.hpp:122:7:[m[K [01;36m[Knote: [m[K‘[01m[Kstd_msgs::msg::Int32[m[K’ declared here
[1.357s]   122 | using [01;36m[KInt32[m[K =
[1.357s]       |       [01;36m[K^~~~~[m[K
[1.357s] [01m[K/home/hibiki/Robomech_HR/Eglantyne/simulation/src/simple_sim/simenv/controller/joy_handler.cpp:25:47:[m[K [01;31m[Kerror: [m[K‘[01m[KOmuniDirWalk[m[K’ has not been declared
[1.357s]    25 |             "/motion_trigger", 10, std::bind(&[01;31m[KOmuniDirWalk[m[K::check_state, this, _1));
[1.357s]       |                                               [01;31m[K^~~~~~~~~~~~[m[K
[1.360s] [01m[K/home/hibiki/Robomech_HR/Eglantyne/simulation/src/simple_sim/simenv/controller/joy_handler.cpp:26:9:[m[K [01;31m[Kerror: [m[K‘[01m[Kpub_trig_[m[K’ was not declared in this scope
[1.360s]    26 |         [01;31m[Kpub_trig_[m[K = this->create_publisher<Int32>("/motion_trigger", 1);
[1.360s]       |         [01;31m[K^~~~~~~~~[m[K
[1.360s] [01m[K/home/hibiki/Robomech_HR/Eglantyne/simulation/src/simple_sim/simenv/controller/joy_handler.cpp:26:50:[m[K [01;31m[Kerror: [m[Kno matching function for call to ‘[01m[KJoyHandler::create_publisher<Int32>(const char [16], int)[m[K’
[1.360s]    26 |         pub_trig_ = [01;31m[Kthis->create_publisher<Int32>("/motion_trigger", 1)[m[K;
[1.360s]       |                     [01;31m[K~~~~~~~~~~~~~~~~~~~~~~~~~~~~~^~~~~~~~~~~~~~~~~~~~~~[m[K
[1.360s] In file included from [01m[K/opt/ros/humble/include/rclcpp/rclcpp/executors/single_threaded_executor.hpp:28[m[K,
[1.360s]                  from [01m[K/opt/ros/humble/include/rclcpp/rclcpp/executors.hpp:22[m[K,
[1.360s]                  from [01m[K/opt/ros/humble/include/rclcpp/rclcpp/rclcpp.hpp:155[m[K,
[1.360s]                  from [01m[K/home/hibiki/Robomech_HR/Eglantyne/simulation/src/simple_sim/simenv/controller/joy_handler.cpp:6[m[K:
[1.361s] [01m[K/opt/ros/humble/include/rclcpp/rclcpp/node.hpp:195:3:[m[K [01;36m[Knote: [m[Kcandidate: ‘[01m[Ktemplate<class MessageT, class AllocatorT, class PublisherT> std::shared_ptr<PublisherT> rclcpp::Node::create_publisher(const string&, const rclcpp::QoS&, const rclcpp::PublisherOptionsWithAllocator<AllocatorT>&)[m[K’
[1.361s]   195 |   [01;36m[Kcreate_publisher[m[K(
[1.361s]       |   [01;36m[K^~~~~~~~~~~~~~~~[m[K
[1.361s] [01m[K/opt/ros/humble/include/rclcpp/rclcpp/node.hpp:195:3:[m[K [01;36m[Knote: [m[K  template argument deduction/substitution failed:
[1.361s] [01m[K/home/hibiki/Robomech_HR/Eglantyne/simulation/src/simple_sim/simenv/controller/joy_handler.cpp:[m[K In member function ‘[01m[Kvoid JoyHandler::update_joy_order(int)[m[K’:
[1.361s] [01m[K/home/hibiki/Robomech_HR/Eglantyne/simulation/src/simple_sim/simenv/controller/joy_handler.cpp:30:9:[m[K [01;31m[Kerror: [m[K‘[01m[KInt32[m[K’ was not declared in this scope; did you mean ‘[01m[Kstd_msgs::msg::Int32[m[K’?
[1.361s]    30 |         [01;31m[KInt32[m[K trig;
[1.361s]       |         [01;31m[K^~~~~[m[K
[1.361s]       |         [32m[Kstd_msgs::msg::Int32[m[K
[1.361s] In file included from [01m[K/opt/ros/humble/include/std_msgs/std_msgs/msg/int32.hpp:7[m[K,
[1.361s]                  from [01m[K/home/hibiki/Robomech_HR/Eglantyne/simulation/src/simple_sim/simenv/controller/joy_handler.cpp:8[m[K:
[1.361s] [01m[K/opt/ros/humble/include/std_msgs/std_msgs/msg/detail/int32__struct.hpp:122:7:[m[K [01;36m[Knote: [m[K‘[01m[Kstd_msgs::msg::Int32[m[K’ declared here
[1.361s]   122 | using [01;36m[KInt32[m[K =
[1.361s]       |       [01;36m[K^~~~~[m[K
[1.364s] [01m[K/home/hibiki/Robomech_HR/Eglantyne/simulation/src/simple_sim/simenv/controller/joy_handler.cpp:32:16:[m[K [01;31m[Kerror: [m[K‘[01m[Kjoy_input[m[K’ was not declared in this scope
[1.364s]    32 |             if([01;31m[Kjoy_input[m[K.buttons[4] == 1){
[1.364s]       |                [01;31m[K^~~~~~~~~[m[K
[1.367s] [01m[K/home/hibiki/Robomech_HR/Eglantyne/simulation/src/simple_sim/simenv/controller/joy_handler.cpp:33:17:[m[K [01;31m[Kerror: [m[K‘[01m[Ktrig[m[K’ was not declared in this scope
[1.367s]    33 |                 [01;31m[Ktrig[m[K.data = WAKE_FRONT
[1.367s]       |                 [01;31m[K^~~~[m[K
[1.370s] [01m[K/home/hibiki/Robomech_HR/Eglantyne/simulation/src/simple_sim/simenv/controller/joy_handler.cpp:36:17:[m[K [01;31m[Kerror: [m[K‘[01m[Ktrig[m[K’ was not declared in this scope
[1.370s]    36 |                 [01;31m[Ktrig[m[K.data = WAKE_BACK;
[1.370s]       |                 [01;31m[K^~~~[m[K
[1.374s] [01m[K/home/hibiki/Robomech_HR/Eglantyne/simulation/src/simple_sim/simenv/controller/joy_handler.cpp:37:17:[m[K [01;31m[Kerror: [m[K‘[01m[Kpub_trig_[m[K’ was not declared in this scope
[1.374s]    37 |                 [01;31m[Kpub_trig_[m[K->publish(trig);
[1.374s]       |                 [01;31m[K^~~~~~~~~[m[K
[1.374s] [01m[K/home/hibiki/Robomech_HR/Eglantyne/simulation/src/simple_sim/simenv/controller/joy_handler.cpp:38:42:[m[K [01;31m[Kerror: [m[Kexpected primary-expression before ‘[01m[K{[m[K’ token
[1.374s]    38 |             }else if(!(joy_input.axes == [01;31m[K{[m[K0,0,0,0,0,0})){
[1.374s]       |                                          [01;31m[K^[m[K
[1.374s] [01m[K/home/hibiki/Robomech_HR/Eglantyne/simulation/src/simple_sim/simenv/controller/joy_handler.cpp:38:42:[m[K [01;31m[Kerror: [m[Kexpected ‘[01m[K)[m[K’ before ‘[01m[K{[m[K’ token
[1.374s] [01m[K/home/hibiki/Robomech_HR/Eglantyne/simulation/src/simple_sim/simenv/controller/joy_handler.cpp:38:23:[m[K [01;36m[Knote: [m[Kto match this ‘[01m[K([m[K’
[1.374s]    38 |             }else if(![01;36m[K([m[Kjoy_input.axes == {0,0,0,0,0,0})){
[1.374s]       |                       [01;36m[K^[m[K
[1.374s] [01m[K/home/hibiki/Robomech_HR/Eglantyne/simulation/src/simple_sim/simenv/controller/joy_handler.cpp:38:56:[m[K [01;31m[Kerror: [m[Kexpected primary-expression before ‘[01m[K)[m[K’ token
[1.374s]    38 |             }else if(!(joy_input.axes == {0,0,0,0,0,0})[01;31m[K)[m[K{
[1.374s]       |                                                        [01;31m[K^[m[K
[1.374s] [01m[K/home/hibiki/Robomech_HR/Eglantyne/simulation/src/simple_sim/simenv/controller/joy_handler.cpp:29:45:[m[K [01;35m[Kwarning: [m[Kunused parameter ‘[01m[KJoy[m[K’ [[01;35m[K]8;;https://gcc.gnu.org/onlinedocs/gcc/Warning-Options.html#index-Wunused-parameter-Wunused-parameter]8;;[m[K]
[1.374s]    29 |     void update_joy_order([01;35m[Ksensor_msgs::msg::Joy[m[K joy_input){
[1.374s]       |                           [01;35m[K~~~~~~~~~~~~~~~~~~^~~[m[K
[1.626s] gmake[2]: *** [CMakeFiles/joy_handler.dir/build.make:76: CMakeFiles/joy_handler.dir/simenv/controller/joy_handler.cpp.o] Error 1
[1.626s] gmake[1]: *** [CMakeFiles/Makefile2:203: CMakeFiles/joy_handler.dir/all] Error 2
[1.627s] gmake: *** [Makefile:146: all] Error 2
[1.628s] Invoked command in '/home/hibiki/Robomech_HR/Eglantyne/simulation/build/simple_sim' returned '2': CMAKE_PREFIX_PATH=/opt/ros/humble /usr/bin/cmake --build /home/hibiki/Robomech_HR/Eglantyne/simulation/build/simple_sim -- -j16 -l16
