[ 33%] Built target pub_test
[ 66%] Built target zero_pub
[ 83%] [32mBuilding CXX object CMakeFiles/pub_control.dir/src/controller/pub_control.cpp.o[0m
[01m[K/home/hibiki/Robomech_HR/Eglantyne/simulation/src/simple_sim/src/controller/pub_control.cpp:[m[K In member function ‘[01m[Kvoid PubControl::timer_callback()[m[K’:
[01m[K/home/hibiki/Robomech_HR/Eglantyne/simulation/src/simple_sim/src/controller/pub_control.cpp:42:41:[m[K [01;31m[Kerror: [m[Kno match for ‘[01m[Koperator[][m[K’ (operand types are ‘[01m[Ktrajectory_msgs::msg::JointTrajectoryPoint[m[K’ {aka ‘[01m[Ktrajectory_msgs::msg::JointTrajectoryPoint_<std::allocator<void> >[m[K’} and ‘[01m[Kint[m[K’)
   42 |             if (sizeof(pos) / sizeof(pos[01;31m[K[[m[K0] > 18){
      |                                         [01;31m[K^[m[K
[01m[K/home/hibiki/Robomech_HR/Eglantyne/simulation/src/simple_sim/src/controller/pub_control.cpp:57:43:[m[K [01;31m[Kerror: [m[Kexpected ‘[01m[K)[m[K’ before ‘[01m[K;[m[K’ token
   57 |             pos.time_from_start.sec = 0.02[01;31m[K;[m[K
      |                                           [01;31m[K^[m[K
[01m[K/home/hibiki/Robomech_HR/Eglantyne/simulation/src/simple_sim/src/controller/pub_control.cpp:42:16:[m[K [01;36m[Knote: [m[Kto match this ‘[01m[K([m[K’
   42 |             if [01;36m[K([m[Ksizeof(pos) / sizeof(pos[0] > 18){
      |                [01;36m[K^[m[K
[01m[K/home/hibiki/Robomech_HR/Eglantyne/simulation/src/simple_sim/src/controller/pub_control.cpp:57:37:[m[K [01;35m[Kwarning: [m[Ksuggest parentheses around assignment used as truth value [[01;35m[K]8;;https://gcc.gnu.org/onlinedocs/gcc/Warning-Options.html#index-Wparentheses-Wparentheses]8;;[m[K]
   57 |             [01;35m[Kpos.time_from_start.sec = 0.02[m[K;
      |             [01;35m[K~~~~~~~~~~~~~~~~~~~~~~~~^~~~~~[m[K
[01m[K/home/hibiki/Robomech_HR/Eglantyne/simulation/src/simple_sim/src/controller/pub_control.cpp:57:43:[m[K [01;35m[Kwarning: [m[Ksuggest braces around empty body in an ‘[01m[Kif[m[K’ statement [[01;35m[K]8;;https://gcc.gnu.org/onlinedocs/gcc/Warning-Options.html#index-Wempty-body-Wempty-body]8;;[m[K]
   57 |             pos.time_from_start.sec = 0.02[01;35m[K;[m[K
      |                                           [01;35m[K^[m[K
[01m[K/home/hibiki/Robomech_HR/Eglantyne/simulation/src/simple_sim/src/controller/pub_control.cpp:[m[K In function ‘[01m[Kint main(int, char**)[m[K’:
[01m[K/home/hibiki/Robomech_HR/Eglantyne/simulation/src/simple_sim/src/controller/pub_control.cpp:86:5:[m[K [01;31m[Kerror: [m[K‘[01m[Kpub_state_[m[K’ was not declared in this scope
   86 |     [01;31m[Kpub_state_[m[K -> publish(msg);
      |     [01;31m[K^~~~~~~~~~[m[K
gmake[2]: *** [CMakeFiles/pub_control.dir/build.make:76: CMakeFiles/pub_control.dir/src/controller/pub_control.cpp.o] Error 1
gmake[1]: *** [CMakeFiles/Makefile2:193: CMakeFiles/pub_control.dir/all] Error 2
gmake: *** [Makefile:146: all] Error 2
