[0.136s] Invoking command in '/home/hibiki/Robomech_HR/Eglantyne/simulation/build/champ_msgs': CMAKE_PREFIX_PATH=/home/hibiki/Robomech_HR/Eglantyne/simulation/install/simple_sim:/home/hibiki/Robomech_HR/Eglantyne/simulation/install/ros2_control_demos:/home/hibiki/Robomech_HR/Eglantyne/simulation/install/ros2_control_demo_example_9:/home/hibiki/Robomech_HR/Eglantyne/simulation/install/ros2_control_demo_example_8:/home/hibiki/Robomech_HR/Eglantyne/simulation/install/ros2_control_demo_example_7:/home/hibiki/Robomech_HR/Eglantyne/simulation/install/ros2_control_demo_example_6:/home/hibiki/Robomech_HR/Eglantyne/simulation/install/ros2_control_demo_example_15:/home/hibiki/Robomech_HR/Eglantyne/simulation/install/ros2_control_demo_example_5:/home/hibiki/Robomech_HR/Eglantyne/simulation/install/ros2_control_demo_example_4:/home/hibiki/Robomech_HR/Eglantyne/simulation/install/ros2_control_demo_example_3:/home/hibiki/Robomech_HR/Eglantyne/simulation/install/ros2_control_demo_example_2:/home/hibiki/Robomech_HR/Eglantyne/simulation/install/ros2_control_demo_example_14:/home/hibiki/Robomech_HR/Eglantyne/simulation/install/ros2_control_demo_example_12:/home/hibiki/Robomech_HR/Eglantyne/simulation/install/ros2_control_demo_example_11:/home/hibiki/Robomech_HR/Eglantyne/simulation/install/ros2_control_demo_example_10:/home/hibiki/Robomech_HR/Eglantyne/simulation/install/ros2_control_demo_example_1:/home/hibiki/Robomech_HR/Eglantyne/simulation/install/ros2_control_demo_description:/home/hibiki/Robomech_HR/Eglantyne/simulation/install/gazebo_ros2_control_demos:/home/hibiki/Robomech_HR/Eglantyne/simulation/install/champ_teleop:/home/hibiki/Robomech_HR/Eglantyne/simulation/install/champ_navigation:/home/hibiki/Robomech_HR/Eglantyne/simulation/install/champ_gazebo:/home/hibiki/Robomech_HR/Eglantyne/simulation/install/champ_bringup:/home/hibiki/Robomech_HR/Eglantyne/simulation/install/champ_base:/home/hibiki/Robomech_HR/Eglantyne/simulation/install/champ_msgs:/home/hibiki/Robomech_HR/Eglantyne/simulation/install/champ_description:/home/hibiki/Robomech_HR/Eglantyne/simulation/install/champ_config:/home/hibiki/Robomech_HR/Eglantyne/simulation/install/ros2_control_demo_testing:/opt/ros/humble:/home/hibiki/Robomech_HR/Eglantyne/simulation/install/champ:/home/hibiki/Robomech_HR/Eglantyne/microros/ros2_pub_test/install/vel_pub /usr/bin/cmake --build /home/hibiki/Robomech_HR/Eglantyne/simulation/build/champ_msgs -- -j16 -l16
[0.165s] [  1%] Built target champ_msgs__cpp
[0.167s] [ 12%] Built target champ_msgs__rosidl_generator_c
[0.168s] [ 12%] Built target ament_cmake_python_copy_champ_msgs
[0.187s] [ 35%] Built target champ_msgs__rosidl_typesupport_cpp
[0.187s] [ 35%] Built target champ_msgs__rosidl_typesupport_fastrtps_cpp
[0.187s] [ 47%] Built target champ_msgs__rosidl_typesupport_c
[0.187s] [ 69%] Built target champ_msgs__rosidl_typesupport_introspection_c
[0.187s] [ 70%] Built target champ_msgs__rosidl_typesupport_introspection_cpp
[0.187s] [ 82%] Built target champ_msgs__rosidl_typesupport_fastrtps_c
[0.197s] [ 82%] Built target champ_msgs
[0.220s] [ 83%] Built target champ_msgs__py
[0.223s] [ 93%] Built target champ_msgs__rosidl_generator_py
[0.238s] [ 98%] Built target champ_msgs__rosidl_typesupport_introspection_c__pyext
[0.239s] [ 98%] Built target champ_msgs__rosidl_typesupport_fastrtps_c__pyext
[0.239s] [100%] Built target champ_msgs__rosidl_typesupport_c__pyext
[0.306s] running egg_info
[0.313s] writing champ_msgs.egg-info/PKG-INFO
[0.313s] writing dependency_links to champ_msgs.egg-info/dependency_links.txt
[0.313s] writing top-level names to champ_msgs.egg-info/top_level.txt
[0.334s] reading manifest file 'champ_msgs.egg-info/SOURCES.txt'
[0.334s] writing manifest file 'champ_msgs.egg-info/SOURCES.txt'
[0.352s] [100%] Built target ament_cmake_python_build_champ_msgs_egg
[0.358s] Invoked command in '/home/hibiki/Robomech_HR/Eglantyne/simulation/build/champ_msgs' returned '0': CMAKE_PREFIX_PATH=/home/hibiki/Robomech_HR/Eglantyne/simulation/install/simple_sim:/home/hibiki/Robomech_HR/Eglantyne/simulation/install/ros2_control_demos:/home/hibiki/Robomech_HR/Eglantyne/simulation/install/ros2_control_demo_example_9:/home/hibiki/Robomech_HR/Eglantyne/simulation/install/ros2_control_demo_example_8:/home/hibiki/Robomech_HR/Eglantyne/simulation/install/ros2_control_demo_example_7:/home/hibiki/Robomech_HR/Eglantyne/simulation/install/ros2_control_demo_example_6:/home/hibiki/Robomech_HR/Eglantyne/simulation/install/ros2_control_demo_example_15:/home/hibiki/Robomech_HR/Eglantyne/simulation/install/ros2_control_demo_example_5:/home/hibiki/Robomech_HR/Eglantyne/simulation/install/ros2_control_demo_example_4:/home/hibiki/Robomech_HR/Eglantyne/simulation/install/ros2_control_demo_example_3:/home/hibiki/Robomech_HR/Eglantyne/simulation/install/ros2_control_demo_example_2:/home/hibiki/Robomech_HR/Eglantyne/simulation/install/ros2_control_demo_example_14:/home/hibiki/Robomech_HR/Eglantyne/simulation/install/ros2_control_demo_example_12:/home/hibiki/Robomech_HR/Eglantyne/simulation/install/ros2_control_demo_example_11:/home/hibiki/Robomech_HR/Eglantyne/simulation/install/ros2_control_demo_example_10:/home/hibiki/Robomech_HR/Eglantyne/simulation/install/ros2_control_demo_example_1:/home/hibiki/Robomech_HR/Eglantyne/simulation/install/ros2_control_demo_description:/home/hibiki/Robomech_HR/Eglantyne/simulation/install/gazebo_ros2_control_demos:/home/hibiki/Robomech_HR/Eglantyne/simulation/install/champ_teleop:/home/hibiki/Robomech_HR/Eglantyne/simulation/install/champ_navigation:/home/hibiki/Robomech_HR/Eglantyne/simulation/install/champ_gazebo:/home/hibiki/Robomech_HR/Eglantyne/simulation/install/champ_bringup:/home/hibiki/Robomech_HR/Eglantyne/simulation/install/champ_base:/home/hibiki/Robomech_HR/Eglantyne/simulation/install/champ_msgs:/home/hibiki/Robomech_HR/Eglantyne/simulation/install/champ_description:/home/hibiki/Robomech_HR/Eglantyne/simulation/install/champ_config:/home/hibiki/Robomech_HR/Eglantyne/simulation/install/ros2_control_demo_testing:/opt/ros/humble:/home/hibiki/Robomech_HR/Eglantyne/simulation/install/champ:/home/hibiki/Robomech_HR/Eglantyne/microros/ros2_pub_test/install/vel_pub /usr/bin/cmake --build /home/hibiki/Robomech_HR/Eglantyne/simulation/build/champ_msgs -- -j16 -l16
[0.581s] Invoking command in '/home/hibiki/Robomech_HR/Eglantyne/simulation/build/champ_msgs': CMAKE_PREFIX_PATH=/home/hibiki/Robomech_HR/Eglantyne/simulation/install/simple_sim:/home/hibiki/Robomech_HR/Eglantyne/simulation/install/ros2_control_demos:/home/hibiki/Robomech_HR/Eglantyne/simulation/install/ros2_control_demo_example_9:/home/hibiki/Robomech_HR/Eglantyne/simulation/install/ros2_control_demo_example_8:/home/hibiki/Robomech_HR/Eglantyne/simulation/install/ros2_control_demo_example_7:/home/hibiki/Robomech_HR/Eglantyne/simulation/install/ros2_control_demo_example_6:/home/hibiki/Robomech_HR/Eglantyne/simulation/install/ros2_control_demo_example_15:/home/hibiki/Robomech_HR/Eglantyne/simulation/install/ros2_control_demo_example_5:/home/hibiki/Robomech_HR/Eglantyne/simulation/install/ros2_control_demo_example_4:/home/hibiki/Robomech_HR/Eglantyne/simulation/install/ros2_control_demo_example_3:/home/hibiki/Robomech_HR/Eglantyne/simulation/install/ros2_control_demo_example_2:/home/hibiki/Robomech_HR/Eglantyne/simulation/install/ros2_control_demo_example_14:/home/hibiki/Robomech_HR/Eglantyne/simulation/install/ros2_control_demo_example_12:/home/hibiki/Robomech_HR/Eglantyne/simulation/install/ros2_control_demo_example_11:/home/hibiki/Robomech_HR/Eglantyne/simulation/install/ros2_control_demo_example_10:/home/hibiki/Robomech_HR/Eglantyne/simulation/install/ros2_control_demo_example_1:/home/hibiki/Robomech_HR/Eglantyne/simulation/install/ros2_control_demo_description:/home/hibiki/Robomech_HR/Eglantyne/simulation/install/gazebo_ros2_control_demos:/home/hibiki/Robomech_HR/Eglantyne/simulation/install/champ_teleop:/home/hibiki/Robomech_HR/Eglantyne/simulation/install/champ_navigation:/home/hibiki/Robomech_HR/Eglantyne/simulation/install/champ_gazebo:/home/hibiki/Robomech_HR/Eglantyne/simulation/install/champ_bringup:/home/hibiki/Robomech_HR/Eglantyne/simulation/install/champ_base:/home/hibiki/Robomech_HR/Eglantyne/simulation/install/champ_msgs:/home/hibiki/Robomech_HR/Eglantyne/simulation/install/champ_description:/home/hibiki/Robomech_HR/Eglantyne/simulation/install/champ_config:/home/hibiki/Robomech_HR/Eglantyne/simulation/install/ros2_control_demo_testing:/opt/ros/humble:/home/hibiki/Robomech_HR/Eglantyne/simulation/install/champ:/home/hibiki/Robomech_HR/Eglantyne/microros/ros2_pub_test/install/vel_pub /usr/bin/cmake --install /home/hibiki/Robomech_HR/Eglantyne/simulation/build/champ_msgs
[0.585s] -- Install configuration: ""
[0.585s] -- Up-to-date: /home/hibiki/Robomech_HR/Eglantyne/simulation/install/champ_msgs/share/ament_index/resource_index/rosidl_interfaces/champ_msgs
[0.585s] -- Up-to-date: /home/hibiki/Robomech_HR/Eglantyne/simulation/install/champ_msgs/include/champ_msgs/champ_msgs
[0.585s] -- Up-to-date: /home/hibiki/Robomech_HR/Eglantyne/simulation/install/champ_msgs/include/champ_msgs/champ_msgs/msg
[0.585s] -- Up-to-date: /home/hibiki/Robomech_HR/Eglantyne/simulation/install/champ_msgs/include/champ_msgs/champ_msgs/msg/joints.h
[0.585s] -- Up-to-date: /home/hibiki/Robomech_HR/Eglantyne/simulation/install/champ_msgs/include/champ_msgs/champ_msgs/msg/rosidl_generator_c__visibility_control.h
[0.585s] -- Up-to-date: /home/hibiki/Robomech_HR/Eglantyne/simulation/install/champ_msgs/include/champ_msgs/champ_msgs/msg/pose.h
[0.585s] -- Up-to-date: /home/hibiki/Robomech_HR/Eglantyne/simulation/install/champ_msgs/include/champ_msgs/champ_msgs/msg/point.h
[0.586s] -- Up-to-date: /home/hibiki/Robomech_HR/Eglantyne/simulation/install/champ_msgs/include/champ_msgs/champ_msgs/msg/velocities.h
[0.586s] -- Up-to-date: /home/hibiki/Robomech_HR/Eglantyne/simulation/install/champ_msgs/include/champ_msgs/champ_msgs/msg/detail
[0.586s] -- Up-to-date: /home/hibiki/Robomech_HR/Eglantyne/simulation/install/champ_msgs/include/champ_msgs/champ_msgs/msg/detail/joints__functions.c
[0.586s] -- Up-to-date: /home/hibiki/Robomech_HR/Eglantyne/simulation/install/champ_msgs/include/champ_msgs/champ_msgs/msg/detail/pid__type_support.h
[0.586s] -- Up-to-date: /home/hibiki/Robomech_HR/Eglantyne/simulation/install/champ_msgs/include/champ_msgs/champ_msgs/msg/detail/imu__struct.h
[0.586s] -- Up-to-date: /home/hibiki/Robomech_HR/Eglantyne/simulation/install/champ_msgs/include/champ_msgs/champ_msgs/msg/detail/point__type_support.h
[0.586s] -- Up-to-date: /home/hibiki/Robomech_HR/Eglantyne/simulation/install/champ_msgs/include/champ_msgs/champ_msgs/msg/detail/point_array__struct.h
[0.586s] -- Up-to-date: /home/hibiki/Robomech_HR/Eglantyne/simulation/install/champ_msgs/include/champ_msgs/champ_msgs/msg/detail/point__struct.h
[0.587s] -- Up-to-date: /home/hibiki/Robomech_HR/Eglantyne/simulation/install/champ_msgs/include/champ_msgs/champ_msgs/msg/detail/contacts__type_support.h
[0.587s] -- Up-to-date: /home/hibiki/Robomech_HR/Eglantyne/simulation/install/champ_msgs/include/champ_msgs/champ_msgs/msg/detail/velocities__type_support.h
[0.587s] -- Up-to-date: /home/hibiki/Robomech_HR/Eglantyne/simulation/install/champ_msgs/include/champ_msgs/champ_msgs/msg/detail/pid__functions.h
[0.587s] -- Up-to-date: /home/hibiki/Robomech_HR/Eglantyne/simulation/install/champ_msgs/include/champ_msgs/champ_msgs/msg/detail/contacts__functions.h
[0.587s] -- Up-to-date: /home/hibiki/Robomech_HR/Eglantyne/simulation/install/champ_msgs/include/champ_msgs/champ_msgs/msg/detail/pose__type_support.h
[0.587s] -- Up-to-date: /home/hibiki/Robomech_HR/Eglantyne/simulation/install/champ_msgs/include/champ_msgs/champ_msgs/msg/detail/contacts_stamped__functions.c
[0.587s] -- Up-to-date: /home/hibiki/Robomech_HR/Eglantyne/simulation/install/champ_msgs/include/champ_msgs/champ_msgs/msg/detail/pose__functions.c
[0.587s] -- Up-to-date: /home/hibiki/Robomech_HR/Eglantyne/simulation/install/champ_msgs/include/champ_msgs/champ_msgs/msg/detail/joints__functions.h
[0.587s] -- Up-to-date: /home/hibiki/Robomech_HR/Eglantyne/simulation/install/champ_msgs/include/champ_msgs/champ_msgs/msg/detail/point__functions.c
[0.587s] -- Up-to-date: /home/hibiki/Robomech_HR/Eglantyne/simulation/install/champ_msgs/include/champ_msgs/champ_msgs/msg/detail/joints__type_support.h
[0.587s] -- Up-to-date: /home/hibiki/Robomech_HR/Eglantyne/simulation/install/champ_msgs/include/champ_msgs/champ_msgs/msg/detail/contacts_stamped__struct.h
[0.587s] -- Up-to-date: /home/hibiki/Robomech_HR/Eglantyne/simulation/install/champ_msgs/include/champ_msgs/champ_msgs/msg/detail/point__functions.h
[0.587s] -- Up-to-date: /home/hibiki/Robomech_HR/Eglantyne/simulation/install/champ_msgs/include/champ_msgs/champ_msgs/msg/detail/contacts__struct.h
[0.588s] -- Up-to-date: /home/hibiki/Robomech_HR/Eglantyne/simulation/install/champ_msgs/include/champ_msgs/champ_msgs/msg/detail/velocities__functions.c
[0.588s] -- Up-to-date: /home/hibiki/Robomech_HR/Eglantyne/simulation/install/champ_msgs/include/champ_msgs/champ_msgs/msg/detail/joints__struct.h
[0.588s] -- Up-to-date: /home/hibiki/Robomech_HR/Eglantyne/simulation/install/champ_msgs/include/champ_msgs/champ_msgs/msg/detail/imu__type_support.h
[0.588s] -- Up-to-date: /home/hibiki/Robomech_HR/Eglantyne/simulation/install/champ_msgs/include/champ_msgs/champ_msgs/msg/detail/imu__functions.h
[0.588s] -- Up-to-date: /home/hibiki/Robomech_HR/Eglantyne/simulation/install/champ_msgs/include/champ_msgs/champ_msgs/msg/detail/point_array__functions.h
[0.588s] -- Up-to-date: /home/hibiki/Robomech_HR/Eglantyne/simulation/install/champ_msgs/include/champ_msgs/champ_msgs/msg/detail/imu__functions.c
[0.588s] -- Up-to-date: /home/hibiki/Robomech_HR/Eglantyne/simulation/install/champ_msgs/include/champ_msgs/champ_msgs/msg/detail/contacts_stamped__functions.h
[0.588s] -- Up-to-date: /home/hibiki/Robomech_HR/Eglantyne/simulation/install/champ_msgs/include/champ_msgs/champ_msgs/msg/detail/contacts__functions.c
[0.588s] -- Up-to-date: /home/hibiki/Robomech_HR/Eglantyne/simulation/install/champ_msgs/include/champ_msgs/champ_msgs/msg/detail/velocities__struct.h
[0.588s] -- Up-to-date: /home/hibiki/Robomech_HR/Eglantyne/simulation/install/champ_msgs/include/champ_msgs/champ_msgs/msg/detail/point_array__type_support.h
[0.588s] -- Up-to-date: /home/hibiki/Robomech_HR/Eglantyne/simulation/install/champ_msgs/include/champ_msgs/champ_msgs/msg/detail/pid__functions.c
[0.588s] -- Up-to-date: /home/hibiki/Robomech_HR/Eglantyne/simulation/install/champ_msgs/include/champ_msgs/champ_msgs/msg/detail/velocities__functions.h
[0.589s] -- Up-to-date: /home/hibiki/Robomech_HR/Eglantyne/simulation/install/champ_msgs/include/champ_msgs/champ_msgs/msg/detail/contacts_stamped__type_support.h
[0.589s] -- Up-to-date: /home/hibiki/Robomech_HR/Eglantyne/simulation/install/champ_msgs/include/champ_msgs/champ_msgs/msg/detail/point_array__functions.c
[0.589s] -- Up-to-date: /home/hibiki/Robomech_HR/Eglantyne/simulation/install/champ_msgs/include/champ_msgs/champ_msgs/msg/detail/pose__functions.h
[0.589s] -- Up-to-date: /home/hibiki/Robomech_HR/Eglantyne/simulation/install/champ_msgs/include/champ_msgs/champ_msgs/msg/detail/pid__struct.h
[0.589s] -- Up-to-date: /home/hibiki/Robomech_HR/Eglantyne/simulation/install/champ_msgs/include/champ_msgs/champ_msgs/msg/detail/pose__struct.h
[0.589s] -- Up-to-date: /home/hibiki/Robomech_HR/Eglantyne/simulation/install/champ_msgs/include/champ_msgs/champ_msgs/msg/contacts.h
[0.589s] -- Up-to-date: /home/hibiki/Robomech_HR/Eglantyne/simulation/install/champ_msgs/include/champ_msgs/champ_msgs/msg/contacts_stamped.h
[0.589s] -- Up-to-date: /home/hibiki/Robomech_HR/Eglantyne/simulation/install/champ_msgs/include/champ_msgs/champ_msgs/msg/pid.h
[0.589s] -- Up-to-date: /home/hibiki/Robomech_HR/Eglantyne/simulation/install/champ_msgs/include/champ_msgs/champ_msgs/msg/imu.h
[0.589s] -- Up-to-date: /home/hibiki/Robomech_HR/Eglantyne/simulation/install/champ_msgs/include/champ_msgs/champ_msgs/msg/point_array.h
[0.589s] -- Up-to-date: /home/hibiki/Robomech_HR/Eglantyne/simulation/install/champ_msgs/share/champ_msgs/environment/library_path.sh
[0.589s] -- Up-to-date: /home/hibiki/Robomech_HR/Eglantyne/simulation/install/champ_msgs/share/champ_msgs/environment/library_path.dsv
[0.590s] -- Up-to-date: /home/hibiki/Robomech_HR/Eglantyne/simulation/install/champ_msgs/lib/libchamp_msgs__rosidl_generator_c.so
[0.590s] -- Up-to-date: /home/hibiki/Robomech_HR/Eglantyne/simulation/install/champ_msgs/include/champ_msgs/champ_msgs
[0.590s] -- Up-to-date: /home/hibiki/Robomech_HR/Eglantyne/simulation/install/champ_msgs/include/champ_msgs/champ_msgs/msg
[0.590s] -- Up-to-date: /home/hibiki/Robomech_HR/Eglantyne/simulation/install/champ_msgs/include/champ_msgs/champ_msgs/msg/detail
[0.590s] -- Up-to-date: /home/hibiki/Robomech_HR/Eglantyne/simulation/install/champ_msgs/include/champ_msgs/champ_msgs/msg/detail/point_array__rosidl_typesupport_fastrtps_c.h
[0.590s] -- Up-to-date: /home/hibiki/Robomech_HR/Eglantyne/simulation/install/champ_msgs/include/champ_msgs/champ_msgs/msg/detail/pid__rosidl_typesupport_fastrtps_c.h
[0.590s] -- Up-to-date: /home/hibiki/Robomech_HR/Eglantyne/simulation/install/champ_msgs/include/champ_msgs/champ_msgs/msg/detail/joints__rosidl_typesupport_fastrtps_c.h
[0.590s] -- Up-to-date: /home/hibiki/Robomech_HR/Eglantyne/simulation/install/champ_msgs/include/champ_msgs/champ_msgs/msg/detail/contacts_stamped__rosidl_typesupport_fastrtps_c.h
[0.590s] -- Up-to-date: /home/hibiki/Robomech_HR/Eglantyne/simulation/install/champ_msgs/include/champ_msgs/champ_msgs/msg/detail/velocities__rosidl_typesupport_fastrtps_c.h
[0.590s] -- Up-to-date: /home/hibiki/Robomech_HR/Eglantyne/simulation/install/champ_msgs/include/champ_msgs/champ_msgs/msg/detail/imu__rosidl_typesupport_fastrtps_c.h
[0.590s] -- Up-to-date: /home/hibiki/Robomech_HR/Eglantyne/simulation/install/champ_msgs/include/champ_msgs/champ_msgs/msg/detail/pose__rosidl_typesupport_fastrtps_c.h
[0.590s] -- Up-to-date: /home/hibiki/Robomech_HR/Eglantyne/simulation/install/champ_msgs/include/champ_msgs/champ_msgs/msg/detail/contacts__rosidl_typesupport_fastrtps_c.h
[0.590s] -- Up-to-date: /home/hibiki/Robomech_HR/Eglantyne/simulation/install/champ_msgs/include/champ_msgs/champ_msgs/msg/detail/point__rosidl_typesupport_fastrtps_c.h
[0.590s] -- Up-to-date: /home/hibiki/Robomech_HR/Eglantyne/simulation/install/champ_msgs/include/champ_msgs/champ_msgs/msg/rosidl_typesupport_fastrtps_c__visibility_control.h
[0.590s] -- Up-to-date: /home/hibiki/Robomech_HR/Eglantyne/simulation/install/champ_msgs/lib/libchamp_msgs__rosidl_typesupport_fastrtps_c.so
[0.591s] -- Up-to-date: /home/hibiki/Robomech_HR/Eglantyne/simulation/install/champ_msgs/include/champ_msgs/champ_msgs
[0.591s] -- Up-to-date: /home/hibiki/Robomech_HR/Eglantyne/simulation/install/champ_msgs/include/champ_msgs/champ_msgs/msg
[0.591s] -- Up-to-date: /home/hibiki/Robomech_HR/Eglantyne/simulation/install/champ_msgs/include/champ_msgs/champ_msgs/msg/detail
[0.591s] -- Up-to-date: /home/hibiki/Robomech_HR/Eglantyne/simulation/install/champ_msgs/include/champ_msgs/champ_msgs/msg/detail/point_array__type_support.c
[0.591s] -- Up-to-date: /home/hibiki/Robomech_HR/Eglantyne/simulation/install/champ_msgs/include/champ_msgs/champ_msgs/msg/detail/contacts__type_support.c
[0.591s] -- Up-to-date: /home/hibiki/Robomech_HR/Eglantyne/simulation/install/champ_msgs/include/champ_msgs/champ_msgs/msg/detail/imu__type_support.c
[0.591s] -- Up-to-date: /home/hibiki/Robomech_HR/Eglantyne/simulation/install/champ_msgs/include/champ_msgs/champ_msgs/msg/detail/point__rosidl_typesupport_introspection_c.h
[0.591s] -- Up-to-date: /home/hibiki/Robomech_HR/Eglantyne/simulation/install/champ_msgs/include/champ_msgs/champ_msgs/msg/detail/pid__type_support.c
[0.591s] -- Up-to-date: /home/hibiki/Robomech_HR/Eglantyne/simulation/install/champ_msgs/include/champ_msgs/champ_msgs/msg/detail/contacts__rosidl_typesupport_introspection_c.h
[0.591s] -- Up-to-date: /home/hibiki/Robomech_HR/Eglantyne/simulation/install/champ_msgs/include/champ_msgs/champ_msgs/msg/detail/joints__rosidl_typesupport_introspection_c.h
[0.591s] -- Up-to-date: /home/hibiki/Robomech_HR/Eglantyne/simulation/install/champ_msgs/include/champ_msgs/champ_msgs/msg/detail/imu__rosidl_typesupport_introspection_c.h
[0.591s] -- Up-to-date: /home/hibiki/Robomech_HR/Eglantyne/simulation/install/champ_msgs/include/champ_msgs/champ_msgs/msg/detail/pose__type_support.c
[0.591s] -- Up-to-date: /home/hibiki/Robomech_HR/Eglantyne/simulation/install/champ_msgs/include/champ_msgs/champ_msgs/msg/detail/velocities__type_support.c
[0.591s] -- Up-to-date: /home/hibiki/Robomech_HR/Eglantyne/simulation/install/champ_msgs/include/champ_msgs/champ_msgs/msg/detail/point_array__rosidl_typesupport_introspection_c.h
[0.591s] -- Up-to-date: /home/hibiki/Robomech_HR/Eglantyne/simulation/install/champ_msgs/include/champ_msgs/champ_msgs/msg/detail/velocities__rosidl_typesupport_introspection_c.h
[0.591s] -- Up-to-date: /home/hibiki/Robomech_HR/Eglantyne/simulation/install/champ_msgs/include/champ_msgs/champ_msgs/msg/detail/pose__rosidl_typesupport_introspection_c.h
[0.591s] -- Up-to-date: /home/hibiki/Robomech_HR/Eglantyne/simulation/install/champ_msgs/include/champ_msgs/champ_msgs/msg/detail/pid__rosidl_typesupport_introspection_c.h
[0.592s] -- Up-to-date: /home/hibiki/Robomech_HR/Eglantyne/simulation/install/champ_msgs/include/champ_msgs/champ_msgs/msg/detail/contacts_stamped__type_support.c
[0.592s] -- Up-to-date: /home/hibiki/Robomech_HR/Eglantyne/simulation/install/champ_msgs/include/champ_msgs/champ_msgs/msg/detail/point__type_support.c
[0.592s] -- Up-to-date: /home/hibiki/Robomech_HR/Eglantyne/simulation/install/champ_msgs/include/champ_msgs/champ_msgs/msg/detail/contacts_stamped__rosidl_typesupport_introspection_c.h
[0.592s] -- Up-to-date: /home/hibiki/Robomech_HR/Eglantyne/simulation/install/champ_msgs/include/champ_msgs/champ_msgs/msg/detail/joints__type_support.c
[0.592s] -- Up-to-date: /home/hibiki/Robomech_HR/Eglantyne/simulation/install/champ_msgs/include/champ_msgs/champ_msgs/msg/rosidl_typesupport_introspection_c__visibility_control.h
[0.592s] -- Up-to-date: /home/hibiki/Robomech_HR/Eglantyne/simulation/install/champ_msgs/lib/libchamp_msgs__rosidl_typesupport_introspection_c.so
[0.592s] -- Up-to-date: /home/hibiki/Robomech_HR/Eglantyne/simulation/install/champ_msgs/lib/libchamp_msgs__rosidl_typesupport_c.so
[0.592s] -- Up-to-date: /home/hibiki/Robomech_HR/Eglantyne/simulation/install/champ_msgs/include/champ_msgs/champ_msgs
[0.592s] -- Up-to-date: /home/hibiki/Robomech_HR/Eglantyne/simulation/install/champ_msgs/include/champ_msgs/champ_msgs/msg
[0.592s] -- Up-to-date: /home/hibiki/Robomech_HR/Eglantyne/simulation/install/champ_msgs/include/champ_msgs/champ_msgs/msg/imu.hpp
[0.592s] -- Up-to-date: /home/hibiki/Robomech_HR/Eglantyne/simulation/install/champ_msgs/include/champ_msgs/champ_msgs/msg/point.hpp
[0.592s] -- Up-to-date: /home/hibiki/Robomech_HR/Eglantyne/simulation/install/champ_msgs/include/champ_msgs/champ_msgs/msg/point_array.hpp
[0.592s] -- Up-to-date: /home/hibiki/Robomech_HR/Eglantyne/simulation/install/champ_msgs/include/champ_msgs/champ_msgs/msg/pose.hpp
[0.592s] -- Up-to-date: /home/hibiki/Robomech_HR/Eglantyne/simulation/install/champ_msgs/include/champ_msgs/champ_msgs/msg/velocities.hpp
[0.592s] -- Up-to-date: /home/hibiki/Robomech_HR/Eglantyne/simulation/install/champ_msgs/include/champ_msgs/champ_msgs/msg/joints.hpp
[0.592s] -- Up-to-date: /home/hibiki/Robomech_HR/Eglantyne/simulation/install/champ_msgs/include/champ_msgs/champ_msgs/msg/detail
[0.592s] -- Up-to-date: /home/hibiki/Robomech_HR/Eglantyne/simulation/install/champ_msgs/include/champ_msgs/champ_msgs/msg/detail/joints__struct.hpp
[0.593s] -- Up-to-date: /home/hibiki/Robomech_HR/Eglantyne/simulation/install/champ_msgs/include/champ_msgs/champ_msgs/msg/detail/pid__builder.hpp
[0.593s] -- Up-to-date: /home/hibiki/Robomech_HR/Eglantyne/simulation/install/champ_msgs/include/champ_msgs/champ_msgs/msg/detail/contacts_stamped__builder.hpp
[0.593s] -- Up-to-date: /home/hibiki/Robomech_HR/Eglantyne/simulation/install/champ_msgs/include/champ_msgs/champ_msgs/msg/detail/joints__builder.hpp
[0.593s] -- Up-to-date: /home/hibiki/Robomech_HR/Eglantyne/simulation/install/champ_msgs/include/champ_msgs/champ_msgs/msg/detail/pose__struct.hpp
[0.593s] -- Up-to-date: /home/hibiki/Robomech_HR/Eglantyne/simulation/install/champ_msgs/include/champ_msgs/champ_msgs/msg/detail/velocities__builder.hpp
[0.593s] -- Up-to-date: /home/hibiki/Robomech_HR/Eglantyne/simulation/install/champ_msgs/include/champ_msgs/champ_msgs/msg/detail/point__struct.hpp
[0.593s] -- Up-to-date: /home/hibiki/Robomech_HR/Eglantyne/simulation/install/champ_msgs/include/champ_msgs/champ_msgs/msg/detail/imu__struct.hpp
[0.593s] -- Up-to-date: /home/hibiki/Robomech_HR/Eglantyne/simulation/install/champ_msgs/include/champ_msgs/champ_msgs/msg/detail/pose__builder.hpp
[0.593s] -- Up-to-date: /home/hibiki/Robomech_HR/Eglantyne/simulation/install/champ_msgs/include/champ_msgs/champ_msgs/msg/detail/pose__traits.hpp
[0.593s] -- Up-to-date: /home/hibiki/Robomech_HR/Eglantyne/simulation/install/champ_msgs/include/champ_msgs/champ_msgs/msg/detail/pid__struct.hpp
[0.593s] -- Up-to-date: /home/hibiki/Robomech_HR/Eglantyne/simulation/install/champ_msgs/include/champ_msgs/champ_msgs/msg/detail/pid__traits.hpp
[0.593s] -- Up-to-date: /home/hibiki/Robomech_HR/Eglantyne/simulation/install/champ_msgs/include/champ_msgs/champ_msgs/msg/detail/imu__builder.hpp
[0.593s] -- Up-to-date: /home/hibiki/Robomech_HR/Eglantyne/simulation/install/champ_msgs/include/champ_msgs/champ_msgs/msg/detail/point__builder.hpp
[0.593s] -- Up-to-date: /home/hibiki/Robomech_HR/Eglantyne/simulation/install/champ_msgs/include/champ_msgs/champ_msgs/msg/detail/velocities__struct.hpp
[0.593s] -- Up-to-date: /home/hibiki/Robomech_HR/Eglantyne/simulation/install/champ_msgs/include/champ_msgs/champ_msgs/msg/detail/imu__traits.hpp
[0.593s] -- Up-to-date: /home/hibiki/Robomech_HR/Eglantyne/simulation/install/champ_msgs/include/champ_msgs/champ_msgs/msg/detail/contacts_stamped__struct.hpp
[0.593s] -- Up-to-date: /home/hibiki/Robomech_HR/Eglantyne/simulation/install/champ_msgs/include/champ_msgs/champ_msgs/msg/detail/point_array__traits.hpp
[0.594s] -- Up-to-date: /home/hibiki/Robomech_HR/Eglantyne/simulation/install/champ_msgs/include/champ_msgs/champ_msgs/msg/detail/contacts__struct.hpp
[0.594s] -- Up-to-date: /home/hibiki/Robomech_HR/Eglantyne/simulation/install/champ_msgs/include/champ_msgs/champ_msgs/msg/detail/contacts__traits.hpp
[0.594s] -- Up-to-date: /home/hibiki/Robomech_HR/Eglantyne/simulation/install/champ_msgs/include/champ_msgs/champ_msgs/msg/detail/contacts__builder.hpp
[0.594s] -- Up-to-date: /home/hibiki/Robomech_HR/Eglantyne/simulation/install/champ_msgs/include/champ_msgs/champ_msgs/msg/detail/joints__traits.hpp
[0.594s] -- Up-to-date: /home/hibiki/Robomech_HR/Eglantyne/simulation/install/champ_msgs/include/champ_msgs/champ_msgs/msg/detail/point__traits.hpp
[0.594s] -- Up-to-date: /home/hibiki/Robomech_HR/Eglantyne/simulation/install/champ_msgs/include/champ_msgs/champ_msgs/msg/detail/point_array__builder.hpp
[0.594s] -- Up-to-date: /home/hibiki/Robomech_HR/Eglantyne/simulation/install/champ_msgs/include/champ_msgs/champ_msgs/msg/detail/contacts_stamped__traits.hpp
[0.594s] -- Up-to-date: /home/hibiki/Robomech_HR/Eglantyne/simulation/install/champ_msgs/include/champ_msgs/champ_msgs/msg/detail/point_array__struct.hpp
[0.594s] -- Up-to-date: /home/hibiki/Robomech_HR/Eglantyne/simulation/install/champ_msgs/include/champ_msgs/champ_msgs/msg/detail/velocities__traits.hpp
[0.594s] -- Up-to-date: /home/hibiki/Robomech_HR/Eglantyne/simulation/install/champ_msgs/include/champ_msgs/champ_msgs/msg/contacts_stamped.hpp
[0.594s] -- Up-to-date: /home/hibiki/Robomech_HR/Eglantyne/simulation/install/champ_msgs/include/champ_msgs/champ_msgs/msg/contacts.hpp
[0.594s] -- Up-to-date: /home/hibiki/Robomech_HR/Eglantyne/simulation/install/champ_msgs/include/champ_msgs/champ_msgs/msg/pid.hpp
[0.594s] -- Up-to-date: /home/hibiki/Robomech_HR/Eglantyne/simulation/install/champ_msgs/include/champ_msgs/champ_msgs
[0.594s] -- Up-to-date: /home/hibiki/Robomech_HR/Eglantyne/simulation/install/champ_msgs/include/champ_msgs/champ_msgs/msg
[0.594s] -- Up-to-date: /home/hibiki/Robomech_HR/Eglantyne/simulation/install/champ_msgs/include/champ_msgs/champ_msgs/msg/detail
[0.594s] -- Up-to-date: /home/hibiki/Robomech_HR/Eglantyne/simulation/install/champ_msgs/include/champ_msgs/champ_msgs/msg/detail/dds_fastrtps
[0.594s] -- Up-to-date: /home/hibiki/Robomech_HR/Eglantyne/simulation/install/champ_msgs/include/champ_msgs/champ_msgs/msg/detail/contacts__rosidl_typesupport_fastrtps_cpp.hpp
[0.594s] -- Up-to-date: /home/hibiki/Robomech_HR/Eglantyne/simulation/install/champ_msgs/include/champ_msgs/champ_msgs/msg/detail/point__rosidl_typesupport_fastrtps_cpp.hpp
[0.594s] -- Up-to-date: /home/hibiki/Robomech_HR/Eglantyne/simulation/install/champ_msgs/include/champ_msgs/champ_msgs/msg/detail/joints__rosidl_typesupport_fastrtps_cpp.hpp
[0.595s] -- Up-to-date: /home/hibiki/Robomech_HR/Eglantyne/simulation/install/champ_msgs/include/champ_msgs/champ_msgs/msg/detail/pid__rosidl_typesupport_fastrtps_cpp.hpp
[0.595s] -- Up-to-date: /home/hibiki/Robomech_HR/Eglantyne/simulation/install/champ_msgs/include/champ_msgs/champ_msgs/msg/detail/point_array__rosidl_typesupport_fastrtps_cpp.hpp
[0.595s] -- Up-to-date: /home/hibiki/Robomech_HR/Eglantyne/simulation/install/champ_msgs/include/champ_msgs/champ_msgs/msg/detail/imu__rosidl_typesupport_fastrtps_cpp.hpp
[0.595s] -- Up-to-date: /home/hibiki/Robomech_HR/Eglantyne/simulation/install/champ_msgs/include/champ_msgs/champ_msgs/msg/detail/contacts_stamped__rosidl_typesupport_fastrtps_cpp.hpp
[0.595s] -- Up-to-date: /home/hibiki/Robomech_HR/Eglantyne/simulation/install/champ_msgs/include/champ_msgs/champ_msgs/msg/detail/pose__rosidl_typesupport_fastrtps_cpp.hpp
[0.595s] -- Up-to-date: /home/hibiki/Robomech_HR/Eglantyne/simulation/install/champ_msgs/include/champ_msgs/champ_msgs/msg/detail/velocities__rosidl_typesupport_fastrtps_cpp.hpp
[0.595s] -- Up-to-date: /home/hibiki/Robomech_HR/Eglantyne/simulation/install/champ_msgs/include/champ_msgs/champ_msgs/msg/rosidl_typesupport_fastrtps_cpp__visibility_control.h
[0.595s] -- Up-to-date: /home/hibiki/Robomech_HR/Eglantyne/simulation/install/champ_msgs/lib/libchamp_msgs__rosidl_typesupport_fastrtps_cpp.so
[0.595s] -- Up-to-date: /home/hibiki/Robomech_HR/Eglantyne/simulation/install/champ_msgs/include/champ_msgs/champ_msgs
[0.595s] -- Up-to-date: /home/hibiki/Robomech_HR/Eglantyne/simulation/install/champ_msgs/include/champ_msgs/champ_msgs/msg
[0.595s] -- Up-to-date: /home/hibiki/Robomech_HR/Eglantyne/simulation/install/champ_msgs/include/champ_msgs/champ_msgs/msg/detail
[0.595s] -- Up-to-date: /home/hibiki/Robomech_HR/Eglantyne/simulation/install/champ_msgs/include/champ_msgs/champ_msgs/msg/detail/contacts_stamped__rosidl_typesupport_introspection_cpp.hpp
[0.595s] -- Up-to-date: /home/hibiki/Robomech_HR/Eglantyne/simulation/install/champ_msgs/include/champ_msgs/champ_msgs/msg/detail/contacts__type_support.cpp
[0.595s] -- Up-to-date: /home/hibiki/Robomech_HR/Eglantyne/simulation/install/champ_msgs/include/champ_msgs/champ_msgs/msg/detail/joints__rosidl_typesupport_introspection_cpp.hpp
[0.595s] -- Up-to-date: /home/hibiki/Robomech_HR/Eglantyne/simulation/install/champ_msgs/include/champ_msgs/champ_msgs/msg/detail/pose__type_support.cpp
[0.595s] -- Up-to-date: /home/hibiki/Robomech_HR/Eglantyne/simulation/install/champ_msgs/include/champ_msgs/champ_msgs/msg/detail/pose__rosidl_typesupport_introspection_cpp.hpp
[0.595s] -- Up-to-date: /home/hibiki/Robomech_HR/Eglantyne/simulation/install/champ_msgs/include/champ_msgs/champ_msgs/msg/detail/point__type_support.cpp
[0.595s] -- Up-to-date: /home/hibiki/Robomech_HR/Eglantyne/simulation/install/champ_msgs/include/champ_msgs/champ_msgs/msg/detail/velocities__rosidl_typesupport_introspection_cpp.hpp
[0.596s] -- Up-to-date: /home/hibiki/Robomech_HR/Eglantyne/simulation/install/champ_msgs/include/champ_msgs/champ_msgs/msg/detail/joints__type_support.cpp
[0.596s] -- Up-to-date: /home/hibiki/Robomech_HR/Eglantyne/simulation/install/champ_msgs/include/champ_msgs/champ_msgs/msg/detail/point_array__rosidl_typesupport_introspection_cpp.hpp
[0.596s] -- Up-to-date: /home/hibiki/Robomech_HR/Eglantyne/simulation/install/champ_msgs/include/champ_msgs/champ_msgs/msg/detail/velocities__type_support.cpp
[0.596s] -- Up-to-date: /home/hibiki/Robomech_HR/Eglantyne/simulation/install/champ_msgs/include/champ_msgs/champ_msgs/msg/detail/contacts__rosidl_typesupport_introspection_cpp.hpp
[0.596s] -- Up-to-date: /home/hibiki/Robomech_HR/Eglantyne/simulation/install/champ_msgs/include/champ_msgs/champ_msgs/msg/detail/point_array__type_support.cpp
[0.596s] -- Up-to-date: /home/hibiki/Robomech_HR/Eglantyne/simulation/install/champ_msgs/include/champ_msgs/champ_msgs/msg/detail/contacts_stamped__type_support.cpp
[0.596s] -- Up-to-date: /home/hibiki/Robomech_HR/Eglantyne/simulation/install/champ_msgs/include/champ_msgs/champ_msgs/msg/detail/imu__type_support.cpp
[0.596s] -- Up-to-date: /home/hibiki/Robomech_HR/Eglantyne/simulation/install/champ_msgs/include/champ_msgs/champ_msgs/msg/detail/pid__rosidl_typesupport_introspection_cpp.hpp
[0.596s] -- Up-to-date: /home/hibiki/Robomech_HR/Eglantyne/simulation/install/champ_msgs/include/champ_msgs/champ_msgs/msg/detail/imu__rosidl_typesupport_introspection_cpp.hpp
[0.596s] -- Up-to-date: /home/hibiki/Robomech_HR/Eglantyne/simulation/install/champ_msgs/include/champ_msgs/champ_msgs/msg/detail/pid__type_support.cpp
[0.596s] -- Up-to-date: /home/hibiki/Robomech_HR/Eglantyne/simulation/install/champ_msgs/include/champ_msgs/champ_msgs/msg/detail/point__rosidl_typesupport_introspection_cpp.hpp
[0.596s] -- Up-to-date: /home/hibiki/Robomech_HR/Eglantyne/simulation/install/champ_msgs/lib/libchamp_msgs__rosidl_typesupport_introspection_cpp.so
[0.596s] -- Up-to-date: /home/hibiki/Robomech_HR/Eglantyne/simulation/install/champ_msgs/lib/libchamp_msgs__rosidl_typesupport_cpp.so
[0.596s] -- Up-to-date: /home/hibiki/Robomech_HR/Eglantyne/simulation/install/champ_msgs/share/champ_msgs/environment/pythonpath.sh
[0.596s] -- Up-to-date: /home/hibiki/Robomech_HR/Eglantyne/simulation/install/champ_msgs/share/champ_msgs/environment/pythonpath.dsv
[0.596s] -- Up-to-date: /home/hibiki/Robomech_HR/Eglantyne/simulation/install/champ_msgs/lib/python3.10/site-packages/champ_msgs-0.1.0-py3.10.egg-info
[0.596s] -- Installing: /home/hibiki/Robomech_HR/Eglantyne/simulation/install/champ_msgs/lib/python3.10/site-packages/champ_msgs-0.1.0-py3.10.egg-info/top_level.txt
[0.596s] -- Installing: /home/hibiki/Robomech_HR/Eglantyne/simulation/install/champ_msgs/lib/python3.10/site-packages/champ_msgs-0.1.0-py3.10.egg-info/dependency_links.txt
[0.596s] -- Installing: /home/hibiki/Robomech_HR/Eglantyne/simulation/install/champ_msgs/lib/python3.10/site-packages/champ_msgs-0.1.0-py3.10.egg-info/SOURCES.txt
[0.596s] -- Installing: /home/hibiki/Robomech_HR/Eglantyne/simulation/install/champ_msgs/lib/python3.10/site-packages/champ_msgs-0.1.0-py3.10.egg-info/PKG-INFO
[0.596s] -- Up-to-date: /home/hibiki/Robomech_HR/Eglantyne/simulation/install/champ_msgs/lib/python3.10/site-packages/champ_msgs
[0.596s] -- Up-to-date: /home/hibiki/Robomech_HR/Eglantyne/simulation/install/champ_msgs/lib/python3.10/site-packages/champ_msgs/libchamp_msgs__rosidl_generator_py.so
[0.596s] -- Up-to-date: /home/hibiki/Robomech_HR/Eglantyne/simulation/install/champ_msgs/lib/python3.10/site-packages/champ_msgs/msg
[0.596s] -- Up-to-date: /home/hibiki/Robomech_HR/Eglantyne/simulation/install/champ_msgs/lib/python3.10/site-packages/champ_msgs/msg/_imu.py
[0.596s] -- Up-to-date: /home/hibiki/Robomech_HR/Eglantyne/simulation/install/champ_msgs/lib/python3.10/site-packages/champ_msgs/msg/_point_array.py
[0.596s] -- Up-to-date: /home/hibiki/Robomech_HR/Eglantyne/simulation/install/champ_msgs/lib/python3.10/site-packages/champ_msgs/msg/_contacts.py
[0.596s] -- Up-to-date: /home/hibiki/Robomech_HR/Eglantyne/simulation/install/champ_msgs/lib/python3.10/site-packages/champ_msgs/msg/_point_array_s.c
[0.597s] -- Up-to-date: /home/hibiki/Robomech_HR/Eglantyne/simulation/install/champ_msgs/lib/python3.10/site-packages/champ_msgs/msg/_joints_s.c
[0.597s] -- Up-to-date: /home/hibiki/Robomech_HR/Eglantyne/simulation/install/champ_msgs/lib/python3.10/site-packages/champ_msgs/msg/__init__.py
[0.597s] -- Up-to-date: /home/hibiki/Robomech_HR/Eglantyne/simulation/install/champ_msgs/lib/python3.10/site-packages/champ_msgs/msg/_pose_s.c
[0.597s] -- Up-to-date: /home/hibiki/Robomech_HR/Eglantyne/simulation/install/champ_msgs/lib/python3.10/site-packages/champ_msgs/msg/_pid_s.c
[0.597s] -- Up-to-date: /home/hibiki/Robomech_HR/Eglantyne/simulation/install/champ_msgs/lib/python3.10/site-packages/champ_msgs/msg/_imu_s.c
[0.597s] -- Up-to-date: /home/hibiki/Robomech_HR/Eglantyne/simulation/install/champ_msgs/lib/python3.10/site-packages/champ_msgs/msg/_contacts_s.c
[0.597s] -- Up-to-date: /home/hibiki/Robomech_HR/Eglantyne/simulation/install/champ_msgs/lib/python3.10/site-packages/champ_msgs/msg/_point.py
[0.597s] -- Up-to-date: /home/hibiki/Robomech_HR/Eglantyne/simulation/install/champ_msgs/lib/python3.10/site-packages/champ_msgs/msg/_contacts_stamped.py
[0.597s] -- Up-to-date: /home/hibiki/Robomech_HR/Eglantyne/simulation/install/champ_msgs/lib/python3.10/site-packages/champ_msgs/msg/_point_s.c
[0.597s] -- Up-to-date: /home/hibiki/Robomech_HR/Eglantyne/simulation/install/champ_msgs/lib/python3.10/site-packages/champ_msgs/msg/_pose.py
[0.597s] -- Up-to-date: /home/hibiki/Robomech_HR/Eglantyne/simulation/install/champ_msgs/lib/python3.10/site-packages/champ_msgs/msg/_velocities_s.c
[0.597s] -- Up-to-date: /home/hibiki/Robomech_HR/Eglantyne/simulation/install/champ_msgs/lib/python3.10/site-packages/champ_msgs/msg/_pid.py
[0.597s] -- Up-to-date: /home/hibiki/Robomech_HR/Eglantyne/simulation/install/champ_msgs/lib/python3.10/site-packages/champ_msgs/msg/_velocities.py
[0.597s] -- Up-to-date: /home/hibiki/Robomech_HR/Eglantyne/simulation/install/champ_msgs/lib/python3.10/site-packages/champ_msgs/msg/_contacts_stamped_s.c
[0.597s] -- Up-to-date: /home/hibiki/Robomech_HR/Eglantyne/simulation/install/champ_msgs/lib/python3.10/site-packages/champ_msgs/msg/_joints.py
[0.597s] -- Up-to-date: /home/hibiki/Robomech_HR/Eglantyne/simulation/install/champ_msgs/lib/python3.10/site-packages/champ_msgs/champ_msgs_s__rosidl_typesupport_c.cpython-310-x86_64-linux-gnu.so
[0.597s] -- Up-to-date: /home/hibiki/Robomech_HR/Eglantyne/simulation/install/champ_msgs/lib/python3.10/site-packages/champ_msgs/__init__.py
[0.597s] -- Up-to-date: /home/hibiki/Robomech_HR/Eglantyne/simulation/install/champ_msgs/lib/python3.10/site-packages/champ_msgs/_champ_msgs_s.ep.rosidl_typesupport_c.c
[0.597s] -- Up-to-date: /home/hibiki/Robomech_HR/Eglantyne/simulation/install/champ_msgs/lib/python3.10/site-packages/champ_msgs/champ_msgs_s__rosidl_typesupport_introspection_c.cpython-310-x86_64-linux-gnu.so
[0.597s] -- Up-to-date: /home/hibiki/Robomech_HR/Eglantyne/simulation/install/champ_msgs/lib/python3.10/site-packages/champ_msgs/_champ_msgs_s.ep.rosidl_typesupport_fastrtps_c.c
[0.597s] -- Up-to-date: /home/hibiki/Robomech_HR/Eglantyne/simulation/install/champ_msgs/lib/python3.10/site-packages/champ_msgs/champ_msgs_s__rosidl_typesupport_fastrtps_c.cpython-310-x86_64-linux-gnu.so
[0.597s] -- Up-to-date: /home/hibiki/Robomech_HR/Eglantyne/simulation/install/champ_msgs/lib/python3.10/site-packages/champ_msgs/_champ_msgs_s.ep.rosidl_typesupport_introspection_c.c
[0.611s] Listing '/home/hibiki/Robomech_HR/Eglantyne/simulation/install/champ_msgs/lib/python3.10/site-packages/champ_msgs'...
[0.611s] Listing '/home/hibiki/Robomech_HR/Eglantyne/simulation/install/champ_msgs/lib/python3.10/site-packages/champ_msgs/msg'...
[0.613s] -- Up-to-date: /home/hibiki/Robomech_HR/Eglantyne/simulation/install/champ_msgs/lib/python3.10/site-packages/champ_msgs/champ_msgs_s__rosidl_typesupport_fastrtps_c.cpython-310-x86_64-linux-gnu.so
[0.614s] -- Up-to-date: /home/hibiki/Robomech_HR/Eglantyne/simulation/install/champ_msgs/lib/python3.10/site-packages/champ_msgs/champ_msgs_s__rosidl_typesupport_introspection_c.cpython-310-x86_64-linux-gnu.so
[0.614s] -- Up-to-date: /home/hibiki/Robomech_HR/Eglantyne/simulation/install/champ_msgs/lib/python3.10/site-packages/champ_msgs/champ_msgs_s__rosidl_typesupport_c.cpython-310-x86_64-linux-gnu.so
[0.614s] -- Up-to-date: /home/hibiki/Robomech_HR/Eglantyne/simulation/install/champ_msgs/lib/libchamp_msgs__rosidl_generator_py.so
[0.614s] -- Up-to-date: /home/hibiki/Robomech_HR/Eglantyne/simulation/install/champ_msgs/share/champ_msgs/msg/Velocities.idl
[0.614s] -- Up-to-date: /home/hibiki/Robomech_HR/Eglantyne/simulation/install/champ_msgs/share/champ_msgs/msg/PID.idl
[0.614s] -- Up-to-date: /home/hibiki/Robomech_HR/Eglantyne/simulation/install/champ_msgs/share/champ_msgs/msg/Imu.idl
[0.614s] -- Up-to-date: /home/hibiki/Robomech_HR/Eglantyne/simulation/install/champ_msgs/share/champ_msgs/msg/Point.idl
[0.614s] -- Up-to-date: /home/hibiki/Robomech_HR/Eglantyne/simulation/install/champ_msgs/share/champ_msgs/msg/PointArray.idl
[0.614s] -- Up-to-date: /home/hibiki/Robomech_HR/Eglantyne/simulation/install/champ_msgs/share/champ_msgs/msg/Joints.idl
[0.615s] -- Up-to-date: /home/hibiki/Robomech_HR/Eglantyne/simulation/install/champ_msgs/share/champ_msgs/msg/Contacts.idl
[0.615s] -- Up-to-date: /home/hibiki/Robomech_HR/Eglantyne/simulation/install/champ_msgs/share/champ_msgs/msg/ContactsStamped.idl
[0.615s] -- Up-to-date: /home/hibiki/Robomech_HR/Eglantyne/simulation/install/champ_msgs/share/champ_msgs/msg/Pose.idl
[0.615s] -- Up-to-date: /home/hibiki/Robomech_HR/Eglantyne/simulation/install/champ_msgs/share/champ_msgs/msg/Velocities.msg
[0.615s] -- Up-to-date: /home/hibiki/Robomech_HR/Eglantyne/simulation/install/champ_msgs/share/champ_msgs/msg/PID.msg
[0.615s] -- Up-to-date: /home/hibiki/Robomech_HR/Eglantyne/simulation/install/champ_msgs/share/champ_msgs/msg/Imu.msg
[0.615s] -- Up-to-date: /home/hibiki/Robomech_HR/Eglantyne/simulation/install/champ_msgs/share/champ_msgs/msg/Point.msg
[0.615s] -- Up-to-date: /home/hibiki/Robomech_HR/Eglantyne/simulation/install/champ_msgs/share/champ_msgs/msg/PointArray.msg
[0.615s] -- Up-to-date: /home/hibiki/Robomech_HR/Eglantyne/simulation/install/champ_msgs/share/champ_msgs/msg/Joints.msg
[0.615s] -- Up-to-date: /home/hibiki/Robomech_HR/Eglantyne/simulation/install/champ_msgs/share/champ_msgs/msg/Contacts.msg
[0.615s] -- Up-to-date: /home/hibiki/Robomech_HR/Eglantyne/simulation/install/champ_msgs/share/champ_msgs/msg/ContactsStamped.msg
[0.615s] -- Up-to-date: /home/hibiki/Robomech_HR/Eglantyne/simulation/install/champ_msgs/share/champ_msgs/msg/Pose.msg
[0.615s] -- Up-to-date: /home/hibiki/Robomech_HR/Eglantyne/simulation/install/champ_msgs/share/ament_index/resource_index/package_run_dependencies/champ_msgs
[0.615s] -- Up-to-date: /home/hibiki/Robomech_HR/Eglantyne/simulation/install/champ_msgs/share/ament_index/resource_index/parent_prefix_path/champ_msgs
[0.615s] -- Up-to-date: /home/hibiki/Robomech_HR/Eglantyne/simulation/install/champ_msgs/share/champ_msgs/environment/ament_prefix_path.sh
[0.616s] -- Up-to-date: /home/hibiki/Robomech_HR/Eglantyne/simulation/install/champ_msgs/share/champ_msgs/environment/ament_prefix_path.dsv
[0.616s] -- Up-to-date: /home/hibiki/Robomech_HR/Eglantyne/simulation/install/champ_msgs/share/champ_msgs/environment/path.sh
[0.616s] -- Up-to-date: /home/hibiki/Robomech_HR/Eglantyne/simulation/install/champ_msgs/share/champ_msgs/environment/path.dsv
[0.616s] -- Up-to-date: /home/hibiki/Robomech_HR/Eglantyne/simulation/install/champ_msgs/share/champ_msgs/local_setup.bash
[0.616s] -- Up-to-date: /home/hibiki/Robomech_HR/Eglantyne/simulation/install/champ_msgs/share/champ_msgs/local_setup.sh
[0.616s] -- Up-to-date: /home/hibiki/Robomech_HR/Eglantyne/simulation/install/champ_msgs/share/champ_msgs/local_setup.zsh
[0.616s] -- Up-to-date: /home/hibiki/Robomech_HR/Eglantyne/simulation/install/champ_msgs/share/champ_msgs/local_setup.dsv
[0.616s] -- Installing: /home/hibiki/Robomech_HR/Eglantyne/simulation/install/champ_msgs/share/champ_msgs/package.dsv
[0.616s] -- Up-to-date: /home/hibiki/Robomech_HR/Eglantyne/simulation/install/champ_msgs/share/ament_index/resource_index/packages/champ_msgs
[0.616s] -- Up-to-date: /home/hibiki/Robomech_HR/Eglantyne/simulation/install/champ_msgs/share/champ_msgs/cmake/export_champ_msgs__rosidl_generator_cExport.cmake
[0.616s] -- Up-to-date: /home/hibiki/Robomech_HR/Eglantyne/simulation/install/champ_msgs/share/champ_msgs/cmake/export_champ_msgs__rosidl_generator_cExport-noconfig.cmake
[0.616s] -- Up-to-date: /home/hibiki/Robomech_HR/Eglantyne/simulation/install/champ_msgs/share/champ_msgs/cmake/export_champ_msgs__rosidl_typesupport_fastrtps_cExport.cmake
[0.616s] -- Up-to-date: /home/hibiki/Robomech_HR/Eglantyne/simulation/install/champ_msgs/share/champ_msgs/cmake/export_champ_msgs__rosidl_typesupport_fastrtps_cExport-noconfig.cmake
[0.616s] -- Up-to-date: /home/hibiki/Robomech_HR/Eglantyne/simulation/install/champ_msgs/share/champ_msgs/cmake/champ_msgs__rosidl_typesupport_introspection_cExport.cmake
[0.617s] -- Up-to-date: /home/hibiki/Robomech_HR/Eglantyne/simulation/install/champ_msgs/share/champ_msgs/cmake/champ_msgs__rosidl_typesupport_introspection_cExport-noconfig.cmake
[0.617s] -- Up-to-date: /home/hibiki/Robomech_HR/Eglantyne/simulation/install/champ_msgs/share/champ_msgs/cmake/champ_msgs__rosidl_typesupport_cExport.cmake
[0.617s] -- Up-to-date: /home/hibiki/Robomech_HR/Eglantyne/simulation/install/champ_msgs/share/champ_msgs/cmake/champ_msgs__rosidl_typesupport_cExport-noconfig.cmake
[0.617s] -- Up-to-date: /home/hibiki/Robomech_HR/Eglantyne/simulation/install/champ_msgs/share/champ_msgs/cmake/export_champ_msgs__rosidl_generator_cppExport.cmake
[0.617s] -- Up-to-date: /home/hibiki/Robomech_HR/Eglantyne/simulation/install/champ_msgs/share/champ_msgs/cmake/export_champ_msgs__rosidl_typesupport_fastrtps_cppExport.cmake
[0.617s] -- Up-to-date: /home/hibiki/Robomech_HR/Eglantyne/simulation/install/champ_msgs/share/champ_msgs/cmake/export_champ_msgs__rosidl_typesupport_fastrtps_cppExport-noconfig.cmake
[0.617s] -- Up-to-date: /home/hibiki/Robomech_HR/Eglantyne/simulation/install/champ_msgs/share/champ_msgs/cmake/champ_msgs__rosidl_typesupport_introspection_cppExport.cmake
[0.617s] -- Up-to-date: /home/hibiki/Robomech_HR/Eglantyne/simulation/install/champ_msgs/share/champ_msgs/cmake/champ_msgs__rosidl_typesupport_introspection_cppExport-noconfig.cmake
[0.617s] -- Up-to-date: /home/hibiki/Robomech_HR/Eglantyne/simulation/install/champ_msgs/share/champ_msgs/cmake/champ_msgs__rosidl_typesupport_cppExport.cmake
[0.617s] -- Up-to-date: /home/hibiki/Robomech_HR/Eglantyne/simulation/install/champ_msgs/share/champ_msgs/cmake/champ_msgs__rosidl_typesupport_cppExport-noconfig.cmake
[0.617s] -- Up-to-date: /home/hibiki/Robomech_HR/Eglantyne/simulation/install/champ_msgs/share/champ_msgs/cmake/export_champ_msgs__rosidl_generator_pyExport.cmake
[0.617s] -- Up-to-date: /home/hibiki/Robomech_HR/Eglantyne/simulation/install/champ_msgs/share/champ_msgs/cmake/export_champ_msgs__rosidl_generator_pyExport-noconfig.cmake
[0.617s] -- Up-to-date: /home/hibiki/Robomech_HR/Eglantyne/simulation/install/champ_msgs/share/champ_msgs/cmake/rosidl_cmake-extras.cmake
[0.617s] -- Up-to-date: /home/hibiki/Robomech_HR/Eglantyne/simulation/install/champ_msgs/share/champ_msgs/cmake/ament_cmake_export_dependencies-extras.cmake
[0.617s] -- Up-to-date: /home/hibiki/Robomech_HR/Eglantyne/simulation/install/champ_msgs/share/champ_msgs/cmake/ament_cmake_export_include_directories-extras.cmake
[0.617s] -- Up-to-date: /home/hibiki/Robomech_HR/Eglantyne/simulation/install/champ_msgs/share/champ_msgs/cmake/ament_cmake_export_libraries-extras.cmake
[0.617s] -- Up-to-date: /home/hibiki/Robomech_HR/Eglantyne/simulation/install/champ_msgs/share/champ_msgs/cmake/ament_cmake_export_targets-extras.cmake
[0.617s] -- Up-to-date: /home/hibiki/Robomech_HR/Eglantyne/simulation/install/champ_msgs/share/champ_msgs/cmake/rosidl_cmake_export_typesupport_targets-extras.cmake
[0.617s] -- Up-to-date: /home/hibiki/Robomech_HR/Eglantyne/simulation/install/champ_msgs/share/champ_msgs/cmake/rosidl_cmake_export_typesupport_libraries-extras.cmake
[0.617s] -- Up-to-date: /home/hibiki/Robomech_HR/Eglantyne/simulation/install/champ_msgs/share/champ_msgs/cmake/champ_msgsConfig.cmake
[0.617s] -- Up-to-date: /home/hibiki/Robomech_HR/Eglantyne/simulation/install/champ_msgs/share/champ_msgs/cmake/champ_msgsConfig-version.cmake
[0.618s] -- Up-to-date: /home/hibiki/Robomech_HR/Eglantyne/simulation/install/champ_msgs/share/champ_msgs/package.xml
[0.618s] Invoked command in '/home/hibiki/Robomech_HR/Eglantyne/simulation/build/champ_msgs' returned '0': CMAKE_PREFIX_PATH=/home/hibiki/Robomech_HR/Eglantyne/simulation/install/simple_sim:/home/hibiki/Robomech_HR/Eglantyne/simulation/install/ros2_control_demos:/home/hibiki/Robomech_HR/Eglantyne/simulation/install/ros2_control_demo_example_9:/home/hibiki/Robomech_HR/Eglantyne/simulation/install/ros2_control_demo_example_8:/home/hibiki/Robomech_HR/Eglantyne/simulation/install/ros2_control_demo_example_7:/home/hibiki/Robomech_HR/Eglantyne/simulation/install/ros2_control_demo_example_6:/home/hibiki/Robomech_HR/Eglantyne/simulation/install/ros2_control_demo_example_15:/home/hibiki/Robomech_HR/Eglantyne/simulation/install/ros2_control_demo_example_5:/home/hibiki/Robomech_HR/Eglantyne/simulation/install/ros2_control_demo_example_4:/home/hibiki/Robomech_HR/Eglantyne/simulation/install/ros2_control_demo_example_3:/home/hibiki/Robomech_HR/Eglantyne/simulation/install/ros2_control_demo_example_2:/home/hibiki/Robomech_HR/Eglantyne/simulation/install/ros2_control_demo_example_14:/home/hibiki/Robomech_HR/Eglantyne/simulation/install/ros2_control_demo_example_12:/home/hibiki/Robomech_HR/Eglantyne/simulation/install/ros2_control_demo_example_11:/home/hibiki/Robomech_HR/Eglantyne/simulation/install/ros2_control_demo_example_10:/home/hibiki/Robomech_HR/Eglantyne/simulation/install/ros2_control_demo_example_1:/home/hibiki/Robomech_HR/Eglantyne/simulation/install/ros2_control_demo_description:/home/hibiki/Robomech_HR/Eglantyne/simulation/install/gazebo_ros2_control_demos:/home/hibiki/Robomech_HR/Eglantyne/simulation/install/champ_teleop:/home/hibiki/Robomech_HR/Eglantyne/simulation/install/champ_navigation:/home/hibiki/Robomech_HR/Eglantyne/simulation/install/champ_gazebo:/home/hibiki/Robomech_HR/Eglantyne/simulation/install/champ_bringup:/home/hibiki/Robomech_HR/Eglantyne/simulation/install/champ_base:/home/hibiki/Robomech_HR/Eglantyne/simulation/install/champ_msgs:/home/hibiki/Robomech_HR/Eglantyne/simulation/install/champ_description:/home/hibiki/Robomech_HR/Eglantyne/simulation/install/champ_config:/home/hibiki/Robomech_HR/Eglantyne/simulation/install/ros2_control_demo_testing:/opt/ros/humble:/home/hibiki/Robomech_HR/Eglantyne/simulation/install/champ:/home/hibiki/Robomech_HR/Eglantyne/microros/ros2_pub_test/install/vel_pub /usr/bin/cmake --install /home/hibiki/Robomech_HR/Eglantyne/simulation/build/champ_msgs
