/usr/bin/ld: CMakeFiles/walk_test.dir/src/test/walk_test.cpp.o: in function `WalkTest::traj_to_motion()':
walk_test.cpp:(.text+0x14ab): undefined reference to `Kinematics::inverse(Link*, Eigen::Matrix<double, 3, 1, 0, 3, 1>, Eigen::Matrix<double, 3, 3, 0, 3, 3>)'
/usr/bin/ld: walk_test.cpp:(.text+0x1525): undefined reference to `Kinematics::inverse(Link*, Eigen::Matrix<double, 3, 1, 0, 3, 1>, Eigen::Matrix<double, 3, 3, 0, 3, 3>)'
/usr/bin/ld: walk_test.cpp:(.text+0x15a4): undefined reference to `Kinematics::inverse(Link*, Eigen::Matrix<double, 3, 1, 0, 3, 1>, Eigen::Matrix<double, 3, 3, 0, 3, 3>)'
/usr/bin/ld: walk_test.cpp:(.text+0x161e): undefined reference to `Kinematics::inverse(Link*, Eigen::Matrix<double, 3, 1, 0, 3, 1>, Eigen::Matrix<double, 3, 3, 0, 3, 3>)'
/usr/bin/ld: walk_test.cpp:(.text+0x1697): undefined reference to `Link::getq()'
/usr/bin/ld: CMakeFiles/walk_test.dir/src/test/walk_test.cpp.o: in function `WalkTest::setup_link()':
walk_test.cpp:(.text+0x1c9f): undefined reference to `Link::setname(std::__cxx11::basic_string<char, std::char_traits<char>, std::allocator<char> >)'
/usr/bin/ld: walk_test.cpp:(.text+0x1d51): undefined reference to `Link::setDefault(std::__cxx11::basic_string<char, std::char_traits<char>, std::allocator<char> >, double, double, double, double, double, double, double, Link*)'
/usr/bin/ld: walk_test.cpp:(.text+0x1e03): undefined reference to `Link::setDefault(std::__cxx11::basic_string<char, std::char_traits<char>, std::allocator<char> >, double, double, double, double, double, double, double, Link*)'
/usr/bin/ld: walk_test.cpp:(.text+0x1ebd): undefined reference to `Link::setDefault(std::__cxx11::basic_string<char, std::char_traits<char>, std::allocator<char> >, double, double, double, double, double, double, double, Link*)'
/usr/bin/ld: walk_test.cpp:(.text+0x1f77): undefined reference to `Link::setDefault(std::__cxx11::basic_string<char, std::char_traits<char>, std::allocator<char> >, double, double, double, double, double, double, double, Link*)'
/usr/bin/ld: walk_test.cpp:(.text+0x2031): undefined reference to `Link::setDefault(std::__cxx11::basic_string<char, std::char_traits<char>, std::allocator<char> >, double, double, double, double, double, double, double, Link*)'
/usr/bin/ld: CMakeFiles/walk_test.dir/src/test/walk_test.cpp.o:walk_test.cpp:(.text+0x20db): more undefined references to `Link::setDefault(std::__cxx11::basic_string<char, std::char_traits<char>, std::allocator<char> >, double, double, double, double, double, double, double, Link*)' follow
/usr/bin/ld: CMakeFiles/walk_test.dir/src/test/walk_test.cpp.o: in function `WalkTest::WalkTest()':
walk_test.cpp:(.text._ZN8WalkTestC2Ev[_ZN8WalkTestC5Ev]+0x10c): undefined reference to `Link::Link()'
/usr/bin/ld: walk_test.cpp:(.text._ZN8WalkTestC2Ev[_ZN8WalkTestC5Ev]+0x121): undefined reference to `Link::Link()'
/usr/bin/ld: walk_test.cpp:(.text._ZN8WalkTestC2Ev[_ZN8WalkTestC5Ev]+0x136): undefined reference to `Link::Link()'
/usr/bin/ld: walk_test.cpp:(.text._ZN8WalkTestC2Ev[_ZN8WalkTestC5Ev]+0x14b): undefined reference to `Link::Link()'
/usr/bin/ld: walk_test.cpp:(.text._ZN8WalkTestC2Ev[_ZN8WalkTestC5Ev]+0x160): undefined reference to `Link::Link()'
/usr/bin/ld: CMakeFiles/walk_test.dir/src/test/walk_test.cpp.o:walk_test.cpp:(.text._ZN8WalkTestC2Ev[_ZN8WalkTestC5Ev]+0x175): more undefined references to `Link::Link()' follow
collect2: error: ld returned 1 exit status
gmake[2]: *** [CMakeFiles/walk_test.dir/build.make:175: walk_test] Error 1
gmake[1]: *** [CMakeFiles/Makefile2:221: CMakeFiles/walk_test.dir/all] Error 2
gmake: *** [Makefile:146: all] Error 2
