[0.009s] Invoking command in '/home/hibiki/Robomech_HR/Eglantyne/simulation/build/simple_sim': CMAKE_PREFIX_PATH=/home/hibiki/Robomech_HR/Eglantyne/simulation/install/simple_sim:/home/hibiki/Robomech_HR/Eglantyne/simulation/install/ros2_control_demos:/home/hibiki/Robomech_HR/Eglantyne/simulation/install/ros2_control_demo_example_9:/home/hibiki/Robomech_HR/Eglantyne/simulation/install/ros2_control_demo_example_8:/home/hibiki/Robomech_HR/Eglantyne/simulation/install/ros2_control_demo_example_7:/home/hibiki/Robomech_HR/Eglantyne/simulation/install/ros2_control_demo_example_6:/home/hibiki/Robomech_HR/Eglantyne/simulation/install/ros2_control_demo_example_15:/home/hibiki/Robomech_HR/Eglantyne/simulation/install/ros2_control_demo_example_5:/home/hibiki/Robomech_HR/Eglantyne/simulation/install/ros2_control_demo_example_4:/home/hibiki/Robomech_HR/Eglantyne/simulation/install/ros2_control_demo_example_3:/home/hibiki/Robomech_HR/Eglantyne/simulation/install/ros2_control_demo_example_2:/home/hibiki/Robomech_HR/Eglantyne/simulation/install/ros2_control_demo_example_14:/home/hibiki/Robomech_HR/Eglantyne/simulation/install/ros2_control_demo_example_12:/home/hibiki/Robomech_HR/Eglantyne/simulation/install/ros2_control_demo_example_11:/home/hibiki/Robomech_HR/Eglantyne/simulation/install/ros2_control_demo_example_10:/home/hibiki/Robomech_HR/Eglantyne/simulation/install/ros2_control_demo_example_1:/home/hibiki/Robomech_HR/Eglantyne/simulation/install/ros2_control_demo_description:/home/hibiki/Robomech_HR/Eglantyne/simulation/install/gazebo_ros2_control_demos:/home/hibiki/Robomech_HR/Eglantyne/simulation/install/champ_teleop:/home/hibiki/Robomech_HR/Eglantyne/simulation/install/champ_navigation:/home/hibiki/Robomech_HR/Eglantyne/simulation/install/champ_gazebo:/home/hibiki/Robomech_HR/Eglantyne/simulation/install/champ_bringup:/home/hibiki/Robomech_HR/Eglantyne/simulation/install/champ_base:/home/hibiki/Robomech_HR/Eglantyne/simulation/install/champ_msgs:/home/hibiki/Robomech_HR/Eglantyne/simulation/install/champ_description:/home/hibiki/Robomech_HR/Eglantyne/simulation/install/champ_config:/home/hibiki/Robomech_HR/Eglantyne/simulation/install/ros2_control_demo_testing:/opt/ros/humble:/home/hibiki/Robomech_HR/Eglantyne/simulation/install/champ /usr/bin/cmake --build /home/hibiki/Robomech_HR/Eglantyne/simulation/build/simple_sim -- -j16 -l16
[0.042s] [ 50%] Built target pub_control
[0.042s] [ 50%] Built target pub_test
[0.042s] [ 75%] Built target zero_pub
[0.046s] [ 87%] [32mBuilding CXX object CMakeFiles/walk_test.dir/src/test/walk_test.cpp.o[0m
[5.355s] [100%] [32m[1mLinking CXX executable walk_test[0m
[5.574s] /usr/bin/ld: CMakeFiles/walk_test.dir/src/test/walk_test.cpp.o: in function `WalkTest::traj_to_motion()':
[5.574s] walk_test.cpp:(.text+0x14ab): undefined reference to `Kinematics::inverse(Link*, Eigen::Matrix<double, 3, 1, 0, 3, 1>, Eigen::Matrix<double, 3, 3, 0, 3, 3>)'
[5.574s] /usr/bin/ld: walk_test.cpp:(.text+0x1525): undefined reference to `Kinematics::inverse(Link*, Eigen::Matrix<double, 3, 1, 0, 3, 1>, Eigen::Matrix<double, 3, 3, 0, 3, 3>)'
[5.574s] /usr/bin/ld: walk_test.cpp:(.text+0x15a4): undefined reference to `Kinematics::inverse(Link*, Eigen::Matrix<double, 3, 1, 0, 3, 1>, Eigen::Matrix<double, 3, 3, 0, 3, 3>)'
[5.575s] /usr/bin/ld: walk_test.cpp:(.text+0x161e): undefined reference to `Kinematics::inverse(Link*, Eigen::Matrix<double, 3, 1, 0, 3, 1>, Eigen::Matrix<double, 3, 3, 0, 3, 3>)'
[5.575s] /usr/bin/ld: walk_test.cpp:(.text+0x1697): undefined reference to `Link::getq()'
[5.575s] /usr/bin/ld: CMakeFiles/walk_test.dir/src/test/walk_test.cpp.o: in function `WalkTest::setup_link()':
[5.575s] walk_test.cpp:(.text+0x1c9f): undefined reference to `Link::setname(std::__cxx11::basic_string<char, std::char_traits<char>, std::allocator<char> >)'
[5.575s] /usr/bin/ld: walk_test.cpp:(.text+0x1d51): undefined reference to `Link::setDefault(std::__cxx11::basic_string<char, std::char_traits<char>, std::allocator<char> >, double, double, double, double, double, double, double, Link*)'
[5.575s] /usr/bin/ld: walk_test.cpp:(.text+0x1e03): undefined reference to `Link::setDefault(std::__cxx11::basic_string<char, std::char_traits<char>, std::allocator<char> >, double, double, double, double, double, double, double, Link*)'
[5.575s] /usr/bin/ld: walk_test.cpp:(.text+0x1ebd): undefined reference to `Link::setDefault(std::__cxx11::basic_string<char, std::char_traits<char>, std::allocator<char> >, double, double, double, double, double, double, double, Link*)'
[5.576s] /usr/bin/ld: walk_test.cpp:(.text+0x1f77): undefined reference to `Link::setDefault(std::__cxx11::basic_string<char, std::char_traits<char>, std::allocator<char> >, double, double, double, double, double, double, double, Link*)'
[5.576s] /usr/bin/ld: walk_test.cpp:(.text+0x2031): undefined reference to `Link::setDefault(std::__cxx11::basic_string<char, std::char_traits<char>, std::allocator<char> >, double, double, double, double, double, double, double, Link*)'
[5.576s] /usr/bin/ld: CMakeFiles/walk_test.dir/src/test/walk_test.cpp.o:walk_test.cpp:(.text+0x20db): more undefined references to `Link::setDefault(std::__cxx11::basic_string<char, std::char_traits<char>, std::allocator<char> >, double, double, double, double, double, double, double, Link*)' follow
[5.576s] /usr/bin/ld: CMakeFiles/walk_test.dir/src/test/walk_test.cpp.o: in function `WalkTest::WalkTest()':
[5.576s] walk_test.cpp:(.text._ZN8WalkTestC2Ev[_ZN8WalkTestC5Ev]+0x10c): undefined reference to `Link::Link()'
[5.576s] /usr/bin/ld: walk_test.cpp:(.text._ZN8WalkTestC2Ev[_ZN8WalkTestC5Ev]+0x121): undefined reference to `Link::Link()'
[5.576s] /usr/bin/ld: walk_test.cpp:(.text._ZN8WalkTestC2Ev[_ZN8WalkTestC5Ev]+0x136): undefined reference to `Link::Link()'
[5.577s] /usr/bin/ld: walk_test.cpp:(.text._ZN8WalkTestC2Ev[_ZN8WalkTestC5Ev]+0x14b): undefined reference to `Link::Link()'
[5.577s] /usr/bin/ld: walk_test.cpp:(.text._ZN8WalkTestC2Ev[_ZN8WalkTestC5Ev]+0x160): undefined reference to `Link::Link()'
[5.577s] /usr/bin/ld: CMakeFiles/walk_test.dir/src/test/walk_test.cpp.o:walk_test.cpp:(.text._ZN8WalkTestC2Ev[_ZN8WalkTestC5Ev]+0x175): more undefined references to `Link::Link()' follow
[5.598s] collect2: error: ld returned 1 exit status
[5.599s] gmake[2]: *** [CMakeFiles/walk_test.dir/build.make:175: walk_test] Error 1
[5.599s] gmake[1]: *** [CMakeFiles/Makefile2:221: CMakeFiles/walk_test.dir/all] Error 2
[5.599s] gmake: *** [Makefile:146: all] Error 2
[5.601s] Invoked command in '/home/hibiki/Robomech_HR/Eglantyne/simulation/build/simple_sim' returned '2': CMAKE_PREFIX_PATH=/home/hibiki/Robomech_HR/Eglantyne/simulation/install/simple_sim:/home/hibiki/Robomech_HR/Eglantyne/simulation/install/ros2_control_demos:/home/hibiki/Robomech_HR/Eglantyne/simulation/install/ros2_control_demo_example_9:/home/hibiki/Robomech_HR/Eglantyne/simulation/install/ros2_control_demo_example_8:/home/hibiki/Robomech_HR/Eglantyne/simulation/install/ros2_control_demo_example_7:/home/hibiki/Robomech_HR/Eglantyne/simulation/install/ros2_control_demo_example_6:/home/hibiki/Robomech_HR/Eglantyne/simulation/install/ros2_control_demo_example_15:/home/hibiki/Robomech_HR/Eglantyne/simulation/install/ros2_control_demo_example_5:/home/hibiki/Robomech_HR/Eglantyne/simulation/install/ros2_control_demo_example_4:/home/hibiki/Robomech_HR/Eglantyne/simulation/install/ros2_control_demo_example_3:/home/hibiki/Robomech_HR/Eglantyne/simulation/install/ros2_control_demo_example_2:/home/hibiki/Robomech_HR/Eglantyne/simulation/install/ros2_control_demo_example_14:/home/hibiki/Robomech_HR/Eglantyne/simulation/install/ros2_control_demo_example_12:/home/hibiki/Robomech_HR/Eglantyne/simulation/install/ros2_control_demo_example_11:/home/hibiki/Robomech_HR/Eglantyne/simulation/install/ros2_control_demo_example_10:/home/hibiki/Robomech_HR/Eglantyne/simulation/install/ros2_control_demo_example_1:/home/hibiki/Robomech_HR/Eglantyne/simulation/install/ros2_control_demo_description:/home/hibiki/Robomech_HR/Eglantyne/simulation/install/gazebo_ros2_control_demos:/home/hibiki/Robomech_HR/Eglantyne/simulation/install/champ_teleop:/home/hibiki/Robomech_HR/Eglantyne/simulation/install/champ_navigation:/home/hibiki/Robomech_HR/Eglantyne/simulation/install/champ_gazebo:/home/hibiki/Robomech_HR/Eglantyne/simulation/install/champ_bringup:/home/hibiki/Robomech_HR/Eglantyne/simulation/install/champ_base:/home/hibiki/Robomech_HR/Eglantyne/simulation/install/champ_msgs:/home/hibiki/Robomech_HR/Eglantyne/simulation/install/champ_description:/home/hibiki/Robomech_HR/Eglantyne/simulation/install/champ_config:/home/hibiki/Robomech_HR/Eglantyne/simulation/install/ros2_control_demo_testing:/opt/ros/humble:/home/hibiki/Robomech_HR/Eglantyne/simulation/install/champ /usr/bin/cmake --build /home/hibiki/Robomech_HR/Eglantyne/simulation/build/simple_sim -- -j16 -l16
