[0.135s] Invoking command in '/home/hibiki/Robomech_HR/Eglantyne/simulation/build/champ_teleop': CMAKE_PREFIX_PATH=/opt/ros/humble /usr/bin/cmake --build /home/hibiki/Robomech_HR/Eglantyne/simulation/build/champ_teleop -- -j16 -l16
[0.156s] Invoked command in '/home/hibiki/Robomech_HR/Eglantyne/simulation/build/champ_teleop' returned '0': CMAKE_PREFIX_PATH=/opt/ros/humble /usr/bin/cmake --build /home/hibiki/Robomech_HR/Eglantyne/simulation/build/champ_teleop -- -j16 -l16
[0.169s] Invoking command in '/home/hibiki/Robomech_HR/Eglantyne/simulation/build/champ_teleop': CMAKE_PREFIX_PATH=/opt/ros/humble /usr/bin/cmake --install /home/hibiki/Robomech_HR/Eglantyne/simulation/build/champ_teleop
[0.175s] -- Install configuration: ""
[0.175s] -- Up-to-date: /home/hibiki/Robomech_HR/Eglantyne/simulation/install/champ_teleop/share/champ_teleop/launch
[0.176s] -- Up-to-date: /home/hibiki/Robomech_HR/Eglantyne/simulation/install/champ_teleop/share/champ_teleop/launch/teleop.launch.py
[0.179s] -- Up-to-date: /home/hibiki/Robomech_HR/Eglantyne/simulation/install/champ_teleop/lib/champ_teleop/champ_teleop.py
[0.180s] -- Up-to-date: /home/hibiki/Robomech_HR/Eglantyne/simulation/install/champ_teleop/share/ament_index/resource_index/package_run_dependencies/champ_teleop
[0.180s] -- Up-to-date: /home/hibiki/Robomech_HR/Eglantyne/simulation/install/champ_teleop/share/ament_index/resource_index/parent_prefix_path/champ_teleop
[0.180s] -- Up-to-date: /home/hibiki/Robomech_HR/Eglantyne/simulation/install/champ_teleop/share/champ_teleop/environment/ament_prefix_path.sh
[0.181s] -- Up-to-date: /home/hibiki/Robomech_HR/Eglantyne/simulation/install/champ_teleop/share/champ_teleop/environment/ament_prefix_path.dsv
[0.181s] -- Up-to-date: /home/hibiki/Robomech_HR/Eglantyne/simulation/install/champ_teleop/share/champ_teleop/environment/path.sh
[0.181s] -- Up-to-date: /home/hibiki/Robomech_HR/Eglantyne/simulation/install/champ_teleop/share/champ_teleop/environment/path.dsv
[0.181s] -- Up-to-date: /home/hibiki/Robomech_HR/Eglantyne/simulation/install/champ_teleop/share/champ_teleop/local_setup.bash
[0.182s] -- Up-to-date: /home/hibiki/Robomech_HR/Eglantyne/simulation/install/champ_teleop/share/champ_teleop/local_setup.sh
[0.183s] -- Up-to-date: /home/hibiki/Robomech_HR/Eglantyne/simulation/install/champ_teleop/share/champ_teleop/local_setup.zsh
[0.183s] -- Up-to-date: /home/hibiki/Robomech_HR/Eglantyne/simulation/install/champ_teleop/share/champ_teleop/local_setup.dsv
[0.183s] -- Up-to-date: /home/hibiki/Robomech_HR/Eglantyne/simulation/install/champ_teleop/share/champ_teleop/package.dsv
[0.183s] -- Up-to-date: /home/hibiki/Robomech_HR/Eglantyne/simulation/install/champ_teleop/share/ament_index/resource_index/packages/champ_teleop
[0.183s] -- Up-to-date: /home/hibiki/Robomech_HR/Eglantyne/simulation/install/champ_teleop/share/champ_teleop/cmake/champ_teleopConfig.cmake
[0.183s] -- Up-to-date: /home/hibiki/Robomech_HR/Eglantyne/simulation/install/champ_teleop/share/champ_teleop/cmake/champ_teleopConfig-version.cmake
[0.183s] -- Up-to-date: /home/hibiki/Robomech_HR/Eglantyne/simulation/install/champ_teleop/share/champ_teleop/package.xml
[0.222s] Invoked command in '/home/hibiki/Robomech_HR/Eglantyne/simulation/build/champ_teleop' returned '0': CMAKE_PREFIX_PATH=/opt/ros/humble /usr/bin/cmake --install /home/hibiki/Robomech_HR/Eglantyne/simulation/build/champ_teleop
