[0.009s] Invoking command in '/home/hibiki/Robomech_HR/Eglantyne/simulation/build/simple_sim': CMAKE_PREFIX_PATH=/home/hibiki/Robomech_HR/Eglantyne/simulation/install/simple_sim:/home/hibiki/Robomech_HR/Eglantyne/simulation/install/ros2_control_demos:/home/hibiki/Robomech_HR/Eglantyne/simulation/install/ros2_control_demo_example_9:/home/hibiki/Robomech_HR/Eglantyne/simulation/install/ros2_control_demo_example_8:/home/hibiki/Robomech_HR/Eglantyne/simulation/install/ros2_control_demo_example_7:/home/hibiki/Robomech_HR/Eglantyne/simulation/install/ros2_control_demo_example_6:/home/hibiki/Robomech_HR/Eglantyne/simulation/install/ros2_control_demo_example_15:/home/hibiki/Robomech_HR/Eglantyne/simulation/install/ros2_control_demo_example_5:/home/hibiki/Robomech_HR/Eglantyne/simulation/install/ros2_control_demo_example_4:/home/hibiki/Robomech_HR/Eglantyne/simulation/install/ros2_control_demo_example_3:/home/hibiki/Robomech_HR/Eglantyne/simulation/install/ros2_control_demo_example_2:/home/hibiki/Robomech_HR/Eglantyne/simulation/install/ros2_control_demo_example_14:/home/hibiki/Robomech_HR/Eglantyne/simulation/install/ros2_control_demo_example_12:/home/hibiki/Robomech_HR/Eglantyne/simulation/install/ros2_control_demo_example_11:/home/hibiki/Robomech_HR/Eglantyne/simulation/install/ros2_control_demo_example_10:/home/hibiki/Robomech_HR/Eglantyne/simulation/install/ros2_control_demo_example_1:/home/hibiki/Robomech_HR/Eglantyne/simulation/install/ros2_control_demo_description:/home/hibiki/Robomech_HR/Eglantyne/simulation/install/gazebo_ros2_control_demos:/home/hibiki/Robomech_HR/Eglantyne/simulation/install/champ_teleop:/home/hibiki/Robomech_HR/Eglantyne/simulation/install/champ_navigation:/home/hibiki/Robomech_HR/Eglantyne/simulation/install/champ_gazebo:/home/hibiki/Robomech_HR/Eglantyne/simulation/install/champ_bringup:/home/hibiki/Robomech_HR/Eglantyne/simulation/install/champ_base:/home/hibiki/Robomech_HR/Eglantyne/simulation/install/champ_msgs:/home/hibiki/Robomech_HR/Eglantyne/simulation/install/champ_description:/home/hibiki/Robomech_HR/Eglantyne/simulation/install/champ_config:/home/hibiki/Robomech_HR/Eglantyne/simulation/install/ros2_control_demo_testing:/opt/ros/humble:/home/hibiki/Robomech_HR/Eglantyne/simulation/install/champ /usr/bin/cmake --build /home/hibiki/Robomech_HR/Eglantyne/simulation/build/simple_sim -- -j16 -l16
[0.036s] [ 25%] Built target pub_test
[0.037s] [ 50%] Built target pub_control
[0.037s] [ 75%] Built target zero_pub
[0.041s] [ 87%] [32mBuilding CXX object CMakeFiles/walk_test.dir/src/test/walk_test.cpp.o[0m
[1.584s] [01m[K/home/hibiki/Robomech_HR/Eglantyne/simulation/src/simple_sim/src/test/walk_test.cpp:[m[K In member function ‘[01m[Kstd::vector<double, std::allocator<double> > WalkTest::calc_foot_pos()[m[K’:
[1.584s] [01m[K/home/hibiki/Robomech_HR/Eglantyne/simulation/src/simple_sim/src/test/walk_test.cpp:12:1:[m[K [01;35m[Kwarning: [m[Kno return statement in function returning non-void [[01;35m[K]8;;https://gcc.gnu.org/onlinedocs/gcc/Warning-Options.html#index-Wreturn-type-Wreturn-type]8;;[m[K]
[1.584s]    12 | [01;35m[K}[m[K
[1.584s]       | [01;35m[K^[m[K
[1.584s] [01m[K/home/hibiki/Robomech_HR/Eglantyne/simulation/src/simple_sim/src/test/walk_test.cpp:[m[K In function ‘[01m[Kstd::vector<std::vector<double, std::allocator<double> > > WalkTest()[m[K’:
[1.585s] [01m[K/home/hibiki/Robomech_HR/Eglantyne/simulation/src/simple_sim/src/test/walk_test.cpp:16:2:[m[K [01;35m[Kwarning: [m[Kno return statement in function returning non-void [[01;35m[K]8;;https://gcc.gnu.org/onlinedocs/gcc/Warning-Options.html#index-Wreturn-type-Wreturn-type]8;;[m[K]
[1.585s]    16 | {[01;35m[K}[m[K
[1.585s]       |  [01;35m[K^[m[K
[1.585s] [01m[K/home/hibiki/Robomech_HR/Eglantyne/simulation/src/simple_sim/src/test/walk_test.cpp:[m[K In function ‘[01m[Kint main(int, char**)[m[K’:
[1.585s] [01m[K/home/hibiki/Robomech_HR/Eglantyne/simulation/src/simple_sim/src/test/walk_test.cpp:23:44:[m[K [01;31m[Kerror: [m[Kno matching function for call to ‘[01m[Kmake_shared<WalkTest>()[m[K’
[1.585s]    23 |     rclcpp::spin([01;31m[Kstd::make_shared<WalkTest>()[m[K);
[1.585s]       |                  [01;31m[K~~~~~~~~~~~~~~~~~~~~~~~~~~^~[m[K
[1.585s] In file included from [01m[K/usr/include/c++/11/memory:77[m[K,
[1.585s]                  from [01m[K/home/hibiki/Robomech_HR/Eglantyne/simulation/src/simple_sim/src/test/walk_test.hpp:3[m[K,
[1.585s]                  from [01m[K/home/hibiki/Robomech_HR/Eglantyne/simulation/src/simple_sim/src/test/walk_test.cpp:1[m[K:
[1.585s] [01m[K/usr/include/c++/11/bits/shared_ptr.h:875:5:[m[K [01;36m[Knote: [m[Kcandidate: ‘[01m[Ktemplate<class _Tp, class ... _Args> std::shared_ptr<_Tp> std::make_shared(_Args&& ...)[m[K’
[1.585s]   875 |     [01;36m[Kmake_shared[m[K(_Args&&... __args)
[1.585s]       |     [01;36m[K^~~~~~~~~~~[m[K
[1.585s] [01m[K/usr/include/c++/11/bits/shared_ptr.h:875:5:[m[K [01;36m[Knote: [m[K  template argument deduction/substitution failed:
[1.585s] [01m[K/home/hibiki/Robomech_HR/Eglantyne/simulation/src/simple_sim/src/test/walk_test.cpp:23:44:[m[K [01;31m[Kerror: [m[Ktype/value mismatch at argument 1 in template parameter list for ‘[01m[Ktemplate<class _Tp, class ... _Args> std::shared_ptr<_Tp> std::make_shared(_Args&& ...)[m[K’
[1.585s]    23 |     rclcpp::spin([01;31m[Kstd::make_shared<WalkTest>()[m[K);
[1.585s]       |                  [01;31m[K~~~~~~~~~~~~~~~~~~~~~~~~~~^~[m[K
[1.585s] [01m[K/home/hibiki/Robomech_HR/Eglantyne/simulation/src/simple_sim/src/test/walk_test.cpp:23:44:[m[K [01;36m[Knote: [m[K  expected a type, got ‘[01m[KWalkTest[m[K’
[2.829s] gmake[2]: *** [CMakeFiles/walk_test.dir/build.make:76: CMakeFiles/walk_test.dir/src/test/walk_test.cpp.o] Error 1
[2.829s] gmake[1]: *** [CMakeFiles/Makefile2:221: CMakeFiles/walk_test.dir/all] Error 2
[2.830s] gmake: *** [Makefile:146: all] Error 2
[2.831s] Invoked command in '/home/hibiki/Robomech_HR/Eglantyne/simulation/build/simple_sim' returned '2': CMAKE_PREFIX_PATH=/home/hibiki/Robomech_HR/Eglantyne/simulation/install/simple_sim:/home/hibiki/Robomech_HR/Eglantyne/simulation/install/ros2_control_demos:/home/hibiki/Robomech_HR/Eglantyne/simulation/install/ros2_control_demo_example_9:/home/hibiki/Robomech_HR/Eglantyne/simulation/install/ros2_control_demo_example_8:/home/hibiki/Robomech_HR/Eglantyne/simulation/install/ros2_control_demo_example_7:/home/hibiki/Robomech_HR/Eglantyne/simulation/install/ros2_control_demo_example_6:/home/hibiki/Robomech_HR/Eglantyne/simulation/install/ros2_control_demo_example_15:/home/hibiki/Robomech_HR/Eglantyne/simulation/install/ros2_control_demo_example_5:/home/hibiki/Robomech_HR/Eglantyne/simulation/install/ros2_control_demo_example_4:/home/hibiki/Robomech_HR/Eglantyne/simulation/install/ros2_control_demo_example_3:/home/hibiki/Robomech_HR/Eglantyne/simulation/install/ros2_control_demo_example_2:/home/hibiki/Robomech_HR/Eglantyne/simulation/install/ros2_control_demo_example_14:/home/hibiki/Robomech_HR/Eglantyne/simulation/install/ros2_control_demo_example_12:/home/hibiki/Robomech_HR/Eglantyne/simulation/install/ros2_control_demo_example_11:/home/hibiki/Robomech_HR/Eglantyne/simulation/install/ros2_control_demo_example_10:/home/hibiki/Robomech_HR/Eglantyne/simulation/install/ros2_control_demo_example_1:/home/hibiki/Robomech_HR/Eglantyne/simulation/install/ros2_control_demo_description:/home/hibiki/Robomech_HR/Eglantyne/simulation/install/gazebo_ros2_control_demos:/home/hibiki/Robomech_HR/Eglantyne/simulation/install/champ_teleop:/home/hibiki/Robomech_HR/Eglantyne/simulation/install/champ_navigation:/home/hibiki/Robomech_HR/Eglantyne/simulation/install/champ_gazebo:/home/hibiki/Robomech_HR/Eglantyne/simulation/install/champ_bringup:/home/hibiki/Robomech_HR/Eglantyne/simulation/install/champ_base:/home/hibiki/Robomech_HR/Eglantyne/simulation/install/champ_msgs:/home/hibiki/Robomech_HR/Eglantyne/simulation/install/champ_description:/home/hibiki/Robomech_HR/Eglantyne/simulation/install/champ_config:/home/hibiki/Robomech_HR/Eglantyne/simulation/install/ros2_control_demo_testing:/opt/ros/humble:/home/hibiki/Robomech_HR/Eglantyne/simulation/install/champ /usr/bin/cmake --build /home/hibiki/Robomech_HR/Eglantyne/simulation/build/simple_sim -- -j16 -l16
