[0.009s] Invoking command in '/home/hibiki/Robomech_HR/Eglantyne/build/simple_sim': CMAKE_PREFIX_PATH=/home/hibiki/Robomech_HR/Eglantyne/simulation/install/simple_sim:/home/hibiki/Robomech_HR/Eglantyne/simulation/install/ros2_control_demos:/home/hibiki/Robomech_HR/Eglantyne/simulation/install/ros2_control_demo_example_9:/home/hibiki/Robomech_HR/Eglantyne/simulation/install/ros2_control_demo_example_8:/home/hibiki/Robomech_HR/Eglantyne/simulation/install/ros2_control_demo_example_7:/home/hibiki/Robomech_HR/Eglantyne/simulation/install/ros2_control_demo_example_6:/home/hibiki/Robomech_HR/Eglantyne/simulation/install/ros2_control_demo_example_15:/home/hibiki/Robomech_HR/Eglantyne/simulation/install/ros2_control_demo_example_5:/home/hibiki/Robomech_HR/Eglantyne/simulation/install/ros2_control_demo_example_4:/home/hibiki/Robomech_HR/Eglantyne/simulation/install/ros2_control_demo_example_3:/home/hibiki/Robomech_HR/Eglantyne/simulation/install/ros2_control_demo_example_2:/home/hibiki/Robomech_HR/Eglantyne/simulation/install/ros2_control_demo_example_14:/home/hibiki/Robomech_HR/Eglantyne/simulation/install/ros2_control_demo_example_12:/home/hibiki/Robomech_HR/Eglantyne/simulation/install/ros2_control_demo_example_11:/home/hibiki/Robomech_HR/Eglantyne/simulation/install/ros2_control_demo_example_10:/home/hibiki/Robomech_HR/Eglantyne/simulation/install/ros2_control_demo_example_1:/home/hibiki/Robomech_HR/Eglantyne/simulation/install/ros2_control_demo_description:/home/hibiki/Robomech_HR/Eglantyne/simulation/install/gazebo_ros2_control_demos:/home/hibiki/Robomech_HR/Eglantyne/simulation/install/champ_teleop:/home/hibiki/Robomech_HR/Eglantyne/simulation/install/champ_navigation:/home/hibiki/Robomech_HR/Eglantyne/simulation/install/champ_gazebo:/home/hibiki/Robomech_HR/Eglantyne/simulation/install/champ_bringup:/home/hibiki/Robomech_HR/Eglantyne/simulation/install/champ_base:/home/hibiki/Robomech_HR/Eglantyne/simulation/install/champ_msgs:/home/hibiki/Robomech_HR/Eglantyne/simulation/install/champ_description:/home/hibiki/Robomech_HR/Eglantyne/simulation/install/champ_config:/home/hibiki/Robomech_HR/Eglantyne/simulation/install/ros2_control_demo_testing:/opt/ros/humble:/home/hibiki/Robomech_HR/Eglantyne/simulation/install/champ:/home/hibiki/Robomech_HR/Eglantyne/microros/ros2_pub_test/install/vel_pub /usr/bin/cmake /home/hibiki/Robomech_HR/Eglantyne/simulation/src/simple_sim -DCMAKE_INSTALL_PREFIX=/home/hibiki/Robomech_HR/Eglantyne/install/simple_sim
[0.195s] -- The C compiler identification is GNU 11.4.0
[0.241s] -- The CXX compiler identification is GNU 11.4.0
[0.254s] -- Detecting C compiler ABI info
[0.339s] -- Detecting C compiler ABI info - done
[0.347s] -- Check for working C compiler: /usr/bin/cc - skipped
[0.348s] -- Detecting C compile features
[0.349s] -- Detecting C compile features - done
[0.352s] -- Detecting CXX compiler ABI info
[0.417s] -- Detecting CXX compiler ABI info - done
[0.423s] -- Check for working CXX compiler: /usr/bin/c++ - skipped
[0.423s] -- Detecting CXX compile features
[0.423s] -- Detecting CXX compile features - done
[0.447s] -- Found ament_cmake: 1.3.10 (/opt/ros/humble/share/ament_cmake/cmake)
[0.647s] -- Found Python3: /home/hibiki/.espressif/python_env/idf5.4_py3.10_env/bin/python3 (found version "3.10.12") found components: Interpreter 
[0.749s] -- Found control_msgs: 4.6.0 (/opt/ros/humble/share/control_msgs/cmake)
[0.839s] -- Found rosidl_generator_c: 3.1.5 (/opt/ros/humble/share/rosidl_generator_c/cmake)
[0.846s] -- Found rosidl_adapter: 3.1.5 (/opt/ros/humble/share/rosidl_adapter/cmake)
[0.858s] -- Found rosidl_generator_cpp: 3.1.5 (/opt/ros/humble/share/rosidl_generator_cpp/cmake)
[0.878s] -- Using all available rosidl_typesupport_c: rosidl_typesupport_fastrtps_c;rosidl_typesupport_introspection_c
[0.899s] -- Using all available rosidl_typesupport_cpp: rosidl_typesupport_fastrtps_cpp;rosidl_typesupport_introspection_cpp
[1.043s] -- Found rclcpp: 16.0.10 (/opt/ros/humble/share/rclcpp/cmake)
[1.101s] -- Found rmw_implementation_cmake: 6.1.2 (/opt/ros/humble/share/rmw_implementation_cmake/cmake)
[1.106s] -- Found rmw_fastrtps_cpp: 6.2.7 (/opt/ros/humble/share/rmw_fastrtps_cpp/cmake)
[1.265s] -- Found OpenSSL: /usr/lib/x86_64-linux-gnu/libcrypto.so (found version "3.0.2")  
[1.290s] -- Found FastRTPS: /opt/ros/humble/include  
[1.320s] -- Using RMW implementation 'rmw_fastrtps_cpp' as default
[1.334s] -- Performing Test CMAKE_HAVE_LIBC_PTHREAD
[1.389s] -- Performing Test CMAKE_HAVE_LIBC_PTHREAD - Success
[1.390s] -- Found Threads: TRUE  
[1.438s] -- Found rclcpp_action: 16.0.10 (/opt/ros/humble/share/rclcpp_action/cmake)
[1.452s] -- Found rosidl_default_generators: 1.2.0 (/opt/ros/humble/share/rosidl_default_generators/cmake)
[1.474s] -- Found ament_lint_auto: 0.12.11 (/opt/ros/humble/share/ament_lint_auto/cmake)
[1.559s] -- Added test 'cppcheck' to perform static code analysis on C / C++ code
[1.559s] -- Configured cppcheck include dirs: /home/hibiki/Robomech_HR/Eglantyne/simulation/src/simple_sim/PUBLIC
[1.559s] -- Configured cppcheck exclude dirs and/or files: 
[1.560s] -- Added test 'flake8' to check Python code syntax and style conventions
[1.561s] -- Added test 'lint_cmake' to check CMake code style
[1.562s] -- Added test 'pep257' to check Python code against some of the docstring style conventions in PEP 257
[1.564s] -- Added test 'uncrustify' to check C / C++ code style
[1.564s] -- Configured uncrustify additional arguments: 
[1.564s] -- Added test 'xmllint' to check XML markup files
[1.567s] -- Configuring done
[1.581s] -- Generating done
[1.582s] -- Build files have been written to: /home/hibiki/Robomech_HR/Eglantyne/build/simple_sim
[1.590s] Invoked command in '/home/hibiki/Robomech_HR/Eglantyne/build/simple_sim' returned '0': CMAKE_PREFIX_PATH=/home/hibiki/Robomech_HR/Eglantyne/simulation/install/simple_sim:/home/hibiki/Robomech_HR/Eglantyne/simulation/install/ros2_control_demos:/home/hibiki/Robomech_HR/Eglantyne/simulation/install/ros2_control_demo_example_9:/home/hibiki/Robomech_HR/Eglantyne/simulation/install/ros2_control_demo_example_8:/home/hibiki/Robomech_HR/Eglantyne/simulation/install/ros2_control_demo_example_7:/home/hibiki/Robomech_HR/Eglantyne/simulation/install/ros2_control_demo_example_6:/home/hibiki/Robomech_HR/Eglantyne/simulation/install/ros2_control_demo_example_15:/home/hibiki/Robomech_HR/Eglantyne/simulation/install/ros2_control_demo_example_5:/home/hibiki/Robomech_HR/Eglantyne/simulation/install/ros2_control_demo_example_4:/home/hibiki/Robomech_HR/Eglantyne/simulation/install/ros2_control_demo_example_3:/home/hibiki/Robomech_HR/Eglantyne/simulation/install/ros2_control_demo_example_2:/home/hibiki/Robomech_HR/Eglantyne/simulation/install/ros2_control_demo_example_14:/home/hibiki/Robomech_HR/Eglantyne/simulation/install/ros2_control_demo_example_12:/home/hibiki/Robomech_HR/Eglantyne/simulation/install/ros2_control_demo_example_11:/home/hibiki/Robomech_HR/Eglantyne/simulation/install/ros2_control_demo_example_10:/home/hibiki/Robomech_HR/Eglantyne/simulation/install/ros2_control_demo_example_1:/home/hibiki/Robomech_HR/Eglantyne/simulation/install/ros2_control_demo_description:/home/hibiki/Robomech_HR/Eglantyne/simulation/install/gazebo_ros2_control_demos:/home/hibiki/Robomech_HR/Eglantyne/simulation/install/champ_teleop:/home/hibiki/Robomech_HR/Eglantyne/simulation/install/champ_navigation:/home/hibiki/Robomech_HR/Eglantyne/simulation/install/champ_gazebo:/home/hibiki/Robomech_HR/Eglantyne/simulation/install/champ_bringup:/home/hibiki/Robomech_HR/Eglantyne/simulation/install/champ_base:/home/hibiki/Robomech_HR/Eglantyne/simulation/install/champ_msgs:/home/hibiki/Robomech_HR/Eglantyne/simulation/install/champ_description:/home/hibiki/Robomech_HR/Eglantyne/simulation/install/champ_config:/home/hibiki/Robomech_HR/Eglantyne/simulation/install/ros2_control_demo_testing:/opt/ros/humble:/home/hibiki/Robomech_HR/Eglantyne/simulation/install/champ:/home/hibiki/Robomech_HR/Eglantyne/microros/ros2_pub_test/install/vel_pub /usr/bin/cmake /home/hibiki/Robomech_HR/Eglantyne/simulation/src/simple_sim -DCMAKE_INSTALL_PREFIX=/home/hibiki/Robomech_HR/Eglantyne/install/simple_sim
[1.590s] Invoking command in '/home/hibiki/Robomech_HR/Eglantyne/build/simple_sim': CMAKE_PREFIX_PATH=/home/hibiki/Robomech_HR/Eglantyne/simulation/install/simple_sim:/home/hibiki/Robomech_HR/Eglantyne/simulation/install/ros2_control_demos:/home/hibiki/Robomech_HR/Eglantyne/simulation/install/ros2_control_demo_example_9:/home/hibiki/Robomech_HR/Eglantyne/simulation/install/ros2_control_demo_example_8:/home/hibiki/Robomech_HR/Eglantyne/simulation/install/ros2_control_demo_example_7:/home/hibiki/Robomech_HR/Eglantyne/simulation/install/ros2_control_demo_example_6:/home/hibiki/Robomech_HR/Eglantyne/simulation/install/ros2_control_demo_example_15:/home/hibiki/Robomech_HR/Eglantyne/simulation/install/ros2_control_demo_example_5:/home/hibiki/Robomech_HR/Eglantyne/simulation/install/ros2_control_demo_example_4:/home/hibiki/Robomech_HR/Eglantyne/simulation/install/ros2_control_demo_example_3:/home/hibiki/Robomech_HR/Eglantyne/simulation/install/ros2_control_demo_example_2:/home/hibiki/Robomech_HR/Eglantyne/simulation/install/ros2_control_demo_example_14:/home/hibiki/Robomech_HR/Eglantyne/simulation/install/ros2_control_demo_example_12:/home/hibiki/Robomech_HR/Eglantyne/simulation/install/ros2_control_demo_example_11:/home/hibiki/Robomech_HR/Eglantyne/simulation/install/ros2_control_demo_example_10:/home/hibiki/Robomech_HR/Eglantyne/simulation/install/ros2_control_demo_example_1:/home/hibiki/Robomech_HR/Eglantyne/simulation/install/ros2_control_demo_description:/home/hibiki/Robomech_HR/Eglantyne/simulation/install/gazebo_ros2_control_demos:/home/hibiki/Robomech_HR/Eglantyne/simulation/install/champ_teleop:/home/hibiki/Robomech_HR/Eglantyne/simulation/install/champ_navigation:/home/hibiki/Robomech_HR/Eglantyne/simulation/install/champ_gazebo:/home/hibiki/Robomech_HR/Eglantyne/simulation/install/champ_bringup:/home/hibiki/Robomech_HR/Eglantyne/simulation/install/champ_base:/home/hibiki/Robomech_HR/Eglantyne/simulation/install/champ_msgs:/home/hibiki/Robomech_HR/Eglantyne/simulation/install/champ_description:/home/hibiki/Robomech_HR/Eglantyne/simulation/install/champ_config:/home/hibiki/Robomech_HR/Eglantyne/simulation/install/ros2_control_demo_testing:/opt/ros/humble:/home/hibiki/Robomech_HR/Eglantyne/simulation/install/champ:/home/hibiki/Robomech_HR/Eglantyne/microros/ros2_pub_test/install/vel_pub /usr/bin/cmake --build /home/hibiki/Robomech_HR/Eglantyne/build/simple_sim -- -j16 -l16
[1.612s] [  7%] [32mBuilding CXX object CMakeFiles/pub_control.dir/simenv/controller/pub_control.cpp.o[0m
[1.614s] [ 14%] [32mBuilding CXX object CMakeFiles/walk_test.dir/src/test/walk_test.cpp.o[0m
[1.614s] [ 21%] [32mBuilding CXX object CMakeFiles/walk_test.dir/src/module/Link.cpp.o[0m
[1.615s] [ 28%] [32mBuilding CXX object CMakeFiles/walk_test.dir/src/module/Kinematics.cpp.o[0m
[1.616s] [ 35%] [32mBuilding CXX object CMakeFiles/zero_pub.dir/src/test/zero_pub.cpp.o[0m
[1.616s] [ 42%] [32mBuilding CXX object CMakeFiles/squwad_esp.dir/src/test/squwad_esp.cpp.o[0m
[1.617s] [ 50%] [32mBuilding CXX object CMakeFiles/esp_control.dir/simenv/controller/esp_control.cpp.o[0m
[1.618s] [ 57%] [32mBuilding CXX object CMakeFiles/pub_test.dir/src/test/pub_test.cpp.o[0m
[4.923s] [ 64%] [32m[1mLinking CXX executable pub_test[0m
[5.119s] [ 64%] Built target pub_test
[6.223s] [ 71%] [32m[1mLinking CXX executable zero_pub[0m
[6.404s] [ 71%] Built target zero_pub
[9.097s] [ 78%] [32m[1mLinking CXX executable squwad_esp[0m
[9.552s] [ 78%] Built target squwad_esp
[9.714s] [ 85%] [32m[1mLinking CXX executable pub_control[0m
[10.305s] [ 85%] Built target pub_control
[10.602s] [ 92%] [32m[1mLinking CXX executable walk_test[0m
[10.835s] [100%] [32m[1mLinking CXX executable esp_control[0m
[11.294s] [100%] Built target esp_control
[11.335s] [100%] Built target walk_test
[11.343s] Invoked command in '/home/hibiki/Robomech_HR/Eglantyne/build/simple_sim' returned '0': CMAKE_PREFIX_PATH=/home/hibiki/Robomech_HR/Eglantyne/simulation/install/simple_sim:/home/hibiki/Robomech_HR/Eglantyne/simulation/install/ros2_control_demos:/home/hibiki/Robomech_HR/Eglantyne/simulation/install/ros2_control_demo_example_9:/home/hibiki/Robomech_HR/Eglantyne/simulation/install/ros2_control_demo_example_8:/home/hibiki/Robomech_HR/Eglantyne/simulation/install/ros2_control_demo_example_7:/home/hibiki/Robomech_HR/Eglantyne/simulation/install/ros2_control_demo_example_6:/home/hibiki/Robomech_HR/Eglantyne/simulation/install/ros2_control_demo_example_15:/home/hibiki/Robomech_HR/Eglantyne/simulation/install/ros2_control_demo_example_5:/home/hibiki/Robomech_HR/Eglantyne/simulation/install/ros2_control_demo_example_4:/home/hibiki/Robomech_HR/Eglantyne/simulation/install/ros2_control_demo_example_3:/home/hibiki/Robomech_HR/Eglantyne/simulation/install/ros2_control_demo_example_2:/home/hibiki/Robomech_HR/Eglantyne/simulation/install/ros2_control_demo_example_14:/home/hibiki/Robomech_HR/Eglantyne/simulation/install/ros2_control_demo_example_12:/home/hibiki/Robomech_HR/Eglantyne/simulation/install/ros2_control_demo_example_11:/home/hibiki/Robomech_HR/Eglantyne/simulation/install/ros2_control_demo_example_10:/home/hibiki/Robomech_HR/Eglantyne/simulation/install/ros2_control_demo_example_1:/home/hibiki/Robomech_HR/Eglantyne/simulation/install/ros2_control_demo_description:/home/hibiki/Robomech_HR/Eglantyne/simulation/install/gazebo_ros2_control_demos:/home/hibiki/Robomech_HR/Eglantyne/simulation/install/champ_teleop:/home/hibiki/Robomech_HR/Eglantyne/simulation/install/champ_navigation:/home/hibiki/Robomech_HR/Eglantyne/simulation/install/champ_gazebo:/home/hibiki/Robomech_HR/Eglantyne/simulation/install/champ_bringup:/home/hibiki/Robomech_HR/Eglantyne/simulation/install/champ_base:/home/hibiki/Robomech_HR/Eglantyne/simulation/install/champ_msgs:/home/hibiki/Robomech_HR/Eglantyne/simulation/install/champ_description:/home/hibiki/Robomech_HR/Eglantyne/simulation/install/champ_config:/home/hibiki/Robomech_HR/Eglantyne/simulation/install/ros2_control_demo_testing:/opt/ros/humble:/home/hibiki/Robomech_HR/Eglantyne/simulation/install/champ:/home/hibiki/Robomech_HR/Eglantyne/microros/ros2_pub_test/install/vel_pub /usr/bin/cmake --build /home/hibiki/Robomech_HR/Eglantyne/build/simple_sim -- -j16 -l16
[11.425s] Invoking command in '/home/hibiki/Robomech_HR/Eglantyne/build/simple_sim': CMAKE_PREFIX_PATH=/home/hibiki/Robomech_HR/Eglantyne/simulation/install/simple_sim:/home/hibiki/Robomech_HR/Eglantyne/simulation/install/ros2_control_demos:/home/hibiki/Robomech_HR/Eglantyne/simulation/install/ros2_control_demo_example_9:/home/hibiki/Robomech_HR/Eglantyne/simulation/install/ros2_control_demo_example_8:/home/hibiki/Robomech_HR/Eglantyne/simulation/install/ros2_control_demo_example_7:/home/hibiki/Robomech_HR/Eglantyne/simulation/install/ros2_control_demo_example_6:/home/hibiki/Robomech_HR/Eglantyne/simulation/install/ros2_control_demo_example_15:/home/hibiki/Robomech_HR/Eglantyne/simulation/install/ros2_control_demo_example_5:/home/hibiki/Robomech_HR/Eglantyne/simulation/install/ros2_control_demo_example_4:/home/hibiki/Robomech_HR/Eglantyne/simulation/install/ros2_control_demo_example_3:/home/hibiki/Robomech_HR/Eglantyne/simulation/install/ros2_control_demo_example_2:/home/hibiki/Robomech_HR/Eglantyne/simulation/install/ros2_control_demo_example_14:/home/hibiki/Robomech_HR/Eglantyne/simulation/install/ros2_control_demo_example_12:/home/hibiki/Robomech_HR/Eglantyne/simulation/install/ros2_control_demo_example_11:/home/hibiki/Robomech_HR/Eglantyne/simulation/install/ros2_control_demo_example_10:/home/hibiki/Robomech_HR/Eglantyne/simulation/install/ros2_control_demo_example_1:/home/hibiki/Robomech_HR/Eglantyne/simulation/install/ros2_control_demo_description:/home/hibiki/Robomech_HR/Eglantyne/simulation/install/gazebo_ros2_control_demos:/home/hibiki/Robomech_HR/Eglantyne/simulation/install/champ_teleop:/home/hibiki/Robomech_HR/Eglantyne/simulation/install/champ_navigation:/home/hibiki/Robomech_HR/Eglantyne/simulation/install/champ_gazebo:/home/hibiki/Robomech_HR/Eglantyne/simulation/install/champ_bringup:/home/hibiki/Robomech_HR/Eglantyne/simulation/install/champ_base:/home/hibiki/Robomech_HR/Eglantyne/simulation/install/champ_msgs:/home/hibiki/Robomech_HR/Eglantyne/simulation/install/champ_description:/home/hibiki/Robomech_HR/Eglantyne/simulation/install/champ_config:/home/hibiki/Robomech_HR/Eglantyne/simulation/install/ros2_control_demo_testing:/opt/ros/humble:/home/hibiki/Robomech_HR/Eglantyne/simulation/install/champ:/home/hibiki/Robomech_HR/Eglantyne/microros/ros2_pub_test/install/vel_pub /usr/bin/cmake --install /home/hibiki/Robomech_HR/Eglantyne/build/simple_sim
[11.428s] -- Install configuration: ""
[11.428s] -- Installing: /home/hibiki/Robomech_HR/Eglantyne/install/simple_sim/lib/simple_sim/pub_control
[11.431s] -- Set runtime path of "/home/hibiki/Robomech_HR/Eglantyne/install/simple_sim/lib/simple_sim/pub_control" to ""
[11.431s] -- Installing: /home/hibiki/Robomech_HR/Eglantyne/install/simple_sim/lib/simple_sim/esp_control
[11.434s] -- Set runtime path of "/home/hibiki/Robomech_HR/Eglantyne/install/simple_sim/lib/simple_sim/esp_control" to ""
[11.434s] -- Installing: /home/hibiki/Robomech_HR/Eglantyne/install/simple_sim/lib/simple_sim/pub_test
[11.434s] -- Set runtime path of "/home/hibiki/Robomech_HR/Eglantyne/install/simple_sim/lib/simple_sim/pub_test" to ""
[11.435s] -- Installing: /home/hibiki/Robomech_HR/Eglantyne/install/simple_sim/lib/simple_sim/zero_pub
[11.435s] -- Set runtime path of "/home/hibiki/Robomech_HR/Eglantyne/install/simple_sim/lib/simple_sim/zero_pub" to ""
[11.435s] -- Installing: /home/hibiki/Robomech_HR/Eglantyne/install/simple_sim/lib/simple_sim/squwad_esp
[11.438s] -- Set runtime path of "/home/hibiki/Robomech_HR/Eglantyne/install/simple_sim/lib/simple_sim/squwad_esp" to ""
[11.438s] -- Installing: /home/hibiki/Robomech_HR/Eglantyne/install/simple_sim/lib/simple_sim/walk_test
[11.442s] -- Set runtime path of "/home/hibiki/Robomech_HR/Eglantyne/install/simple_sim/lib/simple_sim/walk_test" to ""
[11.442s] -- Installing: /home/hibiki/Robomech_HR/Eglantyne/install/simple_sim/share/simple_sim//launch
[11.442s] -- Installing: /home/hibiki/Robomech_HR/Eglantyne/install/simple_sim/share/simple_sim//launch/view_robot.launch.py
[11.442s] -- Installing: /home/hibiki/Robomech_HR/Eglantyne/install/simple_sim/share/simple_sim//urdf
[11.443s] -- Installing: /home/hibiki/Robomech_HR/Eglantyne/install/simple_sim/share/simple_sim//urdf/ros2_control_conf.xacro
[11.443s] -- Installing: /home/hibiki/Robomech_HR/Eglantyne/install/simple_sim/share/simple_sim//urdf/gazebo_setup.xacro
[11.443s] -- Installing: /home/hibiki/Robomech_HR/Eglantyne/install/simple_sim/share/simple_sim//urdf/body_info
[11.443s] -- Installing: /home/hibiki/Robomech_HR/Eglantyne/install/simple_sim/share/simple_sim//urdf/body_info/eglantyne_body.xacro
[11.443s] -- Installing: /home/hibiki/Robomech_HR/Eglantyne/install/simple_sim/share/simple_sim//urdf/body_info/eglantyne_arm.xacro
[11.443s] -- Installing: /home/hibiki/Robomech_HR/Eglantyne/install/simple_sim/share/simple_sim//urdf/body_info/eglantyne_leg.xacro
[11.443s] -- Installing: /home/hibiki/Robomech_HR/Eglantyne/install/simple_sim/share/simple_sim//urdf/body_info/shape_macro.xacro
[11.443s] -- Installing: /home/hibiki/Robomech_HR/Eglantyne/install/simple_sim/share/simple_sim//urdf/eglantyne.xacro
[11.443s] -- Up-to-date: /home/hibiki/Robomech_HR/Eglantyne/install/simple_sim/share/simple_sim//launch
[11.443s] -- Installing: /home/hibiki/Robomech_HR/Eglantyne/install/simple_sim/share/simple_sim//launch/eglantyne_controller.launch.py
[11.443s] -- Installing: /home/hibiki/Robomech_HR/Eglantyne/install/simple_sim/share/simple_sim//config
[11.443s] -- Installing: /home/hibiki/Robomech_HR/Eglantyne/install/simple_sim/share/simple_sim//config/eglantyne_controller.yaml
[11.444s] -- Installing: /home/hibiki/Robomech_HR/Eglantyne/install/simple_sim/share/ament_index/resource_index/package_run_dependencies/simple_sim
[11.444s] -- Installing: /home/hibiki/Robomech_HR/Eglantyne/install/simple_sim/share/ament_index/resource_index/parent_prefix_path/simple_sim
[11.444s] -- Installing: /home/hibiki/Robomech_HR/Eglantyne/install/simple_sim/share/simple_sim/environment/ament_prefix_path.sh
[11.444s] -- Installing: /home/hibiki/Robomech_HR/Eglantyne/install/simple_sim/share/simple_sim/environment/ament_prefix_path.dsv
[11.444s] -- Installing: /home/hibiki/Robomech_HR/Eglantyne/install/simple_sim/share/simple_sim/environment/path.sh
[11.444s] -- Installing: /home/hibiki/Robomech_HR/Eglantyne/install/simple_sim/share/simple_sim/environment/path.dsv
[11.444s] -- Installing: /home/hibiki/Robomech_HR/Eglantyne/install/simple_sim/share/simple_sim/local_setup.bash
[11.444s] -- Installing: /home/hibiki/Robomech_HR/Eglantyne/install/simple_sim/share/simple_sim/local_setup.sh
[11.444s] -- Installing: /home/hibiki/Robomech_HR/Eglantyne/install/simple_sim/share/simple_sim/local_setup.zsh
[11.444s] -- Installing: /home/hibiki/Robomech_HR/Eglantyne/install/simple_sim/share/simple_sim/local_setup.dsv
[11.444s] -- Installing: /home/hibiki/Robomech_HR/Eglantyne/install/simple_sim/share/simple_sim/package.dsv
[11.444s] -- Installing: /home/hibiki/Robomech_HR/Eglantyne/install/simple_sim/share/ament_index/resource_index/packages/simple_sim
[11.444s] -- Installing: /home/hibiki/Robomech_HR/Eglantyne/install/simple_sim/share/simple_sim/cmake/simple_simConfig.cmake
[11.444s] -- Installing: /home/hibiki/Robomech_HR/Eglantyne/install/simple_sim/share/simple_sim/cmake/simple_simConfig-version.cmake
[11.444s] -- Installing: /home/hibiki/Robomech_HR/Eglantyne/install/simple_sim/share/simple_sim/package.xml
[11.446s] Invoked command in '/home/hibiki/Robomech_HR/Eglantyne/build/simple_sim' returned '0': CMAKE_PREFIX_PATH=/home/hibiki/Robomech_HR/Eglantyne/simulation/install/simple_sim:/home/hibiki/Robomech_HR/Eglantyne/simulation/install/ros2_control_demos:/home/hibiki/Robomech_HR/Eglantyne/simulation/install/ros2_control_demo_example_9:/home/hibiki/Robomech_HR/Eglantyne/simulation/install/ros2_control_demo_example_8:/home/hibiki/Robomech_HR/Eglantyne/simulation/install/ros2_control_demo_example_7:/home/hibiki/Robomech_HR/Eglantyne/simulation/install/ros2_control_demo_example_6:/home/hibiki/Robomech_HR/Eglantyne/simulation/install/ros2_control_demo_example_15:/home/hibiki/Robomech_HR/Eglantyne/simulation/install/ros2_control_demo_example_5:/home/hibiki/Robomech_HR/Eglantyne/simulation/install/ros2_control_demo_example_4:/home/hibiki/Robomech_HR/Eglantyne/simulation/install/ros2_control_demo_example_3:/home/hibiki/Robomech_HR/Eglantyne/simulation/install/ros2_control_demo_example_2:/home/hibiki/Robomech_HR/Eglantyne/simulation/install/ros2_control_demo_example_14:/home/hibiki/Robomech_HR/Eglantyne/simulation/install/ros2_control_demo_example_12:/home/hibiki/Robomech_HR/Eglantyne/simulation/install/ros2_control_demo_example_11:/home/hibiki/Robomech_HR/Eglantyne/simulation/install/ros2_control_demo_example_10:/home/hibiki/Robomech_HR/Eglantyne/simulation/install/ros2_control_demo_example_1:/home/hibiki/Robomech_HR/Eglantyne/simulation/install/ros2_control_demo_description:/home/hibiki/Robomech_HR/Eglantyne/simulation/install/gazebo_ros2_control_demos:/home/hibiki/Robomech_HR/Eglantyne/simulation/install/champ_teleop:/home/hibiki/Robomech_HR/Eglantyne/simulation/install/champ_navigation:/home/hibiki/Robomech_HR/Eglantyne/simulation/install/champ_gazebo:/home/hibiki/Robomech_HR/Eglantyne/simulation/install/champ_bringup:/home/hibiki/Robomech_HR/Eglantyne/simulation/install/champ_base:/home/hibiki/Robomech_HR/Eglantyne/simulation/install/champ_msgs:/home/hibiki/Robomech_HR/Eglantyne/simulation/install/champ_description:/home/hibiki/Robomech_HR/Eglantyne/simulation/install/champ_config:/home/hibiki/Robomech_HR/Eglantyne/simulation/install/ros2_control_demo_testing:/opt/ros/humble:/home/hibiki/Robomech_HR/Eglantyne/simulation/install/champ:/home/hibiki/Robomech_HR/Eglantyne/microros/ros2_pub_test/install/vel_pub /usr/bin/cmake --install /home/hibiki/Robomech_HR/Eglantyne/build/simple_sim
