[0.007s] Invoking command in '/home/hibiki/Robomech_HR/Eglantyne/simulation/build/simple_sim': CMAKE_PREFIX_PATH=/opt/ros/humble /usr/bin/cmake --build /home/hibiki/Robomech_HR/Eglantyne/simulation/build/simple_sim -- -j16 -l16
[0.031s] [ 33%] Built target zero_pub
[0.032s] [ 66%] Built target pub_test
[0.036s] [ 83%] [32mBuilding CXX object CMakeFiles/pub_control.dir/src/controller/pub_control.cpp.o[0m
[1.210s] [01m[K/home/hibiki/Robomech_HR/Eglantyne/simulation/src/simple_sim/src/controller/pub_control.cpp:[m[K In member function ‘[01m[Kvoid PubControl::timer_callback()[m[K’:
[1.210s] [01m[K/home/hibiki/Robomech_HR/Eglantyne/simulation/src/simple_sim/src/controller/pub_control.cpp:43:17:[m[K [01;31m[Kerror: [m[K‘[01m[Kmotion_trig[m[K’ was not declared in this scope
[1.210s]    43 |                 [01;31m[Kmotion_trig[m[K = pos.back();
[1.210s]       |                 [01;31m[K^~~~~~~~~~~[m[K
[1.210s] [01m[K/home/hibiki/Robomech_HR/Eglantyne/simulation/src/simple_sim/src/controller/pub_control.cpp:43:35:[m[K [01;31m[Kerror: [m[K‘[01m[Kusing JointTrajectoryPoint = struct trajectory_msgs::msg::JointTrajectoryPoint_<std::allocator<void> >[m[K’ {aka ‘[01m[Kstruct trajectory_msgs::msg::JointTrajectoryPoint_<std::allocator<void> >[m[K’} has no member named ‘[01m[Kback[m[K’
[1.210s]    43 |                 motion_trig = pos.[01;31m[Kback[m[K();
[1.210s]       |                                   [01;31m[K^~~~[m[K
[1.210s] [01m[K/home/hibiki/Robomech_HR/Eglantyne/simulation/src/simple_sim/src/controller/pub_control.cpp:44:21:[m[K [01;31m[Kerror: [m[K‘[01m[Kusing JointTrajectoryPoint = struct trajectory_msgs::msg::JointTrajectoryPoint_<std::allocator<void> >[m[K’ {aka ‘[01m[Kstruct trajectory_msgs::msg::JointTrajectoryPoint_<std::allocator<void> >[m[K’} has no member named ‘[01m[Kerase[m[K’
[1.210s]    44 |                 pos.[01;31m[Kerase[m[K(pos.end());
[1.210s]       |                     [01;31m[K^~~~~[m[K
[1.210s] [01m[K/home/hibiki/Robomech_HR/Eglantyne/simulation/src/simple_sim/src/controller/pub_control.cpp:44:31:[m[K [01;31m[Kerror: [m[K‘[01m[Kusing JointTrajectoryPoint = struct trajectory_msgs::msg::JointTrajectoryPoint_<std::allocator<void> >[m[K’ {aka ‘[01m[Kstruct trajectory_msgs::msg::JointTrajectoryPoint_<std::allocator<void> >[m[K’} has no member named ‘[01m[Kend[m[K’
[1.210s]    44 |                 pos.erase(pos.[01;31m[Kend[m[K());
[1.210s]       |                               [01;31m[K^~~[m[K
[1.210s] [01m[K/home/hibiki/Robomech_HR/Eglantyne/simulation/src/simple_sim/src/controller/pub_control.cpp:46:24:[m[K [01;31m[Kerror: [m[Kexpected ‘[01m[K([m[K’ before ‘[01m[Kmotion_trig[m[K’
[1.210s]    46 |                 switch [01;31m[Kmotion_trig[m[K{
[1.210s]       |                        [01;31m[K^~~~~~~~~~~[m[K
[1.213s] [01m[K/home/hibiki/Robomech_HR/Eglantyne/simulation/src/simple_sim/src/controller/pub_control.cpp:[m[K In function ‘[01m[Kint main(int, char**)[m[K’:
[1.213s] [01m[K/home/hibiki/Robomech_HR/Eglantyne/simulation/src/simple_sim/src/controller/pub_control.cpp:86:5:[m[K [01;31m[Kerror: [m[K‘[01m[Kpub_state_[m[K’ was not declared in this scope
[1.213s]    86 |     [01;31m[Kpub_state_[m[K -> publish(msg);
[1.214s]       |     [01;31m[K^~~~~~~~~~[m[K
[2.517s] gmake[2]: *** [CMakeFiles/pub_control.dir/build.make:76: CMakeFiles/pub_control.dir/src/controller/pub_control.cpp.o] Error 1
[2.518s] gmake[1]: *** [CMakeFiles/Makefile2:193: CMakeFiles/pub_control.dir/all] Error 2
[2.518s] gmake: *** [Makefile:146: all] Error 2
[2.520s] Invoked command in '/home/hibiki/Robomech_HR/Eglantyne/simulation/build/simple_sim' returned '2': CMAKE_PREFIX_PATH=/opt/ros/humble /usr/bin/cmake --build /home/hibiki/Robomech_HR/Eglantyne/simulation/build/simple_sim -- -j16 -l16
