-- The C compiler identification is GNU 11.4.0
-- The CXX compiler identification is GNU 11.4.0
-- Detecting C compiler ABI info
-- Detecting C compiler ABI info - done
-- Check for working C compiler: /usr/bin/cc - skipped
-- Detecting C compile features
-- Detecting C compile features - done
-- Detecting CXX compiler ABI info
-- Detecting CXX compiler ABI info - done
-- Check for working CXX compiler: /usr/bin/c++ - skipped
-- Detecting CXX compile features
-- Detecting CXX compile features - done
-- Found ament_cmake: 1.3.10 (/opt/ros/humble/share/ament_cmake/cmake)
-- Found Python3: /home/hibiki/.espressif/python_env/idf5.4_py3.10_env/bin/python3 (found version "3.10.12") found components: Interpreter 
-- Found control_msgs: 4.6.0 (/opt/ros/humble/share/control_msgs/cmake)
-- Found rosidl_generator_c: 3.1.5 (/opt/ros/humble/share/rosidl_generator_c/cmake)
-- Found rosidl_adapter: 3.1.5 (/opt/ros/humble/share/rosidl_adapter/cmake)
-- Found rosidl_generator_cpp: 3.1.5 (/opt/ros/humble/share/rosidl_generator_cpp/cmake)
-- Using all available rosidl_typesupport_c: rosidl_typesupport_fastrtps_c;rosidl_typesupport_introspection_c
-- Using all available rosidl_typesupport_cpp: rosidl_typesupport_fastrtps_cpp;rosidl_typesupport_introspection_cpp
-- Found rclcpp: 16.0.10 (/opt/ros/humble/share/rclcpp/cmake)
-- Found rmw_implementation_cmake: 6.1.2 (/opt/ros/humble/share/rmw_implementation_cmake/cmake)
-- Found rmw_fastrtps_cpp: 6.2.7 (/opt/ros/humble/share/rmw_fastrtps_cpp/cmake)
-- Found OpenSSL: /usr/lib/x86_64-linux-gnu/libcrypto.so (found version "3.0.2")  
-- Found FastRTPS: /opt/ros/humble/include  
-- Using RMW implementation 'rmw_fastrtps_cpp' as default
-- Performing Test CMAKE_HAVE_LIBC_PTHREAD
-- Performing Test CMAKE_HAVE_LIBC_PTHREAD - Success
-- Found Threads: TRUE  
-- Found rclcpp_action: 16.0.10 (/opt/ros/humble/share/rclcpp_action/cmake)
-- Found rosidl_default_generators: 1.2.0 (/opt/ros/humble/share/rosidl_default_generators/cmake)
-- Found ament_lint_auto: 0.12.11 (/opt/ros/humble/share/ament_lint_auto/cmake)
-- Added test 'cppcheck' to perform static code analysis on C / C++ code
-- Configured cppcheck include dirs: /home/hibiki/Robomech_HR/Eglantyne/simulation/src/simple_sim/PUBLIC
-- Configured cppcheck exclude dirs and/or files: 
-- Added test 'flake8' to check Python code syntax and style conventions
-- Added test 'lint_cmake' to check CMake code style
-- Added test 'pep257' to check Python code against some of the docstring style conventions in PEP 257
-- Added test 'uncrustify' to check C / C++ code style
-- Configured uncrustify additional arguments: 
-- Added test 'xmllint' to check XML markup files
-- Configuring done
-- Generating done
-- Build files have been written to: /home/hibiki/Robomech_HR/Eglantyne/build/simple_sim
[ 20%] [32mBuilding CXX object CMakeFiles/pub_control.dir/simenv/controller/pub_control.cpp.o[0m
[ 20%] [32mBuilding CXX object CMakeFiles/pub_test.dir/src/test/pub_test.cpp.o[0m
[ 30%] [32mBuilding CXX object CMakeFiles/walk_test.dir/src/module/Kinematics.cpp.o[0m
[ 40%] [32mBuilding CXX object CMakeFiles/zero_pub.dir/src/test/zero_pub.cpp.o[0m
[ 50%] [32mBuilding CXX object CMakeFiles/walk_test.dir/src/test/walk_test.cpp.o[0m
[ 60%] [32mBuilding CXX object CMakeFiles/walk_test.dir/src/module/Link.cpp.o[0m
[ 70%] [32m[1mLinking CXX executable pub_test[0m
[ 70%] Built target pub_test
[ 80%] [32m[1mLinking CXX executable zero_pub[0m
[ 80%] Built target zero_pub
[ 90%] [32m[1mLinking CXX executable pub_control[0m
[ 90%] Built target pub_control
[100%] [32m[1mLinking CXX executable walk_test[0m
[100%] Built target walk_test
-- Install configuration: ""
-- Installing: /home/hibiki/Robomech_HR/Eglantyne/install/simple_sim/lib/simple_sim/pub_control
-- Set runtime path of "/home/hibiki/Robomech_HR/Eglantyne/install/simple_sim/lib/simple_sim/pub_control" to ""
-- Installing: /home/hibiki/Robomech_HR/Eglantyne/install/simple_sim/lib/simple_sim/pub_test
-- Set runtime path of "/home/hibiki/Robomech_HR/Eglantyne/install/simple_sim/lib/simple_sim/pub_test" to ""
-- Installing: /home/hibiki/Robomech_HR/Eglantyne/install/simple_sim/lib/simple_sim/zero_pub
-- Set runtime path of "/home/hibiki/Robomech_HR/Eglantyne/install/simple_sim/lib/simple_sim/zero_pub" to ""
-- Installing: /home/hibiki/Robomech_HR/Eglantyne/install/simple_sim/lib/simple_sim/walk_test
-- Set runtime path of "/home/hibiki/Robomech_HR/Eglantyne/install/simple_sim/lib/simple_sim/walk_test" to ""
-- Installing: /home/hibiki/Robomech_HR/Eglantyne/install/simple_sim/share/simple_sim//launch
-- Installing: /home/hibiki/Robomech_HR/Eglantyne/install/simple_sim/share/simple_sim//launch/view_robot.launch.py
-- Installing: /home/hibiki/Robomech_HR/Eglantyne/install/simple_sim/share/simple_sim//urdf
-- Installing: /home/hibiki/Robomech_HR/Eglantyne/install/simple_sim/share/simple_sim//urdf/ros2_control_conf.xacro
-- Installing: /home/hibiki/Robomech_HR/Eglantyne/install/simple_sim/share/simple_sim//urdf/gazebo_setup.xacro
-- Installing: /home/hibiki/Robomech_HR/Eglantyne/install/simple_sim/share/simple_sim//urdf/body_info
-- Installing: /home/hibiki/Robomech_HR/Eglantyne/install/simple_sim/share/simple_sim//urdf/body_info/eglantyne_body.xacro
-- Installing: /home/hibiki/Robomech_HR/Eglantyne/install/simple_sim/share/simple_sim//urdf/body_info/eglantyne_arm.xacro
-- Installing: /home/hibiki/Robomech_HR/Eglantyne/install/simple_sim/share/simple_sim//urdf/body_info/eglantyne_leg.xacro
-- Installing: /home/hibiki/Robomech_HR/Eglantyne/install/simple_sim/share/simple_sim//urdf/body_info/shape_macro.xacro
-- Installing: /home/hibiki/Robomech_HR/Eglantyne/install/simple_sim/share/simple_sim//urdf/eglantyne.xacro
-- Up-to-date: /home/hibiki/Robomech_HR/Eglantyne/install/simple_sim/share/simple_sim//launch
-- Installing: /home/hibiki/Robomech_HR/Eglantyne/install/simple_sim/share/simple_sim//launch/eglantyne_controller.launch.py
-- Installing: /home/hibiki/Robomech_HR/Eglantyne/install/simple_sim/share/simple_sim//config
-- Installing: /home/hibiki/Robomech_HR/Eglantyne/install/simple_sim/share/simple_sim//config/eglantyne_controller.yaml
-- Installing: /home/hibiki/Robomech_HR/Eglantyne/install/simple_sim/share/ament_index/resource_index/package_run_dependencies/simple_sim
-- Installing: /home/hibiki/Robomech_HR/Eglantyne/install/simple_sim/share/ament_index/resource_index/parent_prefix_path/simple_sim
-- Installing: /home/hibiki/Robomech_HR/Eglantyne/install/simple_sim/share/simple_sim/environment/ament_prefix_path.sh
-- Installing: /home/hibiki/Robomech_HR/Eglantyne/install/simple_sim/share/simple_sim/environment/ament_prefix_path.dsv
-- Installing: /home/hibiki/Robomech_HR/Eglantyne/install/simple_sim/share/simple_sim/environment/path.sh
-- Installing: /home/hibiki/Robomech_HR/Eglantyne/install/simple_sim/share/simple_sim/environment/path.dsv
-- Installing: /home/hibiki/Robomech_HR/Eglantyne/install/simple_sim/share/simple_sim/local_setup.bash
-- Installing: /home/hibiki/Robomech_HR/Eglantyne/install/simple_sim/share/simple_sim/local_setup.sh
-- Installing: /home/hibiki/Robomech_HR/Eglantyne/install/simple_sim/share/simple_sim/local_setup.zsh
-- Installing: /home/hibiki/Robomech_HR/Eglantyne/install/simple_sim/share/simple_sim/local_setup.dsv
-- Installing: /home/hibiki/Robomech_HR/Eglantyne/install/simple_sim/share/simple_sim/package.dsv
-- Installing: /home/hibiki/Robomech_HR/Eglantyne/install/simple_sim/share/ament_index/resource_index/packages/simple_sim
-- Installing: /home/hibiki/Robomech_HR/Eglantyne/install/simple_sim/share/simple_sim/cmake/simple_simConfig.cmake
-- Installing: /home/hibiki/Robomech_HR/Eglantyne/install/simple_sim/share/simple_sim/cmake/simple_simConfig-version.cmake
-- Installing: /home/hibiki/Robomech_HR/Eglantyne/install/simple_sim/share/simple_sim/package.xml
