[0.009s] Invoking command in '/home/hibiki/Robomech_HR/Eglantyne/build/simple_sim': CMAKE_PREFIX_PATH=/home/hibiki/Robomech_HR/Eglantyne/simulation/install/simple_sim:/home/hibiki/Robomech_HR/Eglantyne/simulation/install/ros2_control_demos:/home/hibiki/Robomech_HR/Eglantyne/simulation/install/ros2_control_demo_example_9:/home/hibiki/Robomech_HR/Eglantyne/simulation/install/ros2_control_demo_example_8:/home/hibiki/Robomech_HR/Eglantyne/simulation/install/ros2_control_demo_example_7:/home/hibiki/Robomech_HR/Eglantyne/simulation/install/ros2_control_demo_example_6:/home/hibiki/Robomech_HR/Eglantyne/simulation/install/ros2_control_demo_example_15:/home/hibiki/Robomech_HR/Eglantyne/simulation/install/ros2_control_demo_example_5:/home/hibiki/Robomech_HR/Eglantyne/simulation/install/ros2_control_demo_example_4:/home/hibiki/Robomech_HR/Eglantyne/simulation/install/ros2_control_demo_example_3:/home/hibiki/Robomech_HR/Eglantyne/simulation/install/ros2_control_demo_example_2:/home/hibiki/Robomech_HR/Eglantyne/simulation/install/ros2_control_demo_example_14:/home/hibiki/Robomech_HR/Eglantyne/simulation/install/ros2_control_demo_example_12:/home/hibiki/Robomech_HR/Eglantyne/simulation/install/ros2_control_demo_example_11:/home/hibiki/Robomech_HR/Eglantyne/simulation/install/ros2_control_demo_example_10:/home/hibiki/Robomech_HR/Eglantyne/simulation/install/ros2_control_demo_example_1:/home/hibiki/Robomech_HR/Eglantyne/simulation/install/ros2_control_demo_description:/home/hibiki/Robomech_HR/Eglantyne/simulation/install/gazebo_ros2_control_demos:/home/hibiki/Robomech_HR/Eglantyne/simulation/install/champ_teleop:/home/hibiki/Robomech_HR/Eglantyne/simulation/install/champ_navigation:/home/hibiki/Robomech_HR/Eglantyne/simulation/install/champ_gazebo:/home/hibiki/Robomech_HR/Eglantyne/simulation/install/champ_bringup:/home/hibiki/Robomech_HR/Eglantyne/simulation/install/champ_base:/home/hibiki/Robomech_HR/Eglantyne/simulation/install/champ_msgs:/home/hibiki/Robomech_HR/Eglantyne/simulation/install/champ_description:/home/hibiki/Robomech_HR/Eglantyne/simulation/install/champ_config:/home/hibiki/Robomech_HR/Eglantyne/simulation/install/ros2_control_demo_testing:/opt/ros/humble:/home/hibiki/Robomech_HR/Eglantyne/simulation/install/champ /usr/bin/cmake /home/hibiki/Robomech_HR/Eglantyne/simulation/src/simple_sim -DCMAKE_INSTALL_PREFIX=/home/hibiki/Robomech_HR/Eglantyne/install/simple_sim
[0.146s] -- The C compiler identification is GNU 11.4.0
[0.193s] -- The CXX compiler identification is GNU 11.4.0
[0.207s] -- Detecting C compiler ABI info
[0.285s] -- Detecting C compiler ABI info - done
[0.290s] -- Check for working C compiler: /usr/bin/cc - skipped
[0.291s] -- Detecting C compile features
[0.293s] -- Detecting C compile features - done
[0.296s] -- Detecting CXX compiler ABI info
[0.353s] -- Detecting CXX compiler ABI info - done
[0.358s] -- Check for working CXX compiler: /usr/bin/c++ - skipped
[0.358s] -- Detecting CXX compile features
[0.359s] -- Detecting CXX compile features - done
[0.367s] -- Found ament_cmake: 1.3.10 (/opt/ros/humble/share/ament_cmake/cmake)
[0.591s] -- Found Python3: /home/hibiki/.espressif/python_env/idf5.4_py3.10_env/bin/python3 (found version "3.10.12") found components: Interpreter 
[0.695s] -- Found control_msgs: 4.6.0 (/opt/ros/humble/share/control_msgs/cmake)
[0.766s] -- Found rosidl_generator_c: 3.1.5 (/opt/ros/humble/share/rosidl_generator_c/cmake)
[0.773s] -- Found rosidl_adapter: 3.1.5 (/opt/ros/humble/share/rosidl_adapter/cmake)
[0.786s] -- Found rosidl_generator_cpp: 3.1.5 (/opt/ros/humble/share/rosidl_generator_cpp/cmake)
[0.805s] -- Using all available rosidl_typesupport_c: rosidl_typesupport_fastrtps_c;rosidl_typesupport_introspection_c
[0.828s] -- Using all available rosidl_typesupport_cpp: rosidl_typesupport_fastrtps_cpp;rosidl_typesupport_introspection_cpp
[0.984s] -- Found rclcpp: 16.0.10 (/opt/ros/humble/share/rclcpp/cmake)
[1.049s] -- Found rmw_implementation_cmake: 6.1.2 (/opt/ros/humble/share/rmw_implementation_cmake/cmake)
[1.056s] -- Found rmw_fastrtps_cpp: 6.2.7 (/opt/ros/humble/share/rmw_fastrtps_cpp/cmake)
[1.188s] -- Found OpenSSL: /usr/lib/x86_64-linux-gnu/libcrypto.so (found version "3.0.2")  
[1.214s] -- Found FastRTPS: /opt/ros/humble/include  
[1.252s] -- Using RMW implementation 'rmw_fastrtps_cpp' as default
[1.265s] -- Performing Test CMAKE_HAVE_LIBC_PTHREAD
[1.325s] -- Performing Test CMAKE_HAVE_LIBC_PTHREAD - Success
[1.326s] -- Found Threads: TRUE  
[1.382s] -- Found rclcpp_action: 16.0.10 (/opt/ros/humble/share/rclcpp_action/cmake)
[1.395s] -- Found rosidl_default_generators: 1.2.0 (/opt/ros/humble/share/rosidl_default_generators/cmake)
[1.416s] -- Found ament_lint_auto: 0.12.11 (/opt/ros/humble/share/ament_lint_auto/cmake)
[1.513s] -- Added test 'cppcheck' to perform static code analysis on C / C++ code
[1.513s] -- Configured cppcheck include dirs: /home/hibiki/Robomech_HR/Eglantyne/simulation/src/simple_sim/PUBLIC
[1.513s] -- Configured cppcheck exclude dirs and/or files: 
[1.514s] -- Added test 'flake8' to check Python code syntax and style conventions
[1.515s] -- Added test 'lint_cmake' to check CMake code style
[1.516s] -- Added test 'pep257' to check Python code against some of the docstring style conventions in PEP 257
[1.517s] -- Added test 'uncrustify' to check C / C++ code style
[1.517s] -- Configured uncrustify additional arguments: 
[1.518s] -- Added test 'xmllint' to check XML markup files
[1.520s] -- Configuring done
[1.535s] -- Generating done
[1.537s] -- Build files have been written to: /home/hibiki/Robomech_HR/Eglantyne/build/simple_sim
[1.547s] Invoked command in '/home/hibiki/Robomech_HR/Eglantyne/build/simple_sim' returned '0': CMAKE_PREFIX_PATH=/home/hibiki/Robomech_HR/Eglantyne/simulation/install/simple_sim:/home/hibiki/Robomech_HR/Eglantyne/simulation/install/ros2_control_demos:/home/hibiki/Robomech_HR/Eglantyne/simulation/install/ros2_control_demo_example_9:/home/hibiki/Robomech_HR/Eglantyne/simulation/install/ros2_control_demo_example_8:/home/hibiki/Robomech_HR/Eglantyne/simulation/install/ros2_control_demo_example_7:/home/hibiki/Robomech_HR/Eglantyne/simulation/install/ros2_control_demo_example_6:/home/hibiki/Robomech_HR/Eglantyne/simulation/install/ros2_control_demo_example_15:/home/hibiki/Robomech_HR/Eglantyne/simulation/install/ros2_control_demo_example_5:/home/hibiki/Robomech_HR/Eglantyne/simulation/install/ros2_control_demo_example_4:/home/hibiki/Robomech_HR/Eglantyne/simulation/install/ros2_control_demo_example_3:/home/hibiki/Robomech_HR/Eglantyne/simulation/install/ros2_control_demo_example_2:/home/hibiki/Robomech_HR/Eglantyne/simulation/install/ros2_control_demo_example_14:/home/hibiki/Robomech_HR/Eglantyne/simulation/install/ros2_control_demo_example_12:/home/hibiki/Robomech_HR/Eglantyne/simulation/install/ros2_control_demo_example_11:/home/hibiki/Robomech_HR/Eglantyne/simulation/install/ros2_control_demo_example_10:/home/hibiki/Robomech_HR/Eglantyne/simulation/install/ros2_control_demo_example_1:/home/hibiki/Robomech_HR/Eglantyne/simulation/install/ros2_control_demo_description:/home/hibiki/Robomech_HR/Eglantyne/simulation/install/gazebo_ros2_control_demos:/home/hibiki/Robomech_HR/Eglantyne/simulation/install/champ_teleop:/home/hibiki/Robomech_HR/Eglantyne/simulation/install/champ_navigation:/home/hibiki/Robomech_HR/Eglantyne/simulation/install/champ_gazebo:/home/hibiki/Robomech_HR/Eglantyne/simulation/install/champ_bringup:/home/hibiki/Robomech_HR/Eglantyne/simulation/install/champ_base:/home/hibiki/Robomech_HR/Eglantyne/simulation/install/champ_msgs:/home/hibiki/Robomech_HR/Eglantyne/simulation/install/champ_description:/home/hibiki/Robomech_HR/Eglantyne/simulation/install/champ_config:/home/hibiki/Robomech_HR/Eglantyne/simulation/install/ros2_control_demo_testing:/opt/ros/humble:/home/hibiki/Robomech_HR/Eglantyne/simulation/install/champ /usr/bin/cmake /home/hibiki/Robomech_HR/Eglantyne/simulation/src/simple_sim -DCMAKE_INSTALL_PREFIX=/home/hibiki/Robomech_HR/Eglantyne/install/simple_sim
[1.548s] Invoking command in '/home/hibiki/Robomech_HR/Eglantyne/build/simple_sim': CMAKE_PREFIX_PATH=/home/hibiki/Robomech_HR/Eglantyne/simulation/install/simple_sim:/home/hibiki/Robomech_HR/Eglantyne/simulation/install/ros2_control_demos:/home/hibiki/Robomech_HR/Eglantyne/simulation/install/ros2_control_demo_example_9:/home/hibiki/Robomech_HR/Eglantyne/simulation/install/ros2_control_demo_example_8:/home/hibiki/Robomech_HR/Eglantyne/simulation/install/ros2_control_demo_example_7:/home/hibiki/Robomech_HR/Eglantyne/simulation/install/ros2_control_demo_example_6:/home/hibiki/Robomech_HR/Eglantyne/simulation/install/ros2_control_demo_example_15:/home/hibiki/Robomech_HR/Eglantyne/simulation/install/ros2_control_demo_example_5:/home/hibiki/Robomech_HR/Eglantyne/simulation/install/ros2_control_demo_example_4:/home/hibiki/Robomech_HR/Eglantyne/simulation/install/ros2_control_demo_example_3:/home/hibiki/Robomech_HR/Eglantyne/simulation/install/ros2_control_demo_example_2:/home/hibiki/Robomech_HR/Eglantyne/simulation/install/ros2_control_demo_example_14:/home/hibiki/Robomech_HR/Eglantyne/simulation/install/ros2_control_demo_example_12:/home/hibiki/Robomech_HR/Eglantyne/simulation/install/ros2_control_demo_example_11:/home/hibiki/Robomech_HR/Eglantyne/simulation/install/ros2_control_demo_example_10:/home/hibiki/Robomech_HR/Eglantyne/simulation/install/ros2_control_demo_example_1:/home/hibiki/Robomech_HR/Eglantyne/simulation/install/ros2_control_demo_description:/home/hibiki/Robomech_HR/Eglantyne/simulation/install/gazebo_ros2_control_demos:/home/hibiki/Robomech_HR/Eglantyne/simulation/install/champ_teleop:/home/hibiki/Robomech_HR/Eglantyne/simulation/install/champ_navigation:/home/hibiki/Robomech_HR/Eglantyne/simulation/install/champ_gazebo:/home/hibiki/Robomech_HR/Eglantyne/simulation/install/champ_bringup:/home/hibiki/Robomech_HR/Eglantyne/simulation/install/champ_base:/home/hibiki/Robomech_HR/Eglantyne/simulation/install/champ_msgs:/home/hibiki/Robomech_HR/Eglantyne/simulation/install/champ_description:/home/hibiki/Robomech_HR/Eglantyne/simulation/install/champ_config:/home/hibiki/Robomech_HR/Eglantyne/simulation/install/ros2_control_demo_testing:/opt/ros/humble:/home/hibiki/Robomech_HR/Eglantyne/simulation/install/champ /usr/bin/cmake --build /home/hibiki/Robomech_HR/Eglantyne/build/simple_sim -- -j16 -l16
[1.578s] [ 20%] [32mBuilding CXX object CMakeFiles/pub_control.dir/simenv/controller/pub_control.cpp.o[0m
[1.578s] [ 20%] [32mBuilding CXX object CMakeFiles/pub_test.dir/src/test/pub_test.cpp.o[0m
[1.578s] [ 30%] [32mBuilding CXX object CMakeFiles/walk_test.dir/src/module/Kinematics.cpp.o[0m
[1.579s] [ 40%] [32mBuilding CXX object CMakeFiles/zero_pub.dir/src/test/zero_pub.cpp.o[0m
[1.580s] [ 50%] [32mBuilding CXX object CMakeFiles/walk_test.dir/src/test/walk_test.cpp.o[0m
[1.580s] [ 60%] [32mBuilding CXX object CMakeFiles/walk_test.dir/src/module/Link.cpp.o[0m
[5.050s] [ 70%] [32m[1mLinking CXX executable pub_test[0m
[5.199s] [ 70%] Built target pub_test
[5.776s] [ 80%] [32m[1mLinking CXX executable zero_pub[0m
[5.908s] [ 80%] Built target zero_pub
[8.329s] [ 90%] [32m[1mLinking CXX executable pub_control[0m
[8.647s] [ 90%] Built target pub_control
[8.682s] [100%] [32m[1mLinking CXX executable walk_test[0m
[9.232s] [100%] Built target walk_test
[9.238s] Invoked command in '/home/hibiki/Robomech_HR/Eglantyne/build/simple_sim' returned '0': CMAKE_PREFIX_PATH=/home/hibiki/Robomech_HR/Eglantyne/simulation/install/simple_sim:/home/hibiki/Robomech_HR/Eglantyne/simulation/install/ros2_control_demos:/home/hibiki/Robomech_HR/Eglantyne/simulation/install/ros2_control_demo_example_9:/home/hibiki/Robomech_HR/Eglantyne/simulation/install/ros2_control_demo_example_8:/home/hibiki/Robomech_HR/Eglantyne/simulation/install/ros2_control_demo_example_7:/home/hibiki/Robomech_HR/Eglantyne/simulation/install/ros2_control_demo_example_6:/home/hibiki/Robomech_HR/Eglantyne/simulation/install/ros2_control_demo_example_15:/home/hibiki/Robomech_HR/Eglantyne/simulation/install/ros2_control_demo_example_5:/home/hibiki/Robomech_HR/Eglantyne/simulation/install/ros2_control_demo_example_4:/home/hibiki/Robomech_HR/Eglantyne/simulation/install/ros2_control_demo_example_3:/home/hibiki/Robomech_HR/Eglantyne/simulation/install/ros2_control_demo_example_2:/home/hibiki/Robomech_HR/Eglantyne/simulation/install/ros2_control_demo_example_14:/home/hibiki/Robomech_HR/Eglantyne/simulation/install/ros2_control_demo_example_12:/home/hibiki/Robomech_HR/Eglantyne/simulation/install/ros2_control_demo_example_11:/home/hibiki/Robomech_HR/Eglantyne/simulation/install/ros2_control_demo_example_10:/home/hibiki/Robomech_HR/Eglantyne/simulation/install/ros2_control_demo_example_1:/home/hibiki/Robomech_HR/Eglantyne/simulation/install/ros2_control_demo_description:/home/hibiki/Robomech_HR/Eglantyne/simulation/install/gazebo_ros2_control_demos:/home/hibiki/Robomech_HR/Eglantyne/simulation/install/champ_teleop:/home/hibiki/Robomech_HR/Eglantyne/simulation/install/champ_navigation:/home/hibiki/Robomech_HR/Eglantyne/simulation/install/champ_gazebo:/home/hibiki/Robomech_HR/Eglantyne/simulation/install/champ_bringup:/home/hibiki/Robomech_HR/Eglantyne/simulation/install/champ_base:/home/hibiki/Robomech_HR/Eglantyne/simulation/install/champ_msgs:/home/hibiki/Robomech_HR/Eglantyne/simulation/install/champ_description:/home/hibiki/Robomech_HR/Eglantyne/simulation/install/champ_config:/home/hibiki/Robomech_HR/Eglantyne/simulation/install/ros2_control_demo_testing:/opt/ros/humble:/home/hibiki/Robomech_HR/Eglantyne/simulation/install/champ /usr/bin/cmake --build /home/hibiki/Robomech_HR/Eglantyne/build/simple_sim -- -j16 -l16
[9.315s] Invoking command in '/home/hibiki/Robomech_HR/Eglantyne/build/simple_sim': CMAKE_PREFIX_PATH=/home/hibiki/Robomech_HR/Eglantyne/simulation/install/simple_sim:/home/hibiki/Robomech_HR/Eglantyne/simulation/install/ros2_control_demos:/home/hibiki/Robomech_HR/Eglantyne/simulation/install/ros2_control_demo_example_9:/home/hibiki/Robomech_HR/Eglantyne/simulation/install/ros2_control_demo_example_8:/home/hibiki/Robomech_HR/Eglantyne/simulation/install/ros2_control_demo_example_7:/home/hibiki/Robomech_HR/Eglantyne/simulation/install/ros2_control_demo_example_6:/home/hibiki/Robomech_HR/Eglantyne/simulation/install/ros2_control_demo_example_15:/home/hibiki/Robomech_HR/Eglantyne/simulation/install/ros2_control_demo_example_5:/home/hibiki/Robomech_HR/Eglantyne/simulation/install/ros2_control_demo_example_4:/home/hibiki/Robomech_HR/Eglantyne/simulation/install/ros2_control_demo_example_3:/home/hibiki/Robomech_HR/Eglantyne/simulation/install/ros2_control_demo_example_2:/home/hibiki/Robomech_HR/Eglantyne/simulation/install/ros2_control_demo_example_14:/home/hibiki/Robomech_HR/Eglantyne/simulation/install/ros2_control_demo_example_12:/home/hibiki/Robomech_HR/Eglantyne/simulation/install/ros2_control_demo_example_11:/home/hibiki/Robomech_HR/Eglantyne/simulation/install/ros2_control_demo_example_10:/home/hibiki/Robomech_HR/Eglantyne/simulation/install/ros2_control_demo_example_1:/home/hibiki/Robomech_HR/Eglantyne/simulation/install/ros2_control_demo_description:/home/hibiki/Robomech_HR/Eglantyne/simulation/install/gazebo_ros2_control_demos:/home/hibiki/Robomech_HR/Eglantyne/simulation/install/champ_teleop:/home/hibiki/Robomech_HR/Eglantyne/simulation/install/champ_navigation:/home/hibiki/Robomech_HR/Eglantyne/simulation/install/champ_gazebo:/home/hibiki/Robomech_HR/Eglantyne/simulation/install/champ_bringup:/home/hibiki/Robomech_HR/Eglantyne/simulation/install/champ_base:/home/hibiki/Robomech_HR/Eglantyne/simulation/install/champ_msgs:/home/hibiki/Robomech_HR/Eglantyne/simulation/install/champ_description:/home/hibiki/Robomech_HR/Eglantyne/simulation/install/champ_config:/home/hibiki/Robomech_HR/Eglantyne/simulation/install/ros2_control_demo_testing:/opt/ros/humble:/home/hibiki/Robomech_HR/Eglantyne/simulation/install/champ /usr/bin/cmake --install /home/hibiki/Robomech_HR/Eglantyne/build/simple_sim
[9.319s] -- Install configuration: ""
[9.320s] -- Installing: /home/hibiki/Robomech_HR/Eglantyne/install/simple_sim/lib/simple_sim/pub_control
[9.323s] -- Set runtime path of "/home/hibiki/Robomech_HR/Eglantyne/install/simple_sim/lib/simple_sim/pub_control" to ""
[9.323s] -- Installing: /home/hibiki/Robomech_HR/Eglantyne/install/simple_sim/lib/simple_sim/pub_test
[9.324s] -- Set runtime path of "/home/hibiki/Robomech_HR/Eglantyne/install/simple_sim/lib/simple_sim/pub_test" to ""
[9.324s] -- Installing: /home/hibiki/Robomech_HR/Eglantyne/install/simple_sim/lib/simple_sim/zero_pub
[9.325s] -- Set runtime path of "/home/hibiki/Robomech_HR/Eglantyne/install/simple_sim/lib/simple_sim/zero_pub" to ""
[9.325s] -- Installing: /home/hibiki/Robomech_HR/Eglantyne/install/simple_sim/lib/simple_sim/walk_test
[9.329s] -- Set runtime path of "/home/hibiki/Robomech_HR/Eglantyne/install/simple_sim/lib/simple_sim/walk_test" to ""
[9.329s] -- Installing: /home/hibiki/Robomech_HR/Eglantyne/install/simple_sim/share/simple_sim//launch
[9.329s] -- Installing: /home/hibiki/Robomech_HR/Eglantyne/install/simple_sim/share/simple_sim//launch/view_robot.launch.py
[9.330s] -- Installing: /home/hibiki/Robomech_HR/Eglantyne/install/simple_sim/share/simple_sim//urdf
[9.331s] -- Installing: /home/hibiki/Robomech_HR/Eglantyne/install/simple_sim/share/simple_sim//urdf/ros2_control_conf.xacro
[9.331s] -- Installing: /home/hibiki/Robomech_HR/Eglantyne/install/simple_sim/share/simple_sim//urdf/gazebo_setup.xacro
[9.332s] -- Installing: /home/hibiki/Robomech_HR/Eglantyne/install/simple_sim/share/simple_sim//urdf/body_info
[9.332s] -- Installing: /home/hibiki/Robomech_HR/Eglantyne/install/simple_sim/share/simple_sim//urdf/body_info/eglantyne_body.xacro
[9.333s] -- Installing: /home/hibiki/Robomech_HR/Eglantyne/install/simple_sim/share/simple_sim//urdf/body_info/eglantyne_arm.xacro
[9.333s] -- Installing: /home/hibiki/Robomech_HR/Eglantyne/install/simple_sim/share/simple_sim//urdf/body_info/eglantyne_leg.xacro
[9.334s] -- Installing: /home/hibiki/Robomech_HR/Eglantyne/install/simple_sim/share/simple_sim//urdf/body_info/shape_macro.xacro
[9.336s] -- Installing: /home/hibiki/Robomech_HR/Eglantyne/install/simple_sim/share/simple_sim//urdf/eglantyne.xacro
[9.337s] -- Up-to-date: /home/hibiki/Robomech_HR/Eglantyne/install/simple_sim/share/simple_sim//launch
[9.337s] -- Installing: /home/hibiki/Robomech_HR/Eglantyne/install/simple_sim/share/simple_sim//launch/eglantyne_controller.launch.py
[9.337s] -- Installing: /home/hibiki/Robomech_HR/Eglantyne/install/simple_sim/share/simple_sim//config
[9.337s] -- Installing: /home/hibiki/Robomech_HR/Eglantyne/install/simple_sim/share/simple_sim//config/eglantyne_controller.yaml
[9.337s] -- Installing: /home/hibiki/Robomech_HR/Eglantyne/install/simple_sim/share/ament_index/resource_index/package_run_dependencies/simple_sim
[9.337s] -- Installing: /home/hibiki/Robomech_HR/Eglantyne/install/simple_sim/share/ament_index/resource_index/parent_prefix_path/simple_sim
[9.338s] -- Installing: /home/hibiki/Robomech_HR/Eglantyne/install/simple_sim/share/simple_sim/environment/ament_prefix_path.sh
[9.338s] -- Installing: /home/hibiki/Robomech_HR/Eglantyne/install/simple_sim/share/simple_sim/environment/ament_prefix_path.dsv
[9.338s] -- Installing: /home/hibiki/Robomech_HR/Eglantyne/install/simple_sim/share/simple_sim/environment/path.sh
[9.338s] -- Installing: /home/hibiki/Robomech_HR/Eglantyne/install/simple_sim/share/simple_sim/environment/path.dsv
[9.338s] -- Installing: /home/hibiki/Robomech_HR/Eglantyne/install/simple_sim/share/simple_sim/local_setup.bash
[9.338s] -- Installing: /home/hibiki/Robomech_HR/Eglantyne/install/simple_sim/share/simple_sim/local_setup.sh
[9.338s] -- Installing: /home/hibiki/Robomech_HR/Eglantyne/install/simple_sim/share/simple_sim/local_setup.zsh
[9.338s] -- Installing: /home/hibiki/Robomech_HR/Eglantyne/install/simple_sim/share/simple_sim/local_setup.dsv
[9.338s] -- Installing: /home/hibiki/Robomech_HR/Eglantyne/install/simple_sim/share/simple_sim/package.dsv
[9.338s] -- Installing: /home/hibiki/Robomech_HR/Eglantyne/install/simple_sim/share/ament_index/resource_index/packages/simple_sim
[9.338s] -- Installing: /home/hibiki/Robomech_HR/Eglantyne/install/simple_sim/share/simple_sim/cmake/simple_simConfig.cmake
[9.338s] -- Installing: /home/hibiki/Robomech_HR/Eglantyne/install/simple_sim/share/simple_sim/cmake/simple_simConfig-version.cmake
[9.338s] -- Installing: /home/hibiki/Robomech_HR/Eglantyne/install/simple_sim/share/simple_sim/package.xml
[9.340s] Invoked command in '/home/hibiki/Robomech_HR/Eglantyne/build/simple_sim' returned '0': CMAKE_PREFIX_PATH=/home/hibiki/Robomech_HR/Eglantyne/simulation/install/simple_sim:/home/hibiki/Robomech_HR/Eglantyne/simulation/install/ros2_control_demos:/home/hibiki/Robomech_HR/Eglantyne/simulation/install/ros2_control_demo_example_9:/home/hibiki/Robomech_HR/Eglantyne/simulation/install/ros2_control_demo_example_8:/home/hibiki/Robomech_HR/Eglantyne/simulation/install/ros2_control_demo_example_7:/home/hibiki/Robomech_HR/Eglantyne/simulation/install/ros2_control_demo_example_6:/home/hibiki/Robomech_HR/Eglantyne/simulation/install/ros2_control_demo_example_15:/home/hibiki/Robomech_HR/Eglantyne/simulation/install/ros2_control_demo_example_5:/home/hibiki/Robomech_HR/Eglantyne/simulation/install/ros2_control_demo_example_4:/home/hibiki/Robomech_HR/Eglantyne/simulation/install/ros2_control_demo_example_3:/home/hibiki/Robomech_HR/Eglantyne/simulation/install/ros2_control_demo_example_2:/home/hibiki/Robomech_HR/Eglantyne/simulation/install/ros2_control_demo_example_14:/home/hibiki/Robomech_HR/Eglantyne/simulation/install/ros2_control_demo_example_12:/home/hibiki/Robomech_HR/Eglantyne/simulation/install/ros2_control_demo_example_11:/home/hibiki/Robomech_HR/Eglantyne/simulation/install/ros2_control_demo_example_10:/home/hibiki/Robomech_HR/Eglantyne/simulation/install/ros2_control_demo_example_1:/home/hibiki/Robomech_HR/Eglantyne/simulation/install/ros2_control_demo_description:/home/hibiki/Robomech_HR/Eglantyne/simulation/install/gazebo_ros2_control_demos:/home/hibiki/Robomech_HR/Eglantyne/simulation/install/champ_teleop:/home/hibiki/Robomech_HR/Eglantyne/simulation/install/champ_navigation:/home/hibiki/Robomech_HR/Eglantyne/simulation/install/champ_gazebo:/home/hibiki/Robomech_HR/Eglantyne/simulation/install/champ_bringup:/home/hibiki/Robomech_HR/Eglantyne/simulation/install/champ_base:/home/hibiki/Robomech_HR/Eglantyne/simulation/install/champ_msgs:/home/hibiki/Robomech_HR/Eglantyne/simulation/install/champ_description:/home/hibiki/Robomech_HR/Eglantyne/simulation/install/champ_config:/home/hibiki/Robomech_HR/Eglantyne/simulation/install/ros2_control_demo_testing:/opt/ros/humble:/home/hibiki/Robomech_HR/Eglantyne/simulation/install/champ /usr/bin/cmake --install /home/hibiki/Robomech_HR/Eglantyne/build/simple_sim
