[0.008s] Invoking command in '/home/hibiki/Robomech_HR/Eglantyne/simulation/build/simple_sim': CMAKE_PREFIX_PATH=/opt/ros/humble /usr/bin/cmake --build /home/hibiki/Robomech_HR/Eglantyne/simulation/build/simple_sim -- -j16 -l16
[0.031s] [ 33%] Built target zero_pub
[0.031s] [ 66%] Built target pub_test
[0.034s] [ 83%] [32mBuilding CXX object CMakeFiles/pub_control.dir/src/controller/pub_control.cpp.o[0m
[1.207s] [01m[K/home/hibiki/Robomech_HR/Eglantyne/simulation/src/simple_sim/src/controller/pub_control.cpp:[m[K In constructor ‘[01m[KPubControl::PubControl()[m[K’:
[1.207s] [01m[K/home/hibiki/Robomech_HR/Eglantyne/simulation/src/simple_sim/src/controller/pub_control.cpp:27:88:[m[K [01;31m[Kerror: [m[Kno matching function for call to ‘[01m[Kstd_msgs::msg::String_<std::allocator<void> >::String_(const char [16], int)[m[K’
[1.207s]    27 |         pub_state_ = this->create_publisher<std_msgs::msg::String("/motion_trigger", 10[01;31m[K)[m[K;
[1.207s]       |                                                                                        [01;31m[K^[m[K
[1.207s] In file included from [01m[K/opt/ros/humble/include/std_msgs/std_msgs/msg/string.hpp:7[m[K,
[1.207s]                  from [01m[K/home/hibiki/Robomech_HR/Eglantyne/simulation/src/simple_sim/src/controller/pub_control.cpp:8[m[K:
[1.207s] [01m[K/opt/ros/humble/include/std_msgs/std_msgs/msg/detail/string__struct.hpp:45:12:[m[K [01;36m[Knote: [m[Kcandidate: ‘[01m[Kstd_msgs::msg::String_<ContainerAllocator>::String_(const ContainerAllocator&, rosidl_runtime_cpp::MessageInitialization) [with ContainerAllocator = std::allocator<void>][m[K’
[1.207s]    45 |   explicit [01;36m[KString_[m[K(const ContainerAllocator & _alloc, rosidl_runtime_cpp::MessageInitialization _init = rosidl_runtime_cpp::MessageInitialization::ALL)
[1.207s]       |            [01;36m[K^~~~~~~[m[K
[1.207s] [01m[K/opt/ros/humble/include/std_msgs/std_msgs/msg/detail/string__struct.hpp:45:47:[m[K [01;36m[Knote: [m[K  no known conversion for argument 1 from ‘[01m[Kconst char [16][m[K’ to ‘[01m[Kconst std::allocator<void>&[m[K’
[1.207s]    45 |   explicit String_([01;36m[Kconst ContainerAllocator & _alloc[m[K, rosidl_runtime_cpp::MessageInitialization _init = rosidl_runtime_cpp::MessageInitialization::ALL)
[1.207s]       |                    [01;36m[K~~~~~~~~~~~~~~~~~~~~~~~~~~~^~~~~~[m[K
[1.207s] [01m[K/opt/ros/humble/include/std_msgs/std_msgs/msg/detail/string__struct.hpp:36:12:[m[K [01;36m[Knote: [m[Kcandidate: ‘[01m[Kstd_msgs::msg::String_<ContainerAllocator>::String_(rosidl_runtime_cpp::MessageInitialization) [with ContainerAllocator = std::allocator<void>][m[K’
[1.208s]    36 |   explicit [01;36m[KString_[m[K(rosidl_runtime_cpp::MessageInitialization _init = rosidl_runtime_cpp::MessageInitialization::ALL)
[1.208s]       |            [01;36m[K^~~~~~~[m[K
[1.208s] [01m[K/opt/ros/humble/include/std_msgs/std_msgs/msg/detail/string__struct.hpp:36:12:[m[K [01;36m[Knote: [m[K  candidate expects 1 argument, 2 provided
[1.208s] [01m[K/opt/ros/humble/include/std_msgs/std_msgs/msg/detail/string__struct.hpp:32:8:[m[K [01;36m[Knote: [m[Kcandidate: ‘[01m[Kstd_msgs::msg::String_<std::allocator<void> >::String_(const std_msgs::msg::String_<std::allocator<void> >&)[m[K’
[1.208s]    32 | struct [01;36m[KString_[m[K
[1.208s]       |        [01;36m[K^~~~~~~[m[K
[1.208s] [01m[K/opt/ros/humble/include/std_msgs/std_msgs/msg/detail/string__struct.hpp:32:8:[m[K [01;36m[Knote: [m[K  candidate expects 1 argument, 2 provided
[1.208s] [01m[K/opt/ros/humble/include/std_msgs/std_msgs/msg/detail/string__struct.hpp:32:8:[m[K [01;36m[Knote: [m[Kcandidate: ‘[01m[Kstd_msgs::msg::String_<std::allocator<void> >::String_(std_msgs::msg::String_<std::allocator<void> >&&)[m[K’
[1.208s] [01m[K/opt/ros/humble/include/std_msgs/std_msgs/msg/detail/string__struct.hpp:32:8:[m[K [01;36m[Knote: [m[K  candidate expects 1 argument, 2 provided
[1.208s] [01m[K/home/hibiki/Robomech_HR/Eglantyne/simulation/src/simple_sim/src/controller/pub_control.cpp:27:28:[m[K [01;31m[Kerror: [m[Kparse error in template argument list
[1.208s]    27 |         pub_state_ = this->[01;31m[Kcreate_publisher<std_msgs::msg::String("/motion_trigger", 10)[m[K;
[1.208s]       |                            [01;31m[K^~~~~~~~~~~~~~~~~~~~~~~~~~~~~~~~~~~~~~~~~~~~~~~~~~~~~~~~~~~~~[m[K
[1.208s] [01m[K/home/hibiki/Robomech_HR/Eglantyne/simulation/src/simple_sim/src/controller/pub_control.cpp:27:28:[m[K [01;31m[Kerror: [m[Kno match for ‘[01m[Koperator=[m[K’ (operand types are ‘[01m[Krclcpp::Publisher<trajectory_msgs::msg::JointTrajectory_<std::allocator<void> > >::SharedPtr[m[K’ {aka ‘[01m[Kstd::shared_ptr<rclcpp::Publisher<trajectory_msgs::msg::JointTrajectory_<std::allocator<void> > > >[m[K’} and ‘[01m[K<unresolved overloaded function type>[m[K’)
[1.208s] In file included from [01m[K/usr/include/c++/11/memory:77[m[K,
[1.208s]                  from [01m[K/home/hibiki/Robomech_HR/Eglantyne/simulation/src/simple_sim/src/controller/pub_control.cpp:3[m[K:
[1.208s] [01m[K/usr/include/c++/11/bits/shared_ptr.h:363:9:[m[K [01;36m[Knote: [m[Kcandidate: ‘[01m[Ktemplate<class _Yp> std::shared_ptr<_Tp>::_Assignable<const std::shared_ptr<_Yp>&> std::shared_ptr<_Tp>::operator=(const std::shared_ptr<_Yp>&) [with _Yp = _Yp; _Tp = rclcpp::Publisher<trajectory_msgs::msg::JointTrajectory_<std::allocator<void> > >][m[K’
[1.208s]   363 |         [01;36m[Koperator[m[K=(const shared_ptr<_Yp>& __r) noexcept
[1.208s]       |         [01;36m[K^~~~~~~~[m[K
[1.208s] [01m[K/usr/include/c++/11/bits/shared_ptr.h:363:9:[m[K [01;36m[Knote: [m[K  template argument deduction/substitution failed:
[1.208s] [01m[K/home/hibiki/Robomech_HR/Eglantyne/simulation/src/simple_sim/src/controller/pub_control.cpp:27:28:[m[K [01;36m[Knote: [m[K  couldn’t deduce template parameter ‘[01m[K_Yp[m[K’
[1.208s]    27 |         pub_state_ = this->[01;36m[Kcreate_publisher<std_msgs::msg::String("/motion_trigger", 10)[m[K;
[1.208s]       |                            [01;36m[K^~~~~~~~~~~~~~~~~~~~~~~~~~~~~~~~~~~~~~~~~~~~~~~~~~~~~~~~~~~~~[m[K
[1.208s] In file included from [01m[K/usr/include/c++/11/memory:77[m[K,
[1.208s]                  from [01m[K/home/hibiki/Robomech_HR/Eglantyne/simulation/src/simple_sim/src/controller/pub_control.cpp:3[m[K:
[1.208s] [01m[K/usr/include/c++/11/bits/shared_ptr.h:374:9:[m[K [01;36m[Knote: [m[Kcandidate: ‘[01m[Ktemplate<class _Yp> std::shared_ptr<_Tp>::_Assignable<std::auto_ptr<_Up> > std::shared_ptr<_Tp>::operator=(std::auto_ptr<_Up>&&) [with _Yp = _Yp; _Tp = rclcpp::Publisher<trajectory_msgs::msg::JointTrajectory_<std::allocator<void> > >][m[K’
[1.208s]   374 |         [01;36m[Koperator[m[K=(auto_ptr<_Yp>&& __r)
[1.208s]       |         [01;36m[K^~~~~~~~[m[K
[1.208s] [01m[K/usr/include/c++/11/bits/shared_ptr.h:374:9:[m[K [01;36m[Knote: [m[K  template argument deduction/substitution failed:
[1.208s] [01m[K/home/hibiki/Robomech_HR/Eglantyne/simulation/src/simple_sim/src/controller/pub_control.cpp:27:28:[m[K [01;36m[Knote: [m[K  couldn’t deduce template parameter ‘[01m[K_Yp[m[K’
[1.208s]    27 |         pub_state_ = this->[01;36m[Kcreate_publisher<std_msgs::msg::String("/motion_trigger", 10)[m[K;
[1.208s]       |                            [01;36m[K^~~~~~~~~~~~~~~~~~~~~~~~~~~~~~~~~~~~~~~~~~~~~~~~~~~~~~~~~~~~~[m[K
[1.208s] In file included from [01m[K/usr/include/c++/11/memory:77[m[K,
[1.208s]                  from [01m[K/home/hibiki/Robomech_HR/Eglantyne/simulation/src/simple_sim/src/controller/pub_control.cpp:3[m[K:
[1.208s] [01m[K/usr/include/c++/11/bits/shared_ptr.h:391:9:[m[K [01;36m[Knote: [m[Kcandidate: ‘[01m[Ktemplate<class _Yp> std::shared_ptr<_Tp>::_Assignable<std::shared_ptr<_Yp> > std::shared_ptr<_Tp>::operator=(std::shared_ptr<_Yp>&&) [with _Yp = _Yp; _Tp = rclcpp::Publisher<trajectory_msgs::msg::JointTrajectory_<std::allocator<void> > >][m[K’
[1.208s]   391 |         [01;36m[Koperator[m[K=(shared_ptr<_Yp>&& __r) noexcept
[1.209s]       |         [01;36m[K^~~~~~~~[m[K
[1.209s] [01m[K/usr/include/c++/11/bits/shared_ptr.h:391:9:[m[K [01;36m[Knote: [m[K  template argument deduction/substitution failed:
[1.209s] [01m[K/home/hibiki/Robomech_HR/Eglantyne/simulation/src/simple_sim/src/controller/pub_control.cpp:27:28:[m[K [01;36m[Knote: [m[K  couldn’t deduce template parameter ‘[01m[K_Yp[m[K’
[1.209s]    27 |         pub_state_ = this->[01;36m[Kcreate_publisher<std_msgs::msg::String("/motion_trigger", 10)[m[K;
[1.209s]       |                            [01;36m[K^~~~~~~~~~~~~~~~~~~~~~~~~~~~~~~~~~~~~~~~~~~~~~~~~~~~~~~~~~~~~[m[K
[1.209s] In file included from [01m[K/usr/include/c++/11/memory:77[m[K,
[1.209s]                  from [01m[K/home/hibiki/Robomech_HR/Eglantyne/simulation/src/simple_sim/src/controller/pub_control.cpp:3[m[K:
[1.209s] [01m[K/usr/include/c++/11/bits/shared_ptr.h:399:9:[m[K [01;36m[Knote: [m[Kcandidate: ‘[01m[Ktemplate<class _Yp, class _Del> std::shared_ptr<_Tp>::_Assignable<std::unique_ptr<_Up, _Ep> > std::shared_ptr<_Tp>::operator=(std::unique_ptr<_Up, _Ep>&&) [with _Yp = _Yp; _Del = _Del; _Tp = rclcpp::Publisher<trajectory_msgs::msg::JointTrajectory_<std::allocator<void> > >][m[K’
[1.209s]   399 |         [01;36m[Koperator[m[K=(unique_ptr<_Yp, _Del>&& __r)
[1.209s]       |         [01;36m[K^~~~~~~~[m[K
[1.209s] [01m[K/usr/include/c++/11/bits/shared_ptr.h:399:9:[m[K [01;36m[Knote: [m[K  template argument deduction/substitution failed:
[1.209s] [01m[K/home/hibiki/Robomech_HR/Eglantyne/simulation/src/simple_sim/src/controller/pub_control.cpp:27:28:[m[K [01;36m[Knote: [m[K  couldn’t deduce template parameter ‘[01m[K_Yp[m[K’
[1.209s]    27 |         pub_state_ = this->[01;36m[Kcreate_publisher<std_msgs::msg::String("/motion_trigger", 10)[m[K;
[1.209s]       |                            [01;36m[K^~~~~~~~~~~~~~~~~~~~~~~~~~~~~~~~~~~~~~~~~~~~~~~~~~~~~~~~~~~~~[m[K
[1.209s] In file included from [01m[K/usr/include/c++/11/memory:77[m[K,
[1.209s]                  from [01m[K/home/hibiki/Robomech_HR/Eglantyne/simulation/src/simple_sim/src/controller/pub_control.cpp:3[m[K:
[1.209s] [01m[K/usr/include/c++/11/bits/shared_ptr.h:359:19:[m[K [01;36m[Knote: [m[Kcandidate: ‘[01m[Kstd::shared_ptr<_Tp>& std::shared_ptr<_Tp>::operator=(const std::shared_ptr<_Tp>&) [with _Tp = rclcpp::Publisher<trajectory_msgs::msg::JointTrajectory_<std::allocator<void> > >][m[K’
[1.209s]   359 |       shared_ptr& [01;36m[Koperator[m[K=(const shared_ptr&) noexcept = default;
[1.209s]       |                   [01;36m[K^~~~~~~~[m[K
[1.209s] [01m[K/usr/include/c++/11/bits/shared_ptr.h:359:29:[m[K [01;36m[Knote: [m[K  no known conversion for argument 1 from ‘[01m[K<unresolved overloaded function type>[m[K’ to ‘[01m[Kconst std::shared_ptr<rclcpp::Publisher<trajectory_msgs::msg::JointTrajectory_<std::allocator<void> > > >&[m[K’
[1.209s]   359 |       shared_ptr& operator=([01;36m[Kconst shared_ptr&[m[K) noexcept = default;
[1.209s]       |                             [01;36m[K^~~~~~~~~~~~~~~~~[m[K
[1.209s] [01m[K/usr/include/c++/11/bits/shared_ptr.h:383:7:[m[K [01;36m[Knote: [m[Kcandidate: ‘[01m[Kstd::shared_ptr<_Tp>& std::shared_ptr<_Tp>::operator=(std::shared_ptr<_Tp>&&) [with _Tp = rclcpp::Publisher<trajectory_msgs::msg::JointTrajectory_<std::allocator<void> > >][m[K’
[1.209s]   383 |       [01;36m[Koperator[m[K=(shared_ptr&& __r) noexcept
[1.209s]       |       [01;36m[K^~~~~~~~[m[K
[1.209s] [01m[K/usr/include/c++/11/bits/shared_ptr.h:383:30:[m[K [01;36m[Knote: [m[K  no known conversion for argument 1 from ‘[01m[K<unresolved overloaded function type>[m[K’ to ‘[01m[Kstd::shared_ptr<rclcpp::Publisher<trajectory_msgs::msg::JointTrajectory_<std::allocator<void> > > >&&[m[K’
[1.209s]   383 |       operator=([01;36m[Kshared_ptr&& __r[m[K) noexcept
[1.209s]       |                 [01;36m[K~~~~~~~~~~~~~^~~[m[K
[1.209s] [01m[K/home/hibiki/Robomech_HR/Eglantyne/simulation/src/simple_sim/src/controller/pub_control.cpp:[m[K In member function ‘[01m[Kvoid PubControl::timer_callback()[m[K’:
[1.209s] [01m[K/home/hibiki/Robomech_HR/Eglantyne/simulation/src/simple_sim/src/controller/pub_control.cpp:42:21:[m[K [01;31m[Kerror: [m[K‘[01m[Kusing JointTrajectoryPoint = struct trajectory_msgs::msg::JointTrajectoryPoint_<std::allocator<void> >[m[K’ {aka ‘[01m[Kstruct trajectory_msgs::msg::JointTrajectoryPoint_<std::allocator<void> >[m[K’} has no member named ‘[01m[Ksize[m[K’
[1.209s]    42 |             if (pos.[01;31m[Ksize[m[K() > 18){
[1.209s]       |                     [01;31m[K^~~~[m[K
[1.212s] [01m[K/home/hibiki/Robomech_HR/Eglantyne/simulation/src/simple_sim/src/controller/pub_control.cpp:43:17:[m[K [01;31m[Kerror: [m[K‘[01m[Kmotion_trig[m[K’ was not declared in this scope
[1.212s]    43 |                 [01;31m[Kmotion_trig[m[K = pos.back();
[1.212s]       |                 [01;31m[K^~~~~~~~~~~[m[K
[1.212s] [01m[K/home/hibiki/Robomech_HR/Eglantyne/simulation/src/simple_sim/src/controller/pub_control.cpp:43:35:[m[K [01;31m[Kerror: [m[K‘[01m[Kusing JointTrajectoryPoint = struct trajectory_msgs::msg::JointTrajectoryPoint_<std::allocator<void> >[m[K’ {aka ‘[01m[Kstruct trajectory_msgs::msg::JointTrajectoryPoint_<std::allocator<void> >[m[K’} has no member named ‘[01m[Kback[m[K’
[1.212s]    43 |                 motion_trig = pos.[01;31m[Kback[m[K();
[1.212s]       |                                   [01;31m[K^~~~[m[K
[1.212s] [01m[K/home/hibiki/Robomech_HR/Eglantyne/simulation/src/simple_sim/src/controller/pub_control.cpp:44:21:[m[K [01;31m[Kerror: [m[K‘[01m[Kusing JointTrajectoryPoint = struct trajectory_msgs::msg::JointTrajectoryPoint_<std::allocator<void> >[m[K’ {aka ‘[01m[Kstruct trajectory_msgs::msg::JointTrajectoryPoint_<std::allocator<void> >[m[K’} has no member named ‘[01m[Kerase[m[K’
[1.212s]    44 |                 pos.[01;31m[Kerase[m[K(pos.end());
[1.213s]       |                     [01;31m[K^~~~~[m[K
[1.213s] [01m[K/home/hibiki/Robomech_HR/Eglantyne/simulation/src/simple_sim/src/controller/pub_control.cpp:44:31:[m[K [01;31m[Kerror: [m[K‘[01m[Kusing JointTrajectoryPoint = struct trajectory_msgs::msg::JointTrajectoryPoint_<std::allocator<void> >[m[K’ {aka ‘[01m[Kstruct trajectory_msgs::msg::JointTrajectoryPoint_<std::allocator<void> >[m[K’} has no member named ‘[01m[Kend[m[K’
[1.213s]    44 |                 pos.erase(pos.[01;31m[Kend[m[K());
[1.213s]       |                               [01;31m[K^~~[m[K
[1.213s] [01m[K/home/hibiki/Robomech_HR/Eglantyne/simulation/src/simple_sim/src/controller/pub_control.cpp:46:24:[m[K [01;31m[Kerror: [m[Kexpected ‘[01m[K([m[K’ before ‘[01m[Kmotion_trig[m[K’
[1.213s]    46 |                 switch [01;31m[Kmotion_trig[m[K{
[1.213s]       |                        [01;31m[K^~~~~~~~~~~[m[K
[1.216s] [01m[K/home/hibiki/Robomech_HR/Eglantyne/simulation/src/simple_sim/src/controller/pub_control.cpp:[m[K In function ‘[01m[Kint main(int, char**)[m[K’:
[1.216s] [01m[K/home/hibiki/Robomech_HR/Eglantyne/simulation/src/simple_sim/src/controller/pub_control.cpp:86:5:[m[K [01;31m[Kerror: [m[K‘[01m[Kpub_state_[m[K’ was not declared in this scope
[1.216s]    86 |     [01;31m[Kpub_state_[m[K -> publish(msg);
[1.216s]       |     [01;31m[K^~~~~~~~~~[m[K
[2.500s] gmake[2]: *** [CMakeFiles/pub_control.dir/build.make:76: CMakeFiles/pub_control.dir/src/controller/pub_control.cpp.o] Error 1
[2.500s] gmake[1]: *** [CMakeFiles/Makefile2:193: CMakeFiles/pub_control.dir/all] Error 2
[2.500s] gmake: *** [Makefile:146: all] Error 2
[2.501s] Invoked command in '/home/hibiki/Robomech_HR/Eglantyne/simulation/build/simple_sim' returned '2': CMAKE_PREFIX_PATH=/opt/ros/humble /usr/bin/cmake --build /home/hibiki/Robomech_HR/Eglantyne/simulation/build/simple_sim -- -j16 -l16
