[0.008s] Invoking command in '/home/hibiki/Robomech_HR/Eglantyne/simulation/build/champ_gazebo': AMENT_PREFIX_PATH=/home/hibiki/Robomech_HR/Eglantyne/simulation/install/champ_msgs:/home/hibiki/Robomech_HR/Eglantyne/simulation/install/champ:${AMENT_PREFIX_PATH} CMAKE_PREFIX_PATH=/home/hibiki/Robomech_HR/Eglantyne/simulation/install/champ_msgs:/opt/ros/humble:/home/hibiki/Robomech_HR/Eglantyne/simulation/install/champ LD_LIBRARY_PATH=/home/hibiki/Robomech_HR/Eglantyne/simulation/install/champ_msgs/lib:/opt/ros/humble/opt/rviz_ogre_vendor/lib:/opt/ros/humble/lib/x86_64-linux-gnu:/opt/ros/humble/lib:/usr/lib/x86_64-linux-gnu/gazebo-11/plugins PYTHONPATH=/home/hibiki/Robomech_HR/Eglantyne/simulation/install/champ_msgs/lib/python3.10/site-packages:${PYTHONPATH} /usr/bin/cmake --build /home/hibiki/Robomech_HR/Eglantyne/simulation/build/champ_gazebo -- -j16 -l16
[0.095s] [100%] Built target contact_sensor
[0.100s] Invoked command in '/home/hibiki/Robomech_HR/Eglantyne/simulation/build/champ_gazebo' returned '0': AMENT_PREFIX_PATH=/home/hibiki/Robomech_HR/Eglantyne/simulation/install/champ_msgs:/home/hibiki/Robomech_HR/Eglantyne/simulation/install/champ:${AMENT_PREFIX_PATH} CMAKE_PREFIX_PATH=/home/hibiki/Robomech_HR/Eglantyne/simulation/install/champ_msgs:/opt/ros/humble:/home/hibiki/Robomech_HR/Eglantyne/simulation/install/champ LD_LIBRARY_PATH=/home/hibiki/Robomech_HR/Eglantyne/simulation/install/champ_msgs/lib:/opt/ros/humble/opt/rviz_ogre_vendor/lib:/opt/ros/humble/lib/x86_64-linux-gnu:/opt/ros/humble/lib:/usr/lib/x86_64-linux-gnu/gazebo-11/plugins PYTHONPATH=/home/hibiki/Robomech_HR/Eglantyne/simulation/install/champ_msgs/lib/python3.10/site-packages:${PYTHONPATH} /usr/bin/cmake --build /home/hibiki/Robomech_HR/Eglantyne/simulation/build/champ_gazebo -- -j16 -l16
[0.145s] Invoking command in '/home/hibiki/Robomech_HR/Eglantyne/simulation/build/champ_gazebo': AMENT_PREFIX_PATH=/home/hibiki/Robomech_HR/Eglantyne/simulation/install/champ_msgs:/home/hibiki/Robomech_HR/Eglantyne/simulation/install/champ:${AMENT_PREFIX_PATH} CMAKE_PREFIX_PATH=/home/hibiki/Robomech_HR/Eglantyne/simulation/install/champ_msgs:/opt/ros/humble:/home/hibiki/Robomech_HR/Eglantyne/simulation/install/champ LD_LIBRARY_PATH=/home/hibiki/Robomech_HR/Eglantyne/simulation/install/champ_msgs/lib:/opt/ros/humble/opt/rviz_ogre_vendor/lib:/opt/ros/humble/lib/x86_64-linux-gnu:/opt/ros/humble/lib:/usr/lib/x86_64-linux-gnu/gazebo-11/plugins PYTHONPATH=/home/hibiki/Robomech_HR/Eglantyne/simulation/install/champ_msgs/lib/python3.10/site-packages:${PYTHONPATH} /usr/bin/cmake --install /home/hibiki/Robomech_HR/Eglantyne/simulation/build/champ_gazebo
[0.194s] -- Install configuration: ""
[0.194s] -- Up-to-date: /home/hibiki/Robomech_HR/Eglantyne/simulation/install/champ_gazebo/bin/imu_sensor.py
[0.194s] -- Up-to-date: /home/hibiki/Robomech_HR/Eglantyne/simulation/install/champ_gazebo/bin/odometry_tf.py
[0.194s] -- Up-to-date: /home/hibiki/Robomech_HR/Eglantyne/simulation/install/champ_gazebo/bin/odometry.py
[0.194s] -- Up-to-date: /home/hibiki/Robomech_HR/Eglantyne/simulation/install/champ_gazebo/lib/champ_gazebo/contact_sensor
[0.194s] -- Up-to-date: /home/hibiki/Robomech_HR/Eglantyne/simulation/install/champ_gazebo/share/champ_gazebo/launch
[0.194s] -- Up-to-date: /home/hibiki/Robomech_HR/Eglantyne/simulation/install/champ_gazebo/share/champ_gazebo/launch/gazebo.launch
[0.194s] -- Up-to-date: /home/hibiki/Robomech_HR/Eglantyne/simulation/install/champ_gazebo/share/champ_gazebo/launch/gazebo.launch.py
[0.194s] -- Up-to-date: /home/hibiki/Robomech_HR/Eglantyne/simulation/install/champ_gazebo/share/champ_gazebo/launch/spawn_robot.launch
[0.194s] -- Up-to-date: /home/hibiki/Robomech_HR/Eglantyne/simulation/install/champ_gazebo/share/champ_gazebo/launch/spawn_world.launch
[0.194s] -- Up-to-date: /home/hibiki/Robomech_HR/Eglantyne/simulation/install/champ_gazebo/share/champ_gazebo/config
[0.194s] -- Up-to-date: /home/hibiki/Robomech_HR/Eglantyne/simulation/install/champ_gazebo/share/champ_gazebo/config/gazebo.yaml
[0.194s] -- Up-to-date: /home/hibiki/Robomech_HR/Eglantyne/simulation/install/champ_gazebo/share/champ_gazebo/config/ros_control.yaml
[0.195s] -- Up-to-date: /home/hibiki/Robomech_HR/Eglantyne/simulation/install/champ_gazebo/share/champ_gazebo/worlds
[0.195s] -- Up-to-date: /home/hibiki/Robomech_HR/Eglantyne/simulation/install/champ_gazebo/share/champ_gazebo/worlds/default.world
[0.195s] -- Up-to-date: /home/hibiki/Robomech_HR/Eglantyne/simulation/install/champ_gazebo/share/champ_gazebo/worlds/playground.world
[0.195s] -- Up-to-date: /home/hibiki/Robomech_HR/Eglantyne/simulation/install/champ_gazebo/share/champ_gazebo/worlds/outdoor.world
[0.195s] -- Up-to-date: /home/hibiki/Robomech_HR/Eglantyne/simulation/install/champ_gazebo/share/ament_index/resource_index/package_run_dependencies/champ_gazebo
[0.195s] -- Up-to-date: /home/hibiki/Robomech_HR/Eglantyne/simulation/install/champ_gazebo/share/ament_index/resource_index/parent_prefix_path/champ_gazebo
[0.195s] -- Up-to-date: /home/hibiki/Robomech_HR/Eglantyne/simulation/install/champ_gazebo/share/champ_gazebo/environment/ament_prefix_path.sh
[0.195s] -- Up-to-date: /home/hibiki/Robomech_HR/Eglantyne/simulation/install/champ_gazebo/share/champ_gazebo/environment/ament_prefix_path.dsv
[0.195s] -- Up-to-date: /home/hibiki/Robomech_HR/Eglantyne/simulation/install/champ_gazebo/share/champ_gazebo/environment/path.sh
[0.195s] -- Up-to-date: /home/hibiki/Robomech_HR/Eglantyne/simulation/install/champ_gazebo/share/champ_gazebo/environment/path.dsv
[0.195s] -- Up-to-date: /home/hibiki/Robomech_HR/Eglantyne/simulation/install/champ_gazebo/share/champ_gazebo/local_setup.bash
[0.195s] -- Up-to-date: /home/hibiki/Robomech_HR/Eglantyne/simulation/install/champ_gazebo/share/champ_gazebo/local_setup.sh
[0.195s] -- Up-to-date: /home/hibiki/Robomech_HR/Eglantyne/simulation/install/champ_gazebo/share/champ_gazebo/local_setup.zsh
[0.195s] -- Up-to-date: /home/hibiki/Robomech_HR/Eglantyne/simulation/install/champ_gazebo/share/champ_gazebo/local_setup.dsv
[0.195s] -- Installing: /home/hibiki/Robomech_HR/Eglantyne/simulation/install/champ_gazebo/share/champ_gazebo/package.dsv
[0.195s] -- Up-to-date: /home/hibiki/Robomech_HR/Eglantyne/simulation/install/champ_gazebo/share/ament_index/resource_index/packages/champ_gazebo
[0.195s] -- Up-to-date: /home/hibiki/Robomech_HR/Eglantyne/simulation/install/champ_gazebo/share/champ_gazebo/cmake/ament_cmake_export_include_directories-extras.cmake
[0.196s] -- Up-to-date: /home/hibiki/Robomech_HR/Eglantyne/simulation/install/champ_gazebo/share/champ_gazebo/cmake/ament_cmake_export_dependencies-extras.cmake
[0.196s] -- Up-to-date: /home/hibiki/Robomech_HR/Eglantyne/simulation/install/champ_gazebo/share/champ_gazebo/cmake/champ_gazeboConfig.cmake
[0.196s] -- Up-to-date: /home/hibiki/Robomech_HR/Eglantyne/simulation/install/champ_gazebo/share/champ_gazebo/cmake/champ_gazeboConfig-version.cmake
[0.196s] -- Up-to-date: /home/hibiki/Robomech_HR/Eglantyne/simulation/install/champ_gazebo/share/champ_gazebo/package.xml
[0.201s] Invoked command in '/home/hibiki/Robomech_HR/Eglantyne/simulation/build/champ_gazebo' returned '0': AMENT_PREFIX_PATH=/home/hibiki/Robomech_HR/Eglantyne/simulation/install/champ_msgs:/home/hibiki/Robomech_HR/Eglantyne/simulation/install/champ:${AMENT_PREFIX_PATH} CMAKE_PREFIX_PATH=/home/hibiki/Robomech_HR/Eglantyne/simulation/install/champ_msgs:/opt/ros/humble:/home/hibiki/Robomech_HR/Eglantyne/simulation/install/champ LD_LIBRARY_PATH=/home/hibiki/Robomech_HR/Eglantyne/simulation/install/champ_msgs/lib:/opt/ros/humble/opt/rviz_ogre_vendor/lib:/opt/ros/humble/lib/x86_64-linux-gnu:/opt/ros/humble/lib:/usr/lib/x86_64-linux-gnu/gazebo-11/plugins PYTHONPATH=/home/hibiki/Robomech_HR/Eglantyne/simulation/install/champ_msgs/lib/python3.10/site-packages:${PYTHONPATH} /usr/bin/cmake --install /home/hibiki/Robomech_HR/Eglantyne/simulation/build/champ_gazebo
