[0.011s] Invoking command in '/home/hibiki/Robomech_HR/Eglantyne/simulation/build/simple_sim': CMAKE_PREFIX_PATH=/home/hibiki/Robomech_HR/Eglantyne/simulation/install/simple_sim:/home/hibiki/Robomech_HR/Eglantyne/simulation/install/ros2_control_demos:/home/hibiki/Robomech_HR/Eglantyne/simulation/install/ros2_control_demo_example_9:/home/hibiki/Robomech_HR/Eglantyne/simulation/install/ros2_control_demo_example_8:/home/hibiki/Robomech_HR/Eglantyne/simulation/install/ros2_control_demo_example_7:/home/hibiki/Robomech_HR/Eglantyne/simulation/install/ros2_control_demo_example_6:/home/hibiki/Robomech_HR/Eglantyne/simulation/install/ros2_control_demo_example_15:/home/hibiki/Robomech_HR/Eglantyne/simulation/install/ros2_control_demo_example_5:/home/hibiki/Robomech_HR/Eglantyne/simulation/install/ros2_control_demo_example_4:/home/hibiki/Robomech_HR/Eglantyne/simulation/install/ros2_control_demo_example_3:/home/hibiki/Robomech_HR/Eglantyne/simulation/install/ros2_control_demo_example_2:/home/hibiki/Robomech_HR/Eglantyne/simulation/install/ros2_control_demo_example_14:/home/hibiki/Robomech_HR/Eglantyne/simulation/install/ros2_control_demo_example_12:/home/hibiki/Robomech_HR/Eglantyne/simulation/install/ros2_control_demo_example_11:/home/hibiki/Robomech_HR/Eglantyne/simulation/install/ros2_control_demo_example_10:/home/hibiki/Robomech_HR/Eglantyne/simulation/install/ros2_control_demo_example_1:/home/hibiki/Robomech_HR/Eglantyne/simulation/install/ros2_control_demo_description:/home/hibiki/Robomech_HR/Eglantyne/simulation/install/gazebo_ros2_control_demos:/home/hibiki/Robomech_HR/Eglantyne/simulation/install/champ_teleop:/home/hibiki/Robomech_HR/Eglantyne/simulation/install/champ_navigation:/home/hibiki/Robomech_HR/Eglantyne/simulation/install/champ_gazebo:/home/hibiki/Robomech_HR/Eglantyne/simulation/install/champ_bringup:/home/hibiki/Robomech_HR/Eglantyne/simulation/install/champ_base:/home/hibiki/Robomech_HR/Eglantyne/simulation/install/champ_msgs:/home/hibiki/Robomech_HR/Eglantyne/simulation/install/champ_description:/home/hibiki/Robomech_HR/Eglantyne/simulation/install/champ_config:/home/hibiki/Robomech_HR/Eglantyne/simulation/install/ros2_control_demo_testing:/opt/ros/humble:/home/hibiki/Robomech_HR/Eglantyne/simulation/install/champ /usr/bin/cmake --build /home/hibiki/Robomech_HR/Eglantyne/simulation/build/simple_sim -- -j16 -l16
[0.052s] [ 11%] Built target zero_pub
[0.053s] [ 22%] Built target esp_control
[0.055s] [ 33%] Built target pub_test
[0.056s] [ 55%] Built target omuni_dir_walk
[0.057s] [ 77%] Built target walk_test
[0.057s] [ 88%] Built target squwad_esp
[0.060s] [ 94%] [32mBuilding CXX object CMakeFiles/pub_control.dir/simenv/controller/pub_control.cpp.o[0m
[1.446s] [01m[K/home/hibiki/Robomech_HR/Eglantyne/simulation/src/simple_sim/simenv/controller/pub_control.cpp:[m[K In member function ‘[01m[Kvoid PubControl::timer_callback()[m[K’:
[1.446s] [01m[K/home/hibiki/Robomech_HR/Eglantyne/simulation/src/simple_sim/simenv/controller/pub_control.cpp:40:58:[m[K [01;31m[Kerror: [m[Kno matching function for call to ‘[01m[Ktrajectory_msgs::msg::JointTrajectoryPoint_<std::allocator<void> >::JointTrajectoryPoint_(int)[m[K’
[1.446s]    40 |         trajectory_msgs::msg::JointTrajectoryPoint pos(18[01;31m[K)[m[K;
[1.446s]       |                                                          [01;31m[K^[m[K
[1.446s] In file included from [01m[K/opt/ros/humble/include/trajectory_msgs/trajectory_msgs/msg/detail/joint_trajectory__struct.hpp:22[m[K,
[1.446s]                  from [01m[K/opt/ros/humble/include/trajectory_msgs/trajectory_msgs/msg/joint_trajectory.hpp:7[m[K,
[1.446s]                  from [01m[K/home/hibiki/Robomech_HR/Eglantyne/simulation/src/simple_sim/simenv/controller/pub_control.cpp:7[m[K:
[1.446s] [01m[K/opt/ros/humble/include/trajectory_msgs/trajectory_msgs/msg/detail/joint_trajectory_point__struct.hpp:46:12:[m[K [01;36m[Knote: [m[Kcandidate: ‘[01m[Ktrajectory_msgs::msg::JointTrajectoryPoint_<ContainerAllocator>::JointTrajectoryPoint_(const ContainerAllocator&, rosidl_runtime_cpp::MessageInitialization) [with ContainerAllocator = std::allocator<void>][m[K’
[1.447s]    46 |   explicit [01;36m[KJointTrajectoryPoint_[m[K(const ContainerAllocator & _alloc, rosidl_runtime_cpp::MessageInitialization _init = rosidl_runtime_cpp::MessageInitialization::ALL)
[1.447s]       |            [01;36m[K^~~~~~~~~~~~~~~~~~~~~[m[K
[1.447s] [01m[K/opt/ros/humble/include/trajectory_msgs/trajectory_msgs/msg/detail/joint_trajectory_point__struct.hpp:46:61:[m[K [01;36m[Knote: [m[K  no known conversion for argument 1 from ‘[01m[Kint[m[K’ to ‘[01m[Kconst std::allocator<void>&[m[K’
[1.447s]    46 |   explicit JointTrajectoryPoint_([01;36m[Kconst ContainerAllocator & _alloc[m[K, rosidl_runtime_cpp::MessageInitialization _init = rosidl_runtime_cpp::MessageInitialization::ALL)
[1.447s]       |                                  [01;36m[K~~~~~~~~~~~~~~~~~~~~~~~~~~~^~~~~~[m[K
[1.447s] In file included from [01m[K/opt/ros/humble/include/trajectory_msgs/trajectory_msgs/msg/detail/joint_trajectory__struct.hpp:22[m[K,
[1.447s]                  from [01m[K/opt/ros/humble/include/trajectory_msgs/trajectory_msgs/msg/joint_trajectory.hpp:7[m[K,
[1.447s]                  from [01m[K/home/hibiki/Robomech_HR/Eglantyne/simulation/src/simple_sim/simenv/controller/pub_control.cpp:7[m[K:
[1.447s] [01m[K/opt/ros/humble/include/trajectory_msgs/trajectory_msgs/msg/detail/joint_trajectory_point__struct.hpp:40:12:[m[K [01;36m[Knote: [m[Kcandidate: ‘[01m[Ktrajectory_msgs::msg::JointTrajectoryPoint_<ContainerAllocator>::JointTrajectoryPoint_(rosidl_runtime_cpp::MessageInitialization) [with ContainerAllocator = std::allocator<void>][m[K’
[1.447s]    40 |   explicit [01;36m[KJointTrajectoryPoint_[m[K(rosidl_runtime_cpp::MessageInitialization _init = rosidl_runtime_cpp::MessageInitialization::ALL)
[1.447s]       |            [01;36m[K^~~~~~~~~~~~~~~~~~~~~[m[K
[1.447s] [01m[K/opt/ros/humble/include/trajectory_msgs/trajectory_msgs/msg/detail/joint_trajectory_point__struct.hpp:40:76:[m[K [01;36m[Knote: [m[K  no known conversion for argument 1 from ‘[01m[Kint[m[K’ to ‘[01m[Krosidl_runtime_cpp::MessageInitialization[m[K’
[1.447s]    40 | tTrajectoryPoint_([01;36m[Krosidl_runtime_cpp::MessageInitialization _init = rosidl_runtime_cpp::MessageInitialization::ALL[m[K)
[1.447s]       |                   [01;36m[K~~~~~~~~~~~~~~~~~~~~~~~~~~~~~~~~~~~~~~~~~~^~~~~~~~~~~~~~~~~~~~~~~~~~~~~~~~~~~~~~~~~~~~~~~~~~~~~~[m[K
[1.447s] 
[1.447s] [01m[K/opt/ros/humble/include/trajectory_msgs/trajectory_msgs/msg/detail/joint_trajectory_point__struct.hpp:36:8:[m[K [01;36m[Knote: [m[Kcandidate: ‘[01m[Ktrajectory_msgs::msg::JointTrajectoryPoint_<std::allocator<void> >::JointTrajectoryPoint_(const trajectory_msgs::msg::JointTrajectoryPoint_<std::allocator<void> >&)[m[K’
[1.447s]    36 | struct [01;36m[KJointTrajectoryPoint_[m[K
[1.448s]       |        [01;36m[K^~~~~~~~~~~~~~~~~~~~~[m[K
[1.448s] [01m[K/opt/ros/humble/include/trajectory_msgs/trajectory_msgs/msg/detail/joint_trajectory_point__struct.hpp:36:8:[m[K [01;36m[Knote: [m[K  no known conversion for argument 1 from ‘[01m[Kint[m[K’ to ‘[01m[Kconst trajectory_msgs::msg::JointTrajectoryPoint_<std::allocator<void> >&[m[K’
[1.448s] [01m[K/opt/ros/humble/include/trajectory_msgs/trajectory_msgs/msg/detail/joint_trajectory_point__struct.hpp:36:8:[m[K [01;36m[Knote: [m[Kcandidate: ‘[01m[Ktrajectory_msgs::msg::JointTrajectoryPoint_<std::allocator<void> >::JointTrajectoryPoint_(trajectory_msgs::msg::JointTrajectoryPoint_<std::allocator<void> >&&)[m[K’
[1.448s] [01m[K/opt/ros/humble/include/trajectory_msgs/trajectory_msgs/msg/detail/joint_trajectory_point__struct.hpp:36:8:[m[K [01;36m[Knote: [m[K  no known conversion for argument 1 from ‘[01m[Kint[m[K’ to ‘[01m[Ktrajectory_msgs::msg::JointTrajectoryPoint_<std::allocator<void> >&&[m[K’
[1.448s] [01m[K/home/hibiki/Robomech_HR/Eglantyne/simulation/src/simple_sim/simenv/controller/pub_control.cpp:42:16:[m[K [01;31m[Kerror: [m[Kno match for ‘[01m[Koperator[][m[K’ (operand types are ‘[01m[Ktrajectory_msgs::msg::JointTrajectoryPoint[m[K’ {aka ‘[01m[Ktrajectory_msgs::msg::JointTrajectoryPoint_<std::allocator<void> >[m[K’} and ‘[01m[Kint[m[K’)
[1.448s]    42 |             pos[01;31m[K[[m[Ki] = order[0][i];
[1.448s]       |                [01;31m[K^[m[K
[1.448s] [01m[K/home/hibiki/Robomech_HR/Eglantyne/simulation/src/simple_sim/simenv/controller/pub_control.cpp:42:30:[m[K [01;31m[Kerror: [m[Kno match for ‘[01m[Koperator[][m[K’ (operand types are ‘[01m[K__gnu_cxx::__alloc_traits<std::allocator<trajectory_msgs::msg::JointTrajectoryPoint_<std::allocator<void> > >, trajectory_msgs::msg::JointTrajectoryPoint_<std::allocator<void> > >::value_type[m[K’ {aka ‘[01m[Ktrajectory_msgs::msg::JointTrajectoryPoint_<std::allocator<void> >[m[K’} and ‘[01m[Kint[m[K’)
[1.448s]    42 |             pos[i] = order[0][01;31m[K[[m[Ki];
[1.448s]       |                              [01;31m[K^[m[K
[1.448s] [01m[K/home/hibiki/Robomech_HR/Eglantyne/simulation/src/simple_sim/simenv/controller/pub_control.cpp:44:38:[m[K [01;31m[Kerror: [m[Kno match for ‘[01m[Koperator[][m[K’ (operand types are ‘[01m[K__gnu_cxx::__alloc_traits<std::allocator<trajectory_msgs::msg::JointTrajectoryPoint_<std::allocator<void> > >, trajectory_msgs::msg::JointTrajectoryPoint_<std::allocator<void> > >::value_type[m[K’ {aka ‘[01m[Ktrajectory_msgs::msg::JointTrajectoryPoint_<std::allocator<void> >[m[K’} and ‘[01m[Kint[m[K’)
[1.448s]    44 |         double motion_trig = order[0][01;31m[K[[m[K18];
[1.448s]       |                                      [01;31m[K^[m[K
[3.073s] gmake[2]: *** [CMakeFiles/pub_control.dir/build.make:76: CMakeFiles/pub_control.dir/simenv/controller/pub_control.cpp.o] Error 1
[3.073s] gmake[1]: *** [CMakeFiles/Makefile2:149: CMakeFiles/pub_control.dir/all] Error 2
[3.073s] gmake: *** [Makefile:146: all] Error 2
[3.075s] Invoked command in '/home/hibiki/Robomech_HR/Eglantyne/simulation/build/simple_sim' returned '2': CMAKE_PREFIX_PATH=/home/hibiki/Robomech_HR/Eglantyne/simulation/install/simple_sim:/home/hibiki/Robomech_HR/Eglantyne/simulation/install/ros2_control_demos:/home/hibiki/Robomech_HR/Eglantyne/simulation/install/ros2_control_demo_example_9:/home/hibiki/Robomech_HR/Eglantyne/simulation/install/ros2_control_demo_example_8:/home/hibiki/Robomech_HR/Eglantyne/simulation/install/ros2_control_demo_example_7:/home/hibiki/Robomech_HR/Eglantyne/simulation/install/ros2_control_demo_example_6:/home/hibiki/Robomech_HR/Eglantyne/simulation/install/ros2_control_demo_example_15:/home/hibiki/Robomech_HR/Eglantyne/simulation/install/ros2_control_demo_example_5:/home/hibiki/Robomech_HR/Eglantyne/simulation/install/ros2_control_demo_example_4:/home/hibiki/Robomech_HR/Eglantyne/simulation/install/ros2_control_demo_example_3:/home/hibiki/Robomech_HR/Eglantyne/simulation/install/ros2_control_demo_example_2:/home/hibiki/Robomech_HR/Eglantyne/simulation/install/ros2_control_demo_example_14:/home/hibiki/Robomech_HR/Eglantyne/simulation/install/ros2_control_demo_example_12:/home/hibiki/Robomech_HR/Eglantyne/simulation/install/ros2_control_demo_example_11:/home/hibiki/Robomech_HR/Eglantyne/simulation/install/ros2_control_demo_example_10:/home/hibiki/Robomech_HR/Eglantyne/simulation/install/ros2_control_demo_example_1:/home/hibiki/Robomech_HR/Eglantyne/simulation/install/ros2_control_demo_description:/home/hibiki/Robomech_HR/Eglantyne/simulation/install/gazebo_ros2_control_demos:/home/hibiki/Robomech_HR/Eglantyne/simulation/install/champ_teleop:/home/hibiki/Robomech_HR/Eglantyne/simulation/install/champ_navigation:/home/hibiki/Robomech_HR/Eglantyne/simulation/install/champ_gazebo:/home/hibiki/Robomech_HR/Eglantyne/simulation/install/champ_bringup:/home/hibiki/Robomech_HR/Eglantyne/simulation/install/champ_base:/home/hibiki/Robomech_HR/Eglantyne/simulation/install/champ_msgs:/home/hibiki/Robomech_HR/Eglantyne/simulation/install/champ_description:/home/hibiki/Robomech_HR/Eglantyne/simulation/install/champ_config:/home/hibiki/Robomech_HR/Eglantyne/simulation/install/ros2_control_demo_testing:/opt/ros/humble:/home/hibiki/Robomech_HR/Eglantyne/simulation/install/champ /usr/bin/cmake --build /home/hibiki/Robomech_HR/Eglantyne/simulation/build/simple_sim -- -j16 -l16
