-- Found ament_cmake: 1.3.10 (/opt/ros/humble/share/ament_cmake/cmake)
-- Found control_msgs: 4.6.0 (/opt/ros/humble/share/control_msgs/cmake)
-- Found rosidl_generator_c: 3.1.5 (/opt/ros/humble/share/rosidl_generator_c/cmake)
-- Found rosidl_adapter: 3.1.5 (/opt/ros/humble/share/rosidl_adapter/cmake)
-- Found rosidl_generator_cpp: 3.1.5 (/opt/ros/humble/share/rosidl_generator_cpp/cmake)
-- Using all available rosidl_typesupport_c: rosidl_typesupport_fastrtps_c;rosidl_typesupport_introspection_c
-- Using all available rosidl_typesupport_cpp: rosidl_typesupport_fastrtps_cpp;rosidl_typesupport_introspection_cpp
-- Found rclcpp: 16.0.10 (/opt/ros/humble/share/rclcpp/cmake)
-- Found rmw_implementation_cmake: 6.1.2 (/opt/ros/humble/share/rmw_implementation_cmake/cmake)
-- Found rmw_fastrtps_cpp: 6.2.7 (/opt/ros/humble/share/rmw_fastrtps_cpp/cmake)
-- Using RMW implementation 'rmw_fastrtps_cpp' as default
-- Found rclcpp_action: 16.0.10 (/opt/ros/humble/share/rclcpp_action/cmake)
-- Found rosidl_default_generators: 1.2.0 (/opt/ros/humble/share/rosidl_default_generators/cmake)
-- Found ament_lint_auto: 0.12.11 (/opt/ros/humble/share/ament_lint_auto/cmake)
-- Added test 'cppcheck' to perform static code analysis on C / C++ code
-- Configured cppcheck include dirs: 
-- Configured cppcheck exclude dirs and/or files: 
-- Added test 'flake8' to check Python code syntax and style conventions
-- Added test 'lint_cmake' to check CMake code style
-- Added test 'pep257' to check Python code against some of the docstring style conventions in PEP 257
-- Added test 'uncrustify' to check C / C++ code style
-- Configured uncrustify additional arguments: 
-- Added test 'xmllint' to check XML markup files
-- Configuring done
-- Generating done
-- Build files have been written to: /home/hibiki/Robomech_HR/Eglantyne/simulation/build/simple_sim
[ 12%] [32mBuilding CXX object CMakeFiles/walk_test.dir/src/test/walk_test.cpp.o[0m
[ 37%] Built target zero_pub
[ 62%] Built target pub_control
[ 87%] Built target pub_test
[01m[K/home/hibiki/Robomech_HR/Eglantyne/simulation/src/simple_sim/src/test/walk_test.cpp:69:41:[m[K [01;31m[Kerror: [m[K‘[01m[Kstring[m[K’ is not a member of ‘[01m[Kstd_msgs::msg[m[K’; did you mean ‘[01m[KString[m[K’?
   69 |     rclcpp::Subscription<std_msgs::msg::[01;31m[Kstring[m[K>::SharedPtr sub_trig_;
      |                                         [01;31m[K^~~~~~[m[K
      |                                         [32m[KString[m[K
[01m[K/home/hibiki/Robomech_HR/Eglantyne/simulation/src/simple_sim/src/test/walk_test.cpp:69:47:[m[K [01;31m[Kerror: [m[Ktemplate argument 1 is invalid
   69 |     rclcpp::Subscription<std_msgs::msg::string[01;31m[K>[m[K::SharedPtr sub_trig_;
      |                                               [01;31m[K^[m[K
[01m[K/home/hibiki/Robomech_HR/Eglantyne/simulation/src/simple_sim/src/test/walk_test.cpp:69:47:[m[K [01;31m[Kerror: [m[Ktemplate argument 3 is invalid
[01m[K/home/hibiki/Robomech_HR/Eglantyne/simulation/src/simple_sim/src/test/walk_test.cpp:69:47:[m[K [01;31m[Kerror: [m[Ktemplate argument 4 is invalid
[01m[K/home/hibiki/Robomech_HR/Eglantyne/simulation/src/simple_sim/src/test/walk_test.cpp:69:47:[m[K [01;31m[Kerror: [m[Ktemplate argument 5 is invalid
[01m[K/home/hibiki/Robomech_HR/Eglantyne/simulation/src/simple_sim/src/test/walk_test.cpp:69:50:[m[K [01;31m[Kerror: [m[Kexpected ‘[01m[K;[m[K’ at end of member declaration
   69 |     rclcpp::Subscription<std_msgs::msg::string>::[01;31m[KSharedPtr[m[K sub_trig_;
      |                                                  [01;31m[K^~~~~~~~~[m[K
      |                                                           [32m[K;[m[K
[01m[K/home/hibiki/Robomech_HR/Eglantyne/simulation/src/simple_sim/src/test/walk_test.cpp:69:60:[m[K [01;31m[Kerror: [m[K‘[01m[Ksub_trig_[m[K’ does not name a type
   69 |     rclcpp::Subscription<std_msgs::msg::string>::SharedPtr [01;31m[Ksub_trig_[m[K;
      |                                                            [01;31m[K^~~~~~~~~[m[K
[01m[K/home/hibiki/Robomech_HR/Eglantyne/simulation/src/simple_sim/src/test/walk_test.cpp:[m[K In constructor ‘[01m[KWalkTest::WalkTest()[m[K’:
[01m[K/home/hibiki/Robomech_HR/Eglantyne/simulation/src/simple_sim/src/test/walk_test.cpp:21:51:[m[K [01;31m[Kerror: [m[K‘[01m[Ktrajectory[m[K’ was not declared in this scope; did you mean ‘[01m[Ktrajectory_msgs[m[K’?
   21 |         pub_motion_list_ = this->create_publisher<[01;31m[Ktrajectory[m[K::msg::JointTrajectory("/motion_list_command", 10);
      |                                                   [01;31m[K^~~~~~~~~~[m[K
      |                                                   [32m[Ktrajectory_msgs[m[K
[01m[K/home/hibiki/Robomech_HR/Eglantyne/simulation/src/simple_sim/src/test/walk_test.cpp:21:34:[m[K [01;31m[Kerror: [m[Kparse error in template argument list
   21 |         pub_motion_list_ = this->[01;31m[Kcreate_publisher<trajectory::msg::JointTrajectory("/motion_list_command", 10)[m[K;
      |                                  [01;31m[K^~~~~~~~~~~~~~~~~~~~~~~~~~~~~~~~~~~~~~~~~~~~~~~~~~~~~~~~~~~~~~~~~~~~~~~~~~~~~[m[K
[01m[K/home/hibiki/Robomech_HR/Eglantyne/simulation/src/simple_sim/src/test/walk_test.cpp:21:34:[m[K [01;31m[Kerror: [m[Kno match for ‘[01m[Koperator=[m[K’ (operand types are ‘[01m[Krclcpp::Publisher<trajectory_msgs::msg::JointTrajectory_<std::allocator<void> > >::SharedPtr[m[K’ {aka ‘[01m[Kstd::shared_ptr<rclcpp::Publisher<trajectory_msgs::msg::JointTrajectory_<std::allocator<void> > > >[m[K’} and ‘[01m[K<unresolved overloaded function type>[m[K’)
In file included from [01m[K/usr/include/c++/11/memory:77[m[K,
                 from [01m[K/home/hibiki/Robomech_HR/Eglantyne/simulation/src/simple_sim/src/test/walk_test.cpp:3[m[K:
[01m[K/usr/include/c++/11/bits/shared_ptr.h:363:9:[m[K [01;36m[Knote: [m[Kcandidate: ‘[01m[Ktemplate<class _Yp> std::shared_ptr<_Tp>::_Assignable<const std::shared_ptr<_Yp>&> std::shared_ptr<_Tp>::operator=(const std::shared_ptr<_Yp>&) [with _Yp = _Yp; _Tp = rclcpp::Publisher<trajectory_msgs::msg::JointTrajectory_<std::allocator<void> > >][m[K’
  363 |         [01;36m[Koperator[m[K=(const shared_ptr<_Yp>& __r) noexcept
      |         [01;36m[K^~~~~~~~[m[K
[01m[K/usr/include/c++/11/bits/shared_ptr.h:363:9:[m[K [01;36m[Knote: [m[K  template argument deduction/substitution failed:
[01m[K/home/hibiki/Robomech_HR/Eglantyne/simulation/src/simple_sim/src/test/walk_test.cpp:21:34:[m[K [01;36m[Knote: [m[K  couldn’t deduce template parameter ‘[01m[K_Yp[m[K’
   21 |         pub_motion_list_ = this->[01;36m[Kcreate_publisher<trajectory::msg::JointTrajectory("/motion_list_command", 10)[m[K;
      |                                  [01;36m[K^~~~~~~~~~~~~~~~~~~~~~~~~~~~~~~~~~~~~~~~~~~~~~~~~~~~~~~~~~~~~~~~~~~~~~~~~~~~~[m[K
In file included from [01m[K/usr/include/c++/11/memory:77[m[K,
                 from [01m[K/home/hibiki/Robomech_HR/Eglantyne/simulation/src/simple_sim/src/test/walk_test.cpp:3[m[K:
[01m[K/usr/include/c++/11/bits/shared_ptr.h:374:9:[m[K [01;36m[Knote: [m[Kcandidate: ‘[01m[Ktemplate<class _Yp> std::shared_ptr<_Tp>::_Assignable<std::auto_ptr<_Up> > std::shared_ptr<_Tp>::operator=(std::auto_ptr<_Up>&&) [with _Yp = _Yp; _Tp = rclcpp::Publisher<trajectory_msgs::msg::JointTrajectory_<std::allocator<void> > >][m[K’
  374 |         [01;36m[Koperator[m[K=(auto_ptr<_Yp>&& __r)
      |         [01;36m[K^~~~~~~~[m[K
[01m[K/usr/include/c++/11/bits/shared_ptr.h:374:9:[m[K [01;36m[Knote: [m[K  template argument deduction/substitution failed:
[01m[K/home/hibiki/Robomech_HR/Eglantyne/simulation/src/simple_sim/src/test/walk_test.cpp:21:34:[m[K [01;36m[Knote: [m[K  couldn’t deduce template parameter ‘[01m[K_Yp[m[K’
   21 |         pub_motion_list_ = this->[01;36m[Kcreate_publisher<trajectory::msg::JointTrajectory("/motion_list_command", 10)[m[K;
      |                                  [01;36m[K^~~~~~~~~~~~~~~~~~~~~~~~~~~~~~~~~~~~~~~~~~~~~~~~~~~~~~~~~~~~~~~~~~~~~~~~~~~~~[m[K
In file included from [01m[K/usr/include/c++/11/memory:77[m[K,
                 from [01m[K/home/hibiki/Robomech_HR/Eglantyne/simulation/src/simple_sim/src/test/walk_test.cpp:3[m[K:
[01m[K/usr/include/c++/11/bits/shared_ptr.h:391:9:[m[K [01;36m[Knote: [m[Kcandidate: ‘[01m[Ktemplate<class _Yp> std::shared_ptr<_Tp>::_Assignable<std::shared_ptr<_Yp> > std::shared_ptr<_Tp>::operator=(std::shared_ptr<_Yp>&&) [with _Yp = _Yp; _Tp = rclcpp::Publisher<trajectory_msgs::msg::JointTrajectory_<std::allocator<void> > >][m[K’
  391 |         [01;36m[Koperator[m[K=(shared_ptr<_Yp>&& __r) noexcept
      |         [01;36m[K^~~~~~~~[m[K
[01m[K/usr/include/c++/11/bits/shared_ptr.h:391:9:[m[K [01;36m[Knote: [m[K  template argument deduction/substitution failed:
[01m[K/home/hibiki/Robomech_HR/Eglantyne/simulation/src/simple_sim/src/test/walk_test.cpp:21:34:[m[K [01;36m[Knote: [m[K  couldn’t deduce template parameter ‘[01m[K_Yp[m[K’
   21 |         pub_motion_list_ = this->[01;36m[Kcreate_publisher<trajectory::msg::JointTrajectory("/motion_list_command", 10)[m[K;
      |                                  [01;36m[K^~~~~~~~~~~~~~~~~~~~~~~~~~~~~~~~~~~~~~~~~~~~~~~~~~~~~~~~~~~~~~~~~~~~~~~~~~~~~[m[K
In file included from [01m[K/usr/include/c++/11/memory:77[m[K,
                 from [01m[K/home/hibiki/Robomech_HR/Eglantyne/simulation/src/simple_sim/src/test/walk_test.cpp:3[m[K:
[01m[K/usr/include/c++/11/bits/shared_ptr.h:399:9:[m[K [01;36m[Knote: [m[Kcandidate: ‘[01m[Ktemplate<class _Yp, class _Del> std::shared_ptr<_Tp>::_Assignable<std::unique_ptr<_Up, _Ep> > std::shared_ptr<_Tp>::operator=(std::unique_ptr<_Up, _Ep>&&) [with _Yp = _Yp; _Del = _Del; _Tp = rclcpp::Publisher<trajectory_msgs::msg::JointTrajectory_<std::allocator<void> > >][m[K’
  399 |         [01;36m[Koperator[m[K=(unique_ptr<_Yp, _Del>&& __r)
      |         [01;36m[K^~~~~~~~[m[K
[01m[K/usr/include/c++/11/bits/shared_ptr.h:399:9:[m[K [01;36m[Knote: [m[K  template argument deduction/substitution failed:
[01m[K/home/hibiki/Robomech_HR/Eglantyne/simulation/src/simple_sim/src/test/walk_test.cpp:21:34:[m[K [01;36m[Knote: [m[K  couldn’t deduce template parameter ‘[01m[K_Yp[m[K’
   21 |         pub_motion_list_ = this->[01;36m[Kcreate_publisher<trajectory::msg::JointTrajectory("/motion_list_command", 10)[m[K;
      |                                  [01;36m[K^~~~~~~~~~~~~~~~~~~~~~~~~~~~~~~~~~~~~~~~~~~~~~~~~~~~~~~~~~~~~~~~~~~~~~~~~~~~~[m[K
In file included from [01m[K/usr/include/c++/11/memory:77[m[K,
                 from [01m[K/home/hibiki/Robomech_HR/Eglantyne/simulation/src/simple_sim/src/test/walk_test.cpp:3[m[K:
[01m[K/usr/include/c++/11/bits/shared_ptr.h:359:19:[m[K [01;36m[Knote: [m[Kcandidate: ‘[01m[Kstd::shared_ptr<_Tp>& std::shared_ptr<_Tp>::operator=(const std::shared_ptr<_Tp>&) [with _Tp = rclcpp::Publisher<trajectory_msgs::msg::JointTrajectory_<std::allocator<void> > >][m[K’
  359 |       shared_ptr& [01;36m[Koperator[m[K=(const shared_ptr&) noexcept = default;
      |                   [01;36m[K^~~~~~~~[m[K
[01m[K/usr/include/c++/11/bits/shared_ptr.h:359:29:[m[K [01;36m[Knote: [m[K  no known conversion for argument 1 from ‘[01m[K<unresolved overloaded function type>[m[K’ to ‘[01m[Kconst std::shared_ptr<rclcpp::Publisher<trajectory_msgs::msg::JointTrajectory_<std::allocator<void> > > >&[m[K’
  359 |       shared_ptr& operator=([01;36m[Kconst shared_ptr&[m[K) noexcept = default;
      |                             [01;36m[K^~~~~~~~~~~~~~~~~[m[K
[01m[K/usr/include/c++/11/bits/shared_ptr.h:383:7:[m[K [01;36m[Knote: [m[Kcandidate: ‘[01m[Kstd::shared_ptr<_Tp>& std::shared_ptr<_Tp>::operator=(std::shared_ptr<_Tp>&&) [with _Tp = rclcpp::Publisher<trajectory_msgs::msg::JointTrajectory_<std::allocator<void> > >][m[K’
  383 |       [01;36m[Koperator[m[K=(shared_ptr&& __r) noexcept
      |       [01;36m[K^~~~~~~~[m[K
[01m[K/usr/include/c++/11/bits/shared_ptr.h:383:30:[m[K [01;36m[Knote: [m[K  no known conversion for argument 1 from ‘[01m[K<unresolved overloaded function type>[m[K’ to ‘[01m[Kstd::shared_ptr<rclcpp::Publisher<trajectory_msgs::msg::JointTrajectory_<std::allocator<void> > > >&&[m[K’
  383 |       operator=([01;36m[Kshared_ptr&& __r[m[K) noexcept
      |                 [01;36m[K~~~~~~~~~~~~~^~~[m[K
[01m[K/home/hibiki/Robomech_HR/Eglantyne/simulation/src/simple_sim/src/test/walk_test.cpp:22:9:[m[K [01;31m[Kerror: [m[K‘[01m[Ksub_trig_[m[K’ was not declared in this scope
   22 |         [01;31m[Ksub_trig_[m[K = his->create_subscription<std_msgs::msg::J>(
      |         [01;31m[K^~~~~~~~~[m[K
[01m[K/home/hibiki/Robomech_HR/Eglantyne/simulation/src/simple_sim/src/test/walk_test.cpp:22:21:[m[K [01;31m[Kerror: [m[K‘[01m[Khis[m[K’ was not declared in this scope; did you mean ‘[01m[Kthis[m[K’?
   22 |         sub_trig_ = [01;31m[Khis[m[K->create_subscription<std_msgs::msg::J>(
      |                     [01;31m[K^~~[m[K
      |                     [32m[Kthis[m[K
[01m[K/home/hibiki/Robomech_HR/Eglantyne/simulation/src/simple_sim/src/test/walk_test.cpp:22:61:[m[K [01;31m[Kerror: [m[K‘[01m[KJ[m[K’ is not a member of ‘[01m[Kstd_msgs::msg[m[K’
   22 |         sub_trig_ = his->create_subscription<std_msgs::msg::[01;31m[KJ[m[K>(
      |                                                             [01;31m[K^[m[K
[01m[K/home/hibiki/Robomech_HR/Eglantyne/simulation/src/simple_sim/src/test/walk_test.cpp:23:13:[m[K [01;35m[Kwarning: [m[Kleft operand of comma operator has no effect [[01;35m[K]8;;https://gcc.gnu.org/onlinedocs/gcc/Warning-Options.html#index-Wunused-value-Wunused-value]8;;[m[K]
   23 |             [01;35m[K"/motion_trigger"[m[K, 10, std::bind(&PubControl::pub_walk_trajectory, this, _1));
      |             [01;35m[K^~~~~~~~~~~~~~~~~[m[K
[01m[K/home/hibiki/Robomech_HR/Eglantyne/simulation/src/simple_sim/src/test/walk_test.cpp:23:47:[m[K [01;31m[Kerror: [m[K‘[01m[KPubControl[m[K’ has not been declared
   23 |             "/motion_trigger", 10, std::bind(&[01;31m[KPubControl[m[K::pub_walk_trajectory, this, _1));
      |                                               [01;31m[K^~~~~~~~~~[m[K
[01m[K/home/hibiki/Robomech_HR/Eglantyne/simulation/src/simple_sim/src/test/walk_test.cpp:[m[K In member function ‘[01m[Kvoid WalkTest::pub_walk_trajectory(std_msgs::msg::String) const[m[K’:
[01m[K/home/hibiki/Robomech_HR/Eglantyne/simulation/src/simple_sim/src/test/walk_test.cpp:29:46:[m[K [01;31m[Kerror: [m[Kbreak statement not within loop or switch
   29 |             if (motion_trig != "walk_trig"){ [01;31m[Kbreak[m[K; }
      |                                              [01;31m[K^~~~~[m[K
[01m[K/home/hibiki/Robomech_HR/Eglantyne/simulation/src/simple_sim/src/test/walk_test.cpp:62:35:[m[K [01;31m[Kerror: [m[K‘[01m[Kstd::vector<trajectory_msgs::msg::JointTrajectoryPoint_<std::allocator<void> >, std::allocator<trajectory_msgs::msg::JointTrajectoryPoint_<std::allocator<void> > > >::iterator[m[K’ has no member named ‘[01m[Kpush_back[m[K’
   62 |             motion.points.begin().[01;31m[Kpush_back[m[K(WALK_TRIG);
      |                                   [01;31m[K^~~~~~~~~[m[K
[01m[K/home/hibiki/Robomech_HR/Eglantyne/simulation/src/simple_sim/src/test/walk_test.cpp:[m[K In function ‘[01m[Kint main(int, char**)[m[K’:
[01m[K/home/hibiki/Robomech_HR/Eglantyne/simulation/src/simple_sim/src/test/walk_test.cpp:75:35:[m[K [01;31m[Kerror: [m[K‘[01m[KPubControl[m[K’ was not declared in this scope
   75 |     rclcpp::spin(std::make_shared<[01;31m[KPubControl[m[K>());
      |                                   [01;31m[K^~~~~~~~~~[m[K
[01m[K/home/hibiki/Robomech_HR/Eglantyne/simulation/src/simple_sim/src/test/walk_test.cpp:75:46:[m[K [01;31m[Kerror: [m[Kno matching function for call to ‘[01m[Kmake_shared<<expression error> >()[m[K’
   75 |     rclcpp::spin([01;31m[Kstd::make_shared<PubControl>()[m[K);
      |                  [01;31m[K~~~~~~~~~~~~~~~~~~~~~~~~~~~~^~[m[K
In file included from [01m[K/usr/include/c++/11/memory:77[m[K,
                 from [01m[K/home/hibiki/Robomech_HR/Eglantyne/simulation/src/simple_sim/src/test/walk_test.cpp:3[m[K:
[01m[K/usr/include/c++/11/bits/shared_ptr.h:875:5:[m[K [01;36m[Knote: [m[Kcandidate: ‘[01m[Ktemplate<class _Tp, class ... _Args> std::shared_ptr<_Tp> std::make_shared(_Args&& ...)[m[K’
  875 |     [01;36m[Kmake_shared[m[K(_Args&&... __args)
      |     [01;36m[K^~~~~~~~~~~[m[K
[01m[K/usr/include/c++/11/bits/shared_ptr.h:875:5:[m[K [01;36m[Knote: [m[K  template argument deduction/substitution failed:
[01m[K/home/hibiki/Robomech_HR/Eglantyne/simulation/src/simple_sim/src/test/walk_test.cpp:75:46:[m[K [01;31m[Kerror: [m[Ktemplate argument 1 is invalid
   75 |     rclcpp::spin([01;31m[Kstd::make_shared<PubControl>()[m[K);
      |                  [01;31m[K~~~~~~~~~~~~~~~~~~~~~~~~~~~~^~[m[K
gmake[2]: *** [CMakeFiles/walk_test.dir/build.make:76: CMakeFiles/walk_test.dir/src/test/walk_test.cpp.o] Error 1
gmake[1]: *** [CMakeFiles/Makefile2:221: CMakeFiles/walk_test.dir/all] Error 2
gmake: *** [Makefile:146: all] Error 2
